Archive member included to satisfy reference by file (symbol)

c:/st/stm32cubeide_1.5.0/stm32cubeide/plugins/com.st.stm32cube.ide.mcu.externaltools.gnu-tools-for-stm32.9-2020-q2-update.win32_2.0.0.202105311346/tools/bin/../lib/gcc/arm-none-eabi/9.3.1/../../../../arm-none-eabi/lib/thumb/v7e-m+fp/hard\libc_nano.a(lib_a-errno.o)
                              ./Core/Src/syscalls.o (__errno)
c:/st/stm32cubeide_1.5.0/stm32cubeide/plugins/com.st.stm32cube.ide.mcu.externaltools.gnu-tools-for-stm32.9-2020-q2-update.win32_2.0.0.202105311346/tools/bin/../lib/gcc/arm-none-eabi/9.3.1/../../../../arm-none-eabi/lib/thumb/v7e-m+fp/hard\libc_nano.a(lib_a-exit.o)
                              c:/st/stm32cubeide_1.5.0/stm32cubeide/plugins/com.st.stm32cube.ide.mcu.externaltools.gnu-tools-for-stm32.9-2020-q2-update.win32_2.0.0.202105311346/tools/bin/../lib/gcc/arm-none-eabi/9.3.1/../../../../arm-none-eabi/lib/thumb/v7e-m+fp/hard/crt0.o (exit)
c:/st/stm32cubeide_1.5.0/stm32cubeide/plugins/com.st.stm32cube.ide.mcu.externaltools.gnu-tools-for-stm32.9-2020-q2-update.win32_2.0.0.202105311346/tools/bin/../lib/gcc/arm-none-eabi/9.3.1/../../../../arm-none-eabi/lib/thumb/v7e-m+fp/hard\libc_nano.a(lib_a-impure.o)
                              c:/st/stm32cubeide_1.5.0/stm32cubeide/plugins/com.st.stm32cube.ide.mcu.externaltools.gnu-tools-for-stm32.9-2020-q2-update.win32_2.0.0.202105311346/tools/bin/../lib/gcc/arm-none-eabi/9.3.1/../../../../arm-none-eabi/lib/thumb/v7e-m+fp/hard\libc_nano.a(lib_a-exit.o) (_global_impure_ptr)
c:/st/stm32cubeide_1.5.0/stm32cubeide/plugins/com.st.stm32cube.ide.mcu.externaltools.gnu-tools-for-stm32.9-2020-q2-update.win32_2.0.0.202105311346/tools/bin/../lib/gcc/arm-none-eabi/9.3.1/../../../../arm-none-eabi/lib/thumb/v7e-m+fp/hard\libc_nano.a(lib_a-init.o)
                              c:/st/stm32cubeide_1.5.0/stm32cubeide/plugins/com.st.stm32cube.ide.mcu.externaltools.gnu-tools-for-stm32.9-2020-q2-update.win32_2.0.0.202105311346/tools/bin/../lib/gcc/arm-none-eabi/9.3.1/../../../../arm-none-eabi/lib/thumb/v7e-m+fp/hard/crt0.o (__libc_init_array)
c:/st/stm32cubeide_1.5.0/stm32cubeide/plugins/com.st.stm32cube.ide.mcu.externaltools.gnu-tools-for-stm32.9-2020-q2-update.win32_2.0.0.202105311346/tools/bin/../lib/gcc/arm-none-eabi/9.3.1/../../../../arm-none-eabi/lib/thumb/v7e-m+fp/hard\libc_nano.a(lib_a-memset.o)
                              c:/st/stm32cubeide_1.5.0/stm32cubeide/plugins/com.st.stm32cube.ide.mcu.externaltools.gnu-tools-for-stm32.9-2020-q2-update.win32_2.0.0.202105311346/tools/bin/../lib/gcc/arm-none-eabi/9.3.1/../../../../arm-none-eabi/lib/thumb/v7e-m+fp/hard/crt0.o (memset)
c:/st/stm32cubeide_1.5.0/stm32cubeide/plugins/com.st.stm32cube.ide.mcu.externaltools.gnu-tools-for-stm32.9-2020-q2-update.win32_2.0.0.202105311346/tools/bin/../lib/gcc/arm-none-eabi/9.3.1/thumb/v7e-m+fp/hard\libgcc.a(_aeabi_uldivmod.o)
                              ./Drivers/STM32F4xx_HAL_Driver/Src/stm32f4xx_hal_rcc.o (__aeabi_uldivmod)
c:/st/stm32cubeide_1.5.0/stm32cubeide/plugins/com.st.stm32cube.ide.mcu.externaltools.gnu-tools-for-stm32.9-2020-q2-update.win32_2.0.0.202105311346/tools/bin/../lib/gcc/arm-none-eabi/9.3.1/thumb/v7e-m+fp/hard\libgcc.a(_udivmoddi4.o)
                              c:/st/stm32cubeide_1.5.0/stm32cubeide/plugins/com.st.stm32cube.ide.mcu.externaltools.gnu-tools-for-stm32.9-2020-q2-update.win32_2.0.0.202105311346/tools/bin/../lib/gcc/arm-none-eabi/9.3.1/thumb/v7e-m+fp/hard\libgcc.a(_aeabi_uldivmod.o) (__udivmoddi4)
c:/st/stm32cubeide_1.5.0/stm32cubeide/plugins/com.st.stm32cube.ide.mcu.externaltools.gnu-tools-for-stm32.9-2020-q2-update.win32_2.0.0.202105311346/tools/bin/../lib/gcc/arm-none-eabi/9.3.1/thumb/v7e-m+fp/hard\libgcc.a(_dvmd_tls.o)
                              c:/st/stm32cubeide_1.5.0/stm32cubeide/plugins/com.st.stm32cube.ide.mcu.externaltools.gnu-tools-for-stm32.9-2020-q2-update.win32_2.0.0.202105311346/tools/bin/../lib/gcc/arm-none-eabi/9.3.1/thumb/v7e-m+fp/hard\libgcc.a(_aeabi_uldivmod.o) (__aeabi_ldiv0)

Allocating common symbols
Common symbol       size              file

hUsbDeviceFS        0x2d0             ./USB_DEVICE/App/usb_device.o
hpcd_USB_OTG_FS     0x408             ./USB_DEVICE/Target/usbd_conf.o
uwTick              0x4               ./Drivers/STM32F4xx_HAL_Driver/Src/stm32f4xx_hal.o
pFlash              0x20              ./Drivers/STM32F4xx_HAL_Driver/Src/stm32f4xx_hal_flash.o
USBD_StrDesc        0x200             ./USB_DEVICE/App/usbd_desc.o

Discarded input sections

 .text          0x0000000000000000        0x0 c:/st/stm32cubeide_1.5.0/stm32cubeide/plugins/com.st.stm32cube.ide.mcu.externaltools.gnu-tools-for-stm32.9-2020-q2-update.win32_2.0.0.202105311346/tools/bin/../lib/gcc/arm-none-eabi/9.3.1/thumb/v7e-m+fp/hard/crti.o
 .data          0x0000000000000000        0x0 c:/st/stm32cubeide_1.5.0/stm32cubeide/plugins/com.st.stm32cube.ide.mcu.externaltools.gnu-tools-for-stm32.9-2020-q2-update.win32_2.0.0.202105311346/tools/bin/../lib/gcc/arm-none-eabi/9.3.1/thumb/v7e-m+fp/hard/crti.o
[...]
Memory Configuration

Name             Origin             Length             Attributes
CCMRAM           0x0000000010000000 0x0000000000010000 xrw
RAM              0x0000000020000000 0x0000000000020000 xrw
FLASH            0x0000000008000000 0x0000000000100000 xr
*default*        0x0000000000000000 0xffffffffffffffff

Linker script and memory map

LOAD c:/st/stm32cubeide_1.5.0/stm32cubeide/plugins/com.st.stm32cube.ide.mcu.externaltools.gnu-tools-for-stm32.9-2020-q2-update.win32_2.0.0.202105311346/tools/bin/../lib/gcc/arm-none-eabi/9.3.1/thumb/v7e-m+fp/hard/crti.o
LOAD c:/st/stm32cubeide_1.5.0/stm32cubeide/plugins/com.st.stm32cube.ide.mcu.externaltools.gnu-tools-for-stm32.9-2020-q2-update.win32_2.0.0.202105311346/tools/bin/../lib/gcc/arm-none-eabi/9.3.1/thumb/v7e-m+fp/hard/crtbegin.o
LOAD c:/st/stm32cubeide_1.5.0/stm32cubeide/plugins/com.st.stm32cube.ide.mcu.externaltools.gnu-tools-for-stm32.9-2020-q2-update.win32_2.0.0.202105311346/tools/bin/../lib/gcc/arm-none-eabi/9.3.1/../../../../arm-none-eabi/lib/thumb/v7e-m+fp/hard/crt0.o
LOAD ./Core/Src/main.o
LOAD ./Core/Src/stm32f4xx_hal_msp.o
LOAD ./Core/Src/stm32f4xx_it.o
LOAD ./Core/Src/syscalls.o
LOAD ./Core/Src/sysmem.o
LOAD ./Core/Src/system_stm32f4xx.o
LOAD ./Core/Startup/startup_stm32f407vgtx.o
LOAD ./Drivers/STM32F4xx_HAL_Driver/Src/stm32f4xx_hal.o
LOAD ./Drivers/STM32F4xx_HAL_Driver/Src/stm32f4xx_hal_cortex.o
LOAD ./Drivers/STM32F4xx_HAL_Driver/Src/stm32f4xx_hal_dma.o
LOAD ./Drivers/STM32F4xx_HAL_Driver/Src/stm32f4xx_hal_dma_ex.o
LOAD ./Drivers/STM32F4xx_HAL_Driver/Src/stm32f4xx_hal_exti.o
LOAD ./Drivers/STM32F4xx_HAL_Driver/Src/stm32f4xx_hal_flash.o
LOAD ./Drivers/STM32F4xx_HAL_Driver/Src/stm32f4xx_hal_flash_ex.o
LOAD ./Drivers/STM32F4xx_HAL_Driver/Src/stm32f4xx_hal_flash_ramfunc.o
LOAD ./Drivers/STM32F4xx_HAL_Driver/Src/stm32f4xx_hal_gpio.o
LOAD ./Drivers/STM32F4xx_HAL_Driver/Src/stm32f4xx_hal_pcd.o
LOAD ./Drivers/STM32F4xx_HAL_Driver/Src/stm32f4xx_hal_pcd_ex.o
LOAD ./Drivers/STM32F4xx_HAL_Driver/Src/stm32f4xx_hal_pwr.o
LOAD ./Drivers/STM32F4xx_HAL_Driver/Src/stm32f4xx_hal_pwr_ex.o
LOAD ./Drivers/STM32F4xx_HAL_Driver/Src/stm32f4xx_hal_rcc.o
LOAD ./Drivers/STM32F4xx_HAL_Driver/Src/stm32f4xx_hal_rcc_ex.o
LOAD ./Drivers/STM32F4xx_HAL_Driver/Src/stm32f4xx_hal_tim.o
LOAD ./Drivers/STM32F4xx_HAL_Driver/Src/stm32f4xx_hal_tim_ex.o
LOAD ./Drivers/STM32F4xx_HAL_Driver/Src/stm32f4xx_ll_usb.o
LOAD ./Middlewares/ST/STM32_USB_Device_Library/Class/HID/Src/usbd_hid.o
LOAD ./Middlewares/ST/STM32_USB_Device_Library/Core/Src/usbd_core.o
LOAD ./Middlewares/ST/STM32_USB_Device_Library/Core/Src/usbd_ctlreq.o
LOAD ./Middlewares/ST/STM32_USB_Device_Library/Core/Src/usbd_ioreq.o
LOAD ./USB_DEVICE/App/usb_device.o
LOAD ./USB_DEVICE/App/usbd_desc.o
LOAD ./USB_DEVICE/Target/usbd_conf.o
START GROUP
LOAD c:/st/stm32cubeide_1.5.0/stm32cubeide/plugins/com.st.stm32cube.ide.mcu.externaltools.gnu-tools-for-stm32.9-2020-q2-update.win32_2.0.0.202105311346/tools/bin/../lib/gcc/arm-none-eabi/9.3.1/../../../../arm-none-eabi/lib/thumb/v7e-m+fp/hard\libc_nano.a
LOAD c:/st/stm32cubeide_1.5.0/stm32cubeide/plugins/com.st.stm32cube.ide.mcu.externaltools.gnu-tools-for-stm32.9-2020-q2-update.win32_2.0.0.202105311346/tools/bin/../lib/gcc/arm-none-eabi/9.3.1/../../../../arm-none-eabi/lib/thumb/v7e-m+fp/hard\libm.a
END GROUP
START GROUP
LOAD c:/st/stm32cubeide_1.5.0/stm32cubeide/plugins/com.st.stm32cube.ide.mcu.externaltools.gnu-tools-for-stm32.9-2020-q2-update.win32_2.0.0.202105311346/tools/bin/../lib/gcc/arm-none-eabi/9.3.1/thumb/v7e-m+fp/hard\libgcc.a
LOAD c:/st/stm32cubeide_1.5.0/stm32cubeide/plugins/com.st.stm32cube.ide.mcu.externaltools.gnu-tools-for-stm32.9-2020-q2-update.win32_2.0.0.202105311346/tools/bin/../lib/gcc/arm-none-eabi/9.3.1/../../../../arm-none-eabi/lib/thumb/v7e-m+fp/hard\libc_nano.a
END GROUP
START GROUP
LOAD c:/st/stm32cubeide_1.5.0/stm32cubeide/plugins/com.st.stm32cube.ide.mcu.externaltools.gnu-tools-for-stm32.9-2020-q2-update.win32_2.0.0.202105311346/tools/bin/../lib/gcc/arm-none-eabi/9.3.1/thumb/v7e-m+fp/hard\libgcc.a
LOAD c:/st/stm32cubeide_1.5.0/stm32cubeide/plugins/com.st.stm32cube.ide.mcu.externaltools.gnu-tools-for-stm32.9-2020-q2-update.win32_2.0.0.202105311346/tools/bin/../lib/gcc/arm-none-eabi/9.3.1/../../../../arm-none-eabi/lib/thumb/v7e-m+fp/hard\libc_nano.a
LOAD c:/st/stm32cubeide_1.5.0/stm32cubeide/plugins/com.st.stm32cube.ide.mcu.externaltools.gnu-tools-for-stm32.9-2020-q2-update.win32_2.0.0.202105311346/tools/bin/../lib/gcc/arm-none-eabi/9.3.1/../../../../arm-none-eabi/lib/thumb/v7e-m+fp/hard\libnosys.a
END GROUP
START GROUP
LOAD c:/st/stm32cubeide_1.5.0/stm32cubeide/plugins/com.st.stm32cube.ide.mcu.externaltools.gnu-tools-for-stm32.9-2020-q2-update.win32_2.0.0.202105311346/tools/bin/../lib/gcc/arm-none-eabi/9.3.1/thumb/v7e-m+fp/hard\libgcc.a
LOAD c:/st/stm32cubeide_1.5.0/stm32cubeide/plugins/com.st.stm32cube.ide.mcu.externaltools.gnu-tools-for-stm32.9-2020-q2-update.win32_2.0.0.202105311346/tools/bin/../lib/gcc/arm-none-eabi/9.3.1/../../../../arm-none-eabi/lib/thumb/v7e-m+fp/hard\libc_nano.a
LOAD c:/st/stm32cubeide_1.5.0/stm32cubeide/plugins/com.st.stm32cube.ide.mcu.externaltools.gnu-tools-for-stm32.9-2020-q2-update.win32_2.0.0.202105311346/tools/bin/../lib/gcc/arm-none-eabi/9.3.1/../../../../arm-none-eabi/lib/thumb/v7e-m+fp/hard\libnosys.a
END GROUP
LOAD c:/st/stm32cubeide_1.5.0/stm32cubeide/plugins/com.st.stm32cube.ide.mcu.externaltools.gnu-tools-for-stm32.9-2020-q2-update.win32_2.0.0.202105311346/tools/bin/../lib/gcc/arm-none-eabi/9.3.1/thumb/v7e-m+fp/hard/crtend.o
LOAD c:/st/stm32cubeide_1.5.0/stm32cubeide/plugins/com.st.stm32cube.ide.mcu.externaltools.gnu-tools-for-stm32.9-2020-q2-update.win32_2.0.0.202105311346/tools/bin/../lib/gcc/arm-none-eabi/9.3.1/thumb/v7e-m+fp/hard/crtn.o
                0x0000000020020000                _estack = (ORIGIN (RAM) + LENGTH (RAM))
                0x0000000000000200                _Min_Heap_Size = 0x200
                0x0000000000000400                _Min_Stack_Size = 0x400

.isr_vector     0x0000000008000000      0x188
                0x0000000008000000                . = ALIGN (0x4)
 *(.isr_vector)
 .isr_vector    0x0000000008000000      0x188 ./Core/Startup/startup_stm32f407vgtx.o
                0x0000000008000000                g_pfnVectors
                0x0000000008000188                . = ALIGN (0x4)

.text           0x0000000008000188     0x5e98
                0x0000000008000188                . = ALIGN (0x4)
 *(.text)
 .text          0x0000000008000188       0x40 c:/st/stm32cubeide_1.5.0/stm32cubeide/plugins/com.st.stm32cube.ide.mcu.externaltools.gnu-tools-for-stm32.9-2020-q2-update.win32_2.0.0.202105311346/tools/bin/../lib/gcc/arm-none-eabi/9.3.1/thumb/v7e-m+fp/hard/crtbegin.o
 .text          0x00000000080001c8       0x30 c:/st/stm32cubeide_1.5.0/stm32cubeide/plugins/com.st.stm32cube.ide.mcu.externaltools.gnu-tools-for-stm32.9-2020-q2-update.win32_2.0.0.202105311346/tools/bin/../lib/gcc/arm-none-eabi/9.3.1/thumb/v7e-m+fp/hard\libgcc.a(_aeabi_uldivmod.o)
                0x00000000080001c8                __aeabi_uldivmod
 .text          0x00000000080001f8      0x2c4 c:/st/stm32cubeide_1.5.0/stm32cubeide/plugins/com.st.stm32cube.ide.mcu.externaltools.gnu-tools-for-stm32.9-2020-q2-update.win32_2.0.0.202105311346/tools/bin/../lib/gcc/arm-none-eabi/9.3.1/thumb/v7e-m+fp/hard\libgcc.a(_udivmoddi4.o)
                0x00000000080001f8                __udivmoddi4
 .text          0x00000000080004bc        0x4 c:/st/stm32cubeide_1.5.0/stm32cubeide/plugins/com.st.stm32cube.ide.mcu.externaltools.gnu-tools-for-stm32.9-2020-q2-update.win32_2.0.0.202105311346/tools/bin/../lib/gcc/arm-none-eabi/9.3.1/thumb/v7e-m+fp/hard\libgcc.a(_dvmd_tls.o)
                0x00000000080004bc                __aeabi_idiv0
                0x00000000080004bc                __aeabi_ldiv0
 *(.text*)
 .text.main     0x00000000080004c0       0x58 ./Core/Src/main.o
                0x00000000080004c0                main
 .text.SystemClock_Config
                0x0000000008000518       0xd4 ./Core/Src/main.o
                0x0000000008000518                SystemClock_Config
 .text.MX_GPIO_Init
                0x00000000080005ec       0x88 ./Core/Src/main.o
 .text.HAL_GPIO_EXTI_Callback
                0x0000000008000674       0x20 ./Core/Src/main.o
                0x0000000008000674                HAL_GPIO_EXTI_Callback
 .text.Error_Handler
                0x0000000008000694        0xa ./Core/Src/main.o
                0x0000000008000694                Error_Handler
 *fill*         0x000000000800069e        0x2 
 .text.HAL_MspInit
                0x00000000080006a0       0x50 ./Core/Src/stm32f4xx_hal_msp.o
                0x00000000080006a0                HAL_MspInit
 .text.NMI_Handler
                0x00000000080006f0        0x6 ./Core/Src/stm32f4xx_it.o
                0x00000000080006f0                NMI_Handler
 .text.HardFault_Handler
                0x00000000080006f6        0x6 ./Core/Src/stm32f4xx_it.o
                0x00000000080006f6                HardFault_Handler
 .text.MemManage_Handler
                0x00000000080006fc        0x6 ./Core/Src/stm32f4xx_it.o
                0x00000000080006fc                MemManage_Handler
 .text.BusFault_Handler
                0x0000000008000702        0x6 ./Core/Src/stm32f4xx_it.o
                0x0000000008000702                BusFault_Handler
 .text.UsageFault_Handler
                0x0000000008000708        0x6 ./Core/Src/stm32f4xx_it.o
                0x0000000008000708                UsageFault_Handler
 .text.SVC_Handler
                0x000000000800070e        0xe ./Core/Src/stm32f4xx_it.o
                0x000000000800070e                SVC_Handler
 .text.DebugMon_Handler
                0x000000000800071c        0xe ./Core/Src/stm32f4xx_it.o
                0x000000000800071c                DebugMon_Handler
 .text.PendSV_Handler
                0x000000000800072a        0xe ./Core/Src/stm32f4xx_it.o
                0x000000000800072a                PendSV_Handler
 .text.SysTick_Handler
                0x0000000008000738        0xc ./Core/Src/stm32f4xx_it.o
                0x0000000008000738                SysTick_Handler
 .text.EXTI0_IRQHandler
                0x0000000008000744        0xe ./Core/Src/stm32f4xx_it.o
                0x0000000008000744                EXTI0_IRQHandler
 *fill*         0x0000000008000752        0x2 
 .text.OTG_FS_IRQHandler
                0x0000000008000754       0x14 ./Core/Src/stm32f4xx_it.o
                0x0000000008000754                OTG_FS_IRQHandler
 .text.SystemInit
                0x0000000008000768       0x24 ./Core/Src/system_stm32f4xx.o
                0x0000000008000768                SystemInit
 .text.Reset_Handler
                0x000000000800078c       0x50 ./Core/Startup/startup_stm32f407vgtx.o
                0x000000000800078c                Reset_Handler
 .text.Default_Handler
                0x00000000080007dc        0x2 ./Core/Startup/startup_stm32f407vgtx.o
                0x00000000080007dc                RTC_Alarm_IRQHandler
                0x00000000080007dc                HASH_RNG_IRQHandler
                0x00000000080007dc                EXTI2_IRQHandler
                0x00000000080007dc                TIM8_CC_IRQHandler
                0x00000000080007dc                TIM1_CC_IRQHandler
                0x00000000080007dc                DMA2_Stream5_IRQHandler
                0x00000000080007dc                DMA1_Stream5_IRQHandler
                0x00000000080007dc                PVD_IRQHandler
                0x00000000080007dc                SDIO_IRQHandler
                0x00000000080007dc                TAMP_STAMP_IRQHandler
                0x00000000080007dc                CAN2_RX1_IRQHandler
                0x00000000080007dc                EXTI3_IRQHandler
                0x00000000080007dc                TIM8_TRG_COM_TIM14_IRQHandler
                0x00000000080007dc                TIM1_UP_TIM10_IRQHandler
                0x00000000080007dc                TIM8_UP_TIM13_IRQHandler
                0x00000000080007dc                I2C3_ER_IRQHandler
                0x00000000080007dc                I2C2_EV_IRQHandler
                0x00000000080007dc                DMA1_Stream2_IRQHandler
                0x00000000080007dc                CAN1_RX0_IRQHandler
                0x00000000080007dc                FPU_IRQHandler
                0x00000000080007dc                OTG_HS_WKUP_IRQHandler
                0x00000000080007dc                CAN2_SCE_IRQHandler
                0x00000000080007dc                DMA2_Stream2_IRQHandler
                0x00000000080007dc                SPI1_IRQHandler
                0x00000000080007dc                TIM6_DAC_IRQHandler
                0x00000000080007dc                TIM1_BRK_TIM9_IRQHandler
                0x00000000080007dc                DCMI_IRQHandler
                0x00000000080007dc                CAN2_RX0_IRQHandler
                0x00000000080007dc                DMA2_Stream3_IRQHandler
                0x00000000080007dc                USART6_IRQHandler
                0x00000000080007dc                USART3_IRQHandler
                0x00000000080007dc                CAN1_RX1_IRQHandler
                0x00000000080007dc                UART5_IRQHandler
                0x00000000080007dc                DMA2_Stream0_IRQHandler
                0x00000000080007dc                TIM4_IRQHandler
                0x00000000080007dc                I2C1_EV_IRQHandler
                0x00000000080007dc                DMA1_Stream6_IRQHandler
                0x00000000080007dc                DMA1_Stream1_IRQHandler
                0x00000000080007dc                UART4_IRQHandler
                0x00000000080007dc                TIM3_IRQHandler
                0x00000000080007dc                RCC_IRQHandler
                0x00000000080007dc                TIM8_BRK_TIM12_IRQHandler
                0x00000000080007dc                Default_Handler
                0x00000000080007dc                EXTI15_10_IRQHandler
                0x00000000080007dc                ADC_IRQHandler
                0x00000000080007dc                DMA1_Stream7_IRQHandler
                0x00000000080007dc                TIM7_IRQHandler
                0x00000000080007dc                CAN2_TX_IRQHandler
                0x00000000080007dc                TIM5_IRQHandler
                0x00000000080007dc                DMA2_Stream7_IRQHandler
                0x00000000080007dc                I2C3_EV_IRQHandler
                0x00000000080007dc                EXTI9_5_IRQHandler
                0x00000000080007dc                RTC_WKUP_IRQHandler
                0x00000000080007dc                ETH_WKUP_IRQHandler
                0x00000000080007dc                SPI2_IRQHandler
                0x00000000080007dc                OTG_HS_EP1_IN_IRQHandler
                0x00000000080007dc                DMA1_Stream0_IRQHandler
                0x00000000080007dc                CAN1_TX_IRQHandler
                0x00000000080007dc                EXTI4_IRQHandler
                0x00000000080007dc                FSMC_IRQHandler
                0x00000000080007dc                ETH_IRQHandler
                0x00000000080007dc                OTG_HS_EP1_OUT_IRQHandler
                0x00000000080007dc                WWDG_IRQHandler
                0x00000000080007dc                TIM2_IRQHandler
                0x00000000080007dc                OTG_FS_WKUP_IRQHandler
                0x00000000080007dc                TIM1_TRG_COM_TIM11_IRQHandler
                0x00000000080007dc                OTG_HS_IRQHandler
                0x00000000080007dc                EXTI1_IRQHandler
                0x00000000080007dc                USART2_IRQHandler
                0x00000000080007dc                I2C2_ER_IRQHandler
                0x00000000080007dc                DMA2_Stream1_IRQHandler
                0x00000000080007dc                CAN1_SCE_IRQHandler
                0x00000000080007dc                FLASH_IRQHandler
                0x00000000080007dc                DMA2_Stream4_IRQHandler
                0x00000000080007dc                USART1_IRQHandler
                0x00000000080007dc                SPI3_IRQHandler
                0x00000000080007dc                DMA1_Stream4_IRQHandler
                0x00000000080007dc                I2C1_ER_IRQHandler
                0x00000000080007dc                DMA2_Stream6_IRQHandler
                0x00000000080007dc                DMA1_Stream3_IRQHandler
 *fill*         0x00000000080007de        0x2 
 .text.HAL_Init
                0x00000000080007e0       0x44 ./Drivers/STM32F4xx_HAL_Driver/Src/stm32f4xx_hal.o
                0x00000000080007e0                HAL_Init
 .text.HAL_InitTick
                0x0000000008000824       0x60 ./Drivers/STM32F4xx_HAL_Driver/Src/stm32f4xx_hal.o
                0x0000000008000824                HAL_InitTick
 .text.HAL_IncTick
                0x0000000008000884       0x28 ./Drivers/STM32F4xx_HAL_Driver/Src/stm32f4xx_hal.o
                0x0000000008000884                HAL_IncTick
 .text.HAL_GetTick
                0x00000000080008ac       0x18 ./Drivers/STM32F4xx_HAL_Driver/Src/stm32f4xx_hal.o
                0x00000000080008ac                HAL_GetTick
 .text.HAL_Delay
                0x00000000080008c4       0x48 ./Drivers/STM32F4xx_HAL_Driver/Src/stm32f4xx_hal.o
                0x00000000080008c4                HAL_Delay
 .text.__NVIC_SetPriorityGrouping
                0x000000000800090c       0x48 ./Drivers/STM32F4xx_HAL_Driver/Src/stm32f4xx_hal_cortex.o
 .text.__NVIC_GetPriorityGrouping
                0x0000000008000954       0x1c ./Drivers/STM32F4xx_HAL_Driver/Src/stm32f4xx_hal_cortex.o
 .text.__NVIC_EnableIRQ
                0x0000000008000970       0x3c ./Drivers/STM32F4xx_HAL_Driver/Src/stm32f4xx_hal_cortex.o
 .text.__NVIC_SetPriority
                0x00000000080009ac       0x54 ./Drivers/STM32F4xx_HAL_Driver/Src/stm32f4xx_hal_cortex.o
 .text.NVIC_EncodePriority
                0x0000000008000a00       0x66 ./Drivers/STM32F4xx_HAL_Driver/Src/stm32f4xx_hal_cortex.o
 *fill*         0x0000000008000a66        0x2 
 .text.SysTick_Config
                0x0000000008000a68       0x44 ./Drivers/STM32F4xx_HAL_Driver/Src/stm32f4xx_hal_cortex.o
 .text.HAL_NVIC_SetPriorityGrouping
                0x0000000008000aac       0x16 ./Drivers/STM32F4xx_HAL_Driver/Src/stm32f4xx_hal_cortex.o
                0x0000000008000aac                HAL_NVIC_SetPriorityGrouping
 .text.HAL_NVIC_SetPriority
                0x0000000008000ac2       0x38 ./Drivers/STM32F4xx_HAL_Driver/Src/stm32f4xx_hal_cortex.o
                0x0000000008000ac2                HAL_NVIC_SetPriority
 .text.HAL_NVIC_EnableIRQ
                0x0000000008000afa       0x1c ./Drivers/STM32F4xx_HAL_Driver/Src/stm32f4xx_hal_cortex.o
                0x0000000008000afa                HAL_NVIC_EnableIRQ
 .text.HAL_SYSTICK_Config
                0x0000000008000b16       0x18 ./Drivers/STM32F4xx_HAL_Driver/Src/stm32f4xx_hal_cortex.o
                0x0000000008000b16                HAL_SYSTICK_Config
 *fill*         0x0000000008000b2e        0x2 
 .text.HAL_GPIO_Init
                0x0000000008000b30      0x338 ./Drivers/STM32F4xx_HAL_Driver/Src/stm32f4xx_hal_gpio.o
                0x0000000008000b30                HAL_GPIO_Init
 .text.HAL_GPIO_EXTI_IRQHandler
                0x0000000008000e68       0x30 ./Drivers/STM32F4xx_HAL_Driver/Src/stm32f4xx_hal_gpio.o
                0x0000000008000e68                HAL_GPIO_EXTI_IRQHandler
 .text.HAL_PCD_Init
                0x0000000008000e98      0x23a ./Drivers/STM32F4xx_HAL_Driver/Src/stm32f4xx_hal_pcd.o
                0x0000000008000e98                HAL_PCD_Init
 .text.HAL_PCD_Start
                0x00000000080010d2       0x66 ./Drivers/STM32F4xx_HAL_Driver/Src/stm32f4xx_hal_pcd.o
                0x00000000080010d2                HAL_PCD_Start
 .text.HAL_PCD_IRQHandler
                0x0000000008001138      0x764 ./Drivers/STM32F4xx_HAL_Driver/Src/stm32f4xx_hal_pcd.o
                0x0000000008001138                HAL_PCD_IRQHandler
 .text.HAL_PCD_SetAddress
                0x000000000800189c       0x4a ./Drivers/STM32F4xx_HAL_Driver/Src/stm32f4xx_hal_pcd.o
                0x000000000800189c                HAL_PCD_SetAddress
 .text.HAL_PCD_EP_Open
                0x00000000080018e6       0xd0 ./Drivers/STM32F4xx_HAL_Driver/Src/stm32f4xx_hal_pcd.o
                0x00000000080018e6                HAL_PCD_EP_Open
 .text.HAL_PCD_EP_Close
                0x00000000080019b6       0x94 ./Drivers/STM32F4xx_HAL_Driver/Src/stm32f4xx_hal_pcd.o
                0x00000000080019b6                HAL_PCD_EP_Close
 .text.HAL_PCD_EP_Receive
                0x0000000008001a4a       0x96 ./Drivers/STM32F4xx_HAL_Driver/Src/stm32f4xx_hal_pcd.o
                0x0000000008001a4a                HAL_PCD_EP_Receive
 .text.HAL_PCD_EP_Transmit
                0x0000000008001ae0       0x94 ./Drivers/STM32F4xx_HAL_Driver/Src/stm32f4xx_hal_pcd.o
                0x0000000008001ae0                HAL_PCD_EP_Transmit
 .text.HAL_PCD_EP_SetStall
                0x0000000008001b74       0xc8 ./Drivers/STM32F4xx_HAL_Driver/Src/stm32f4xx_hal_pcd.o
                0x0000000008001b74                HAL_PCD_EP_SetStall
 .text.HAL_PCD_EP_ClrStall
                0x0000000008001c3c       0xac ./Drivers/STM32F4xx_HAL_Driver/Src/stm32f4xx_hal_pcd.o
                0x0000000008001c3c                HAL_PCD_EP_ClrStall
 .text.PCD_WriteEmptyTxFifo
                0x0000000008001ce8      0x11a ./Drivers/STM32F4xx_HAL_Driver/Src/stm32f4xx_hal_pcd.o
 *fill*         0x0000000008001e02        0x2 
 .text.PCD_EP_OutXfrComplete_int
                0x0000000008001e04      0x218 ./Drivers/STM32F4xx_HAL_Driver/Src/stm32f4xx_hal_pcd.o
 .text.PCD_EP_OutSetupPacket_int
                0x000000000800201c       0x8c ./Drivers/STM32F4xx_HAL_Driver/Src/stm32f4xx_hal_pcd.o
 .text.HAL_PCDEx_SetTxFiFo
                0x00000000080020a8       0x8e ./Drivers/STM32F4xx_HAL_Driver/Src/stm32f4xx_hal_pcd_ex.o
                0x00000000080020a8                HAL_PCDEx_SetTxFiFo
 .text.HAL_PCDEx_SetRxFiFo
                0x0000000008002136       0x22 ./Drivers/STM32F4xx_HAL_Driver/Src/stm32f4xx_hal_pcd_ex.o
                0x0000000008002136                HAL_PCDEx_SetRxFiFo
 .text.HAL_PCDEx_LPM_Callback
                0x0000000008002158       0x18 ./Drivers/STM32F4xx_HAL_Driver/Src/stm32f4xx_hal_pcd_ex.o
                0x0000000008002158                HAL_PCDEx_LPM_Callback
 .text.HAL_RCC_OscConfig
                0x0000000008002170      0x4f0 ./Drivers/STM32F4xx_HAL_Driver/Src/stm32f4xx_hal_rcc.o
                0x0000000008002170                HAL_RCC_OscConfig
 .text.HAL_RCC_ClockConfig
                0x0000000008002660      0x1cc ./Drivers/STM32F4xx_HAL_Driver/Src/stm32f4xx_hal_rcc.o
                0x0000000008002660                HAL_RCC_ClockConfig
 .text.HAL_RCC_GetSysClockFreq
                0x000000000800282c      0x1c4 ./Drivers/STM32F4xx_HAL_Driver/Src/stm32f4xx_hal_rcc.o
                0x000000000800282c                HAL_RCC_GetSysClockFreq
 .text.HAL_RCC_GetHCLKFreq
                0x00000000080029f0       0x18 ./Drivers/STM32F4xx_HAL_Driver/Src/stm32f4xx_hal_rcc.o
                0x00000000080029f0                HAL_RCC_GetHCLKFreq
 .text.USB_CoreInit
                0x0000000008002a08       0xc2 ./Drivers/STM32F4xx_HAL_Driver/Src/stm32f4xx_ll_usb.o
                0x0000000008002a08                USB_CoreInit
 *fill*         0x0000000008002aca        0x2 
 .text.USB_SetTurnaroundTime
                0x0000000008002acc      0x144 ./Drivers/STM32F4xx_HAL_Driver/Src/stm32f4xx_ll_usb.o
                0x0000000008002acc                USB_SetTurnaroundTime
 .text.USB_EnableGlobalInt
                0x0000000008002c10       0x22 ./Drivers/STM32F4xx_HAL_Driver/Src/stm32f4xx_ll_usb.o
                0x0000000008002c10                USB_EnableGlobalInt
 .text.USB_DisableGlobalInt
                0x0000000008002c32       0x22 ./Drivers/STM32F4xx_HAL_Driver/Src/stm32f4xx_ll_usb.o
                0x0000000008002c32                USB_DisableGlobalInt
 .text.USB_SetCurrentMode
                0x0000000008002c54       0x98 ./Drivers/STM32F4xx_HAL_Driver/Src/stm32f4xx_ll_usb.o
                0x0000000008002c54                USB_SetCurrentMode
 .text.USB_DevInit
                0x0000000008002cec      0x2c8 ./Drivers/STM32F4xx_HAL_Driver/Src/stm32f4xx_ll_usb.o
                0x0000000008002cec                USB_DevInit
 .text.USB_FlushTxFifo
                0x0000000008002fb4       0x48 ./Drivers/STM32F4xx_HAL_Driver/Src/stm32f4xx_ll_usb.o
                0x0000000008002fb4                USB_FlushTxFifo
 .text.USB_FlushRxFifo
                0x0000000008002ffc       0x40 ./Drivers/STM32F4xx_HAL_Driver/Src/stm32f4xx_ll_usb.o
                0x0000000008002ffc                USB_FlushRxFifo
 .text.USB_SetDevSpeed
                0x000000000800303c       0x32 ./Drivers/STM32F4xx_HAL_Driver/Src/stm32f4xx_ll_usb.o
                0x000000000800303c                USB_SetDevSpeed
 .text.USB_GetDevSpeed
                0x000000000800306e       0x4a ./Drivers/STM32F4xx_HAL_Driver/Src/stm32f4xx_ll_usb.o
                0x000000000800306e                USB_GetDevSpeed
 .text.USB_ActivateEndpoint
                0x00000000080030b8      0x10e ./Drivers/STM32F4xx_HAL_Driver/Src/stm32f4xx_ll_usb.o
                0x00000000080030b8                USB_ActivateEndpoint
 *fill*         0x00000000080031c6        0x2 
 .text.USB_DeactivateEndpoint
                0x00000000080031c8      0x1b8 ./Drivers/STM32F4xx_HAL_Driver/Src/stm32f4xx_ll_usb.o
                0x00000000080031c8                USB_DeactivateEndpoint
 .text.USB_EPStartXfer
                0x0000000008003380      0x488 ./Drivers/STM32F4xx_HAL_Driver/Src/stm32f4xx_ll_usb.o
                0x0000000008003380                USB_EPStartXfer
 .text.USB_EP0StartXfer
                0x0000000008003808      0x2a6 ./Drivers/STM32F4xx_HAL_Driver/Src/stm32f4xx_ll_usb.o
                0x0000000008003808                USB_EP0StartXfer
 .text.USB_WritePacket
                0x0000000008003aae       0x7c ./Drivers/STM32F4xx_HAL_Driver/Src/stm32f4xx_ll_usb.o
                0x0000000008003aae                USB_WritePacket
 .text.USB_ReadPacket
                0x0000000008003b2a       0xb0 ./Drivers/STM32F4xx_HAL_Driver/Src/stm32f4xx_ll_usb.o
                0x0000000008003b2a                USB_ReadPacket
 .text.USB_EPSetStall
                0x0000000008003bda       0xdc ./Drivers/STM32F4xx_HAL_Driver/Src/stm32f4xx_ll_usb.o
                0x0000000008003bda                USB_EPSetStall
 .text.USB_EPClearStall
                0x0000000008003cb6       0xcc ./Drivers/STM32F4xx_HAL_Driver/Src/stm32f4xx_ll_usb.o
                0x0000000008003cb6                USB_EPClearStall
 .text.USB_SetDevAddress
                0x0000000008003d82       0x4c ./Drivers/STM32F4xx_HAL_Driver/Src/stm32f4xx_ll_usb.o
                0x0000000008003d82                USB_SetDevAddress
 .text.USB_DevConnect
                0x0000000008003dce       0x42 ./Drivers/STM32F4xx_HAL_Driver/Src/stm32f4xx_ll_usb.o
                0x0000000008003dce                USB_DevConnect
 .text.USB_DevDisconnect
                0x0000000008003e10       0x42 ./Drivers/STM32F4xx_HAL_Driver/Src/stm32f4xx_ll_usb.o
                0x0000000008003e10                USB_DevDisconnect
 .text.USB_ReadInterrupts
                0x0000000008003e52       0x26 ./Drivers/STM32F4xx_HAL_Driver/Src/stm32f4xx_ll_usb.o
                0x0000000008003e52                USB_ReadInterrupts
 .text.USB_ReadDevAllOutEpInterrupt
                0x0000000008003e78       0x34 ./Drivers/STM32F4xx_HAL_Driver/Src/stm32f4xx_ll_usb.o
                0x0000000008003e78                USB_ReadDevAllOutEpInterrupt
 .text.USB_ReadDevAllInEpInterrupt
                0x0000000008003eac       0x34 ./Drivers/STM32F4xx_HAL_Driver/Src/stm32f4xx_ll_usb.o
                0x0000000008003eac                USB_ReadDevAllInEpInterrupt
 .text.USB_ReadDevOutEPInterrupt
                0x0000000008003ee0       0x3c ./Drivers/STM32F4xx_HAL_Driver/Src/stm32f4xx_ll_usb.o
                0x0000000008003ee0                USB_ReadDevOutEPInterrupt
 .text.USB_ReadDevInEPInterrupt
                0x0000000008003f1c       0x5c ./Drivers/STM32F4xx_HAL_Driver/Src/stm32f4xx_ll_usb.o
                0x0000000008003f1c                USB_ReadDevInEPInterrupt
 .text.USB_GetMode
                0x0000000008003f78       0x1c ./Drivers/STM32F4xx_HAL_Driver/Src/stm32f4xx_ll_usb.o
                0x0000000008003f78                USB_GetMode
 .text.USB_ActivateSetup
                0x0000000008003f94       0x46 ./Drivers/STM32F4xx_HAL_Driver/Src/stm32f4xx_ll_usb.o
                0x0000000008003f94                USB_ActivateSetup
 *fill*         0x0000000008003fda        0x2 
 .text.USB_EP0_OutStart
                0x0000000008003fdc       0xbc ./Drivers/STM32F4xx_HAL_Driver/Src/stm32f4xx_ll_usb.o
                0x0000000008003fdc                USB_EP0_OutStart
 .text.USB_CoreReset
                0x0000000008004098       0x64 ./Drivers/STM32F4xx_HAL_Driver/Src/stm32f4xx_ll_usb.o
 .text.USBD_HID_Init
                0x00000000080040fc       0x66 ./Middlewares/ST/STM32_USB_Device_Library/Class/HID/Src/usbd_hid.o
 .text.USBD_HID_DeInit
                0x0000000008004162       0x48 ./Middlewares/ST/STM32_USB_Device_Library/Class/HID/Src/usbd_hid.o
 *fill*         0x00000000080041aa        0x2 
 .text.USBD_HID_Setup
                0x00000000080041ac      0x208 ./Middlewares/ST/STM32_USB_Device_Library/Class/HID/Src/usbd_hid.o
 .text.USBD_HID_SendReport
                0x00000000080043b4       0x50 ./Middlewares/ST/STM32_USB_Device_Library/Class/HID/Src/usbd_hid.o
                0x00000000080043b4                USBD_HID_SendReport
 .text.USBD_HID_GetFSCfgDesc
                0x0000000008004404       0x20 ./Middlewares/ST/STM32_USB_Device_Library/Class/HID/Src/usbd_hid.o
 .text.USBD_HID_GetHSCfgDesc
                0x0000000008004424       0x20 ./Middlewares/ST/STM32_USB_Device_Library/Class/HID/Src/usbd_hid.o
 .text.USBD_HID_GetOtherSpeedCfgDesc
                0x0000000008004444       0x20 ./Middlewares/ST/STM32_USB_Device_Library/Class/HID/Src/usbd_hid.o
 .text.USBD_HID_DataIn
                0x0000000008004464       0x24 ./Middlewares/ST/STM32_USB_Device_Library/Class/HID/Src/usbd_hid.o
 .text.USBD_HID_GetDeviceQualifierDesc
                0x0000000008004488       0x20 ./Middlewares/ST/STM32_USB_Device_Library/Class/HID/Src/usbd_hid.o
 .text.USBD_Init
                0x00000000080044a8       0x60 ./Middlewares/ST/STM32_USB_Device_Library/Core/Src/usbd_core.o
                0x00000000080044a8                USBD_Init
 .text.USBD_RegisterClass
                0x0000000008004508       0x4e ./Middlewares/ST/STM32_USB_Device_Library/Core/Src/usbd_core.o
                0x0000000008004508                USBD_RegisterClass
 .text.USBD_Start
                0x0000000008004556       0x18 ./Middlewares/ST/STM32_USB_Device_Library/Core/Src/usbd_core.o
                0x0000000008004556                USBD_Start
 .text.USBD_RunTestMode
                0x000000000800456e       0x16 ./Middlewares/ST/STM32_USB_Device_Library/Core/Src/usbd_core.o
                0x000000000800456e                USBD_RunTestMode
 .text.USBD_SetClassConfig
                0x0000000008004584       0x38 ./Middlewares/ST/STM32_USB_Device_Library/Core/Src/usbd_core.o
                0x0000000008004584                USBD_SetClassConfig
 .text.USBD_ClrClassConfig
                0x00000000080045bc       0x30 ./Middlewares/ST/STM32_USB_Device_Library/Core/Src/usbd_core.o
                0x00000000080045bc                USBD_ClrClassConfig
 .text.USBD_LL_SetupStage
                0x00000000080045ec       0xaa ./Middlewares/ST/STM32_USB_Device_Library/Core/Src/usbd_core.o
                0x00000000080045ec                USBD_LL_SetupStage
 .text.USBD_LL_DataOutStage
                0x0000000008004696       0xc6 ./Middlewares/ST/STM32_USB_Device_Library/Core/Src/usbd_core.o
                0x0000000008004696                USBD_LL_DataOutStage
 .text.USBD_LL_DataInStage
                0x000000000800475c      0x12c ./Middlewares/ST/STM32_USB_Device_Library/Core/Src/usbd_core.o
                0x000000000800475c                USBD_LL_DataInStage
 .text.USBD_LL_Reset
                0x0000000008004888       0x9c ./Middlewares/ST/STM32_USB_Device_Library/Core/Src/usbd_core.o
                0x0000000008004888                USBD_LL_Reset
 .text.USBD_LL_SetSpeed
                0x0000000008004924       0x20 ./Middlewares/ST/STM32_USB_Device_Library/Core/Src/usbd_core.o
                0x0000000008004924                USBD_LL_SetSpeed
 .text.USBD_LL_Suspend
                0x0000000008004944       0x2c ./Middlewares/ST/STM32_USB_Device_Library/Core/Src/usbd_core.o
                0x0000000008004944                USBD_LL_Suspend
 .text.USBD_LL_Resume
                0x0000000008004970       0x30 ./Middlewares/ST/STM32_USB_Device_Library/Core/Src/usbd_core.o
                0x0000000008004970                USBD_LL_Resume
 .text.USBD_LL_SOF
                0x00000000080049a0       0x44 ./Middlewares/ST/STM32_USB_Device_Library/Core/Src/usbd_core.o
                0x00000000080049a0                USBD_LL_SOF
 .text.USBD_LL_IsoINIncomplete
                0x00000000080049e4       0x4c ./Middlewares/ST/STM32_USB_Device_Library/Core/Src/usbd_core.o
                0x00000000080049e4                USBD_LL_IsoINIncomplete
 .text.USBD_LL_IsoOUTIncomplete
                0x0000000008004a30       0x4c ./Middlewares/ST/STM32_USB_Device_Library/Core/Src/usbd_core.o
                0x0000000008004a30                USBD_LL_IsoOUTIncomplete
 .text.USBD_LL_DevConnected
                0x0000000008004a7c       0x16 ./Middlewares/ST/STM32_USB_Device_Library/Core/Src/usbd_core.o
                0x0000000008004a7c                USBD_LL_DevConnected
 .text.USBD_LL_DevDisconnected
                0x0000000008004a92       0x38 ./Middlewares/ST/STM32_USB_Device_Library/Core/Src/usbd_core.o
                0x0000000008004a92                USBD_LL_DevDisconnected
 .text.SWAPBYTE
                0x0000000008004aca       0x3c ./Middlewares/ST/STM32_USB_Device_Library/Core/Src/usbd_ctlreq.o
 *fill*         0x0000000008004b06        0x2 
 .text.USBD_StdDevReq
                0x0000000008004b08       0xdc ./Middlewares/ST/STM32_USB_Device_Library/Core/Src/usbd_ctlreq.o
                0x0000000008004b08                USBD_StdDevReq
 .text.USBD_StdItfReq
                0x0000000008004be4       0x92 ./Middlewares/ST/STM32_USB_Device_Library/Core/Src/usbd_ctlreq.o
                0x0000000008004be4                USBD_StdItfReq
 .text.USBD_StdEPReq
                0x0000000008004c76      0x2c4 ./Middlewares/ST/STM32_USB_Device_Library/Core/Src/usbd_ctlreq.o
                0x0000000008004c76                USBD_StdEPReq
 *fill*         0x0000000008004f3a        0x2 
 .text.USBD_GetDescriptor
                0x0000000008004f3c      0x2d4 ./Middlewares/ST/STM32_USB_Device_Library/Core/Src/usbd_ctlreq.o
 .text.USBD_SetAddress
                0x0000000008005210       0x88 ./Middlewares/ST/STM32_USB_Device_Library/Core/Src/usbd_ctlreq.o
 .text.USBD_SetConfig
                0x0000000008005298      0x14c ./Middlewares/ST/STM32_USB_Device_Library/Core/Src/usbd_ctlreq.o
 .text.USBD_GetConfig
                0x00000000080053e4       0x6c ./Middlewares/ST/STM32_USB_Device_Library/Core/Src/usbd_ctlreq.o
 .text.USBD_GetStatus
                0x0000000008005450       0x68 ./Middlewares/ST/STM32_USB_Device_Library/Core/Src/usbd_ctlreq.o
 .text.USBD_SetFeature
                0x00000000080054b8       0x28 ./Middlewares/ST/STM32_USB_Device_Library/Core/Src/usbd_ctlreq.o
 .text.USBD_ClrFeature
                0x00000000080054e0       0x44 ./Middlewares/ST/STM32_USB_Device_Library/Core/Src/usbd_ctlreq.o
 .text.USBD_ParseSetupRequest
                0x0000000008005524       0x74 ./Middlewares/ST/STM32_USB_Device_Library/Core/Src/usbd_ctlreq.o
                0x0000000008005524                USBD_ParseSetupRequest
 .text.USBD_CtlError
                0x0000000008005598       0x22 ./Middlewares/ST/STM32_USB_Device_Library/Core/Src/usbd_ctlreq.o
                0x0000000008005598                USBD_CtlError
 .text.USBD_GetString
                0x00000000080055ba       0x8c ./Middlewares/ST/STM32_USB_Device_Library/Core/Src/usbd_ctlreq.o
                0x00000000080055ba                USBD_GetString
 .text.USBD_GetLen
                0x0000000008005646       0x34 ./Middlewares/ST/STM32_USB_Device_Library/Core/Src/usbd_ctlreq.o
 .text.USBD_CtlSendData
                0x000000000800567a       0x36 ./Middlewares/ST/STM32_USB_Device_Library/Core/Src/usbd_ioreq.o
                0x000000000800567a                USBD_CtlSendData
 .text.USBD_CtlContinueSendData
                0x00000000080056b0       0x22 ./Middlewares/ST/STM32_USB_Device_Library/Core/Src/usbd_ioreq.o
                0x00000000080056b0                USBD_CtlContinueSendData
 .text.USBD_CtlContinueRx
                0x00000000080056d2       0x22 ./Middlewares/ST/STM32_USB_Device_Library/Core/Src/usbd_ioreq.o
                0x00000000080056d2                USBD_CtlContinueRx
 .text.USBD_CtlSendStatus
                0x00000000080056f4       0x26 ./Middlewares/ST/STM32_USB_Device_Library/Core/Src/usbd_ioreq.o
                0x00000000080056f4                USBD_CtlSendStatus
 .text.USBD_CtlReceiveStatus
                0x000000000800571a       0x26 ./Middlewares/ST/STM32_USB_Device_Library/Core/Src/usbd_ioreq.o
                0x000000000800571a                USBD_CtlReceiveStatus
 .text.MX_USB_DEVICE_Init
                0x0000000008005740       0x4c ./USB_DEVICE/App/usb_device.o
                0x0000000008005740                MX_USB_DEVICE_Init
 .text.USBD_FS_DeviceDescriptor
                0x000000000800578c       0x24 ./USB_DEVICE/App/usbd_desc.o
                0x000000000800578c                USBD_FS_DeviceDescriptor
 .text.USBD_FS_LangIDStrDescriptor
                0x00000000080057b0       0x24 ./USB_DEVICE/App/usbd_desc.o
                0x00000000080057b0                USBD_FS_LangIDStrDescriptor
 .text.USBD_FS_ProductStrDescriptor
                0x00000000080057d4       0x3c ./USB_DEVICE/App/usbd_desc.o
                0x00000000080057d4                USBD_FS_ProductStrDescriptor
 .text.USBD_FS_ManufacturerStrDescriptor
                0x0000000008005810       0x28 ./USB_DEVICE/App/usbd_desc.o
                0x0000000008005810                USBD_FS_ManufacturerStrDescriptor
 .text.USBD_FS_SerialStrDescriptor
                0x0000000008005838       0x24 ./USB_DEVICE/App/usbd_desc.o
                0x0000000008005838                USBD_FS_SerialStrDescriptor
 .text.USBD_FS_ConfigStrDescriptor
                0x000000000800585c       0x3c ./USB_DEVICE/App/usbd_desc.o
                0x000000000800585c                USBD_FS_ConfigStrDescriptor
 .text.USBD_FS_InterfaceStrDescriptor
                0x0000000008005898       0x3c ./USB_DEVICE/App/usbd_desc.o
                0x0000000008005898                USBD_FS_InterfaceStrDescriptor
 .text.Get_SerialNum
                0x00000000080058d4       0x58 ./USB_DEVICE/App/usbd_desc.o
 .text.IntToUnicode
                0x000000000800592c       0x7e ./USB_DEVICE/App/usbd_desc.o
 *fill*         0x00000000080059aa        0x2 
 .text.HAL_PCD_MspInit
                0x00000000080059ac       0xa8 ./USB_DEVICE/Target/usbd_conf.o
                0x00000000080059ac                HAL_PCD_MspInit
 .text.HAL_PCD_SetupStageCallback
                0x0000000008005a54       0x24 ./USB_DEVICE/Target/usbd_conf.o
                0x0000000008005a54                HAL_PCD_SetupStageCallback
 .text.HAL_PCD_DataOutStageCallback
                0x0000000008005a78       0x36 ./USB_DEVICE/Target/usbd_conf.o
                0x0000000008005a78                HAL_PCD_DataOutStageCallback
 .text.HAL_PCD_DataInStageCallback
                0x0000000008005aae       0x34 ./USB_DEVICE/Target/usbd_conf.o
                0x0000000008005aae                HAL_PCD_DataInStageCallback
 .text.HAL_PCD_SOFCallback
                0x0000000008005ae2       0x1c ./USB_DEVICE/Target/usbd_conf.o
                0x0000000008005ae2                HAL_PCD_SOFCallback
 .text.HAL_PCD_ResetCallback
                0x0000000008005afe       0x50 ./USB_DEVICE/Target/usbd_conf.o
                0x0000000008005afe                HAL_PCD_ResetCallback
 *fill*         0x0000000008005b4e        0x2 
 .text.HAL_PCD_SuspendCallback
                0x0000000008005b50       0x4c ./USB_DEVICE/Target/usbd_conf.o
                0x0000000008005b50                HAL_PCD_SuspendCallback
 .text.HAL_PCD_ResumeCallback
                0x0000000008005b9c       0x1c ./USB_DEVICE/Target/usbd_conf.o
                0x0000000008005b9c                HAL_PCD_ResumeCallback
 .text.HAL_PCD_ISOOUTIncompleteCallback
                0x0000000008005bb8       0x24 ./USB_DEVICE/Target/usbd_conf.o
                0x0000000008005bb8                HAL_PCD_ISOOUTIncompleteCallback
 .text.HAL_PCD_ISOINIncompleteCallback
                0x0000000008005bdc       0x24 ./USB_DEVICE/Target/usbd_conf.o
                0x0000000008005bdc                HAL_PCD_ISOINIncompleteCallback
 .text.HAL_PCD_ConnectCallback
                0x0000000008005c00       0x1c ./USB_DEVICE/Target/usbd_conf.o
                0x0000000008005c00                HAL_PCD_ConnectCallback
 .text.HAL_PCD_DisconnectCallback
                0x0000000008005c1c       0x1c ./USB_DEVICE/Target/usbd_conf.o
                0x0000000008005c1c                HAL_PCD_DisconnectCallback
 .text.USBD_LL_Init
                0x0000000008005c38       0x98 ./USB_DEVICE/Target/usbd_conf.o
                0x0000000008005c38                USBD_LL_Init
 .text.USBD_LL_Start
                0x0000000008005cd0       0x36 ./USB_DEVICE/Target/usbd_conf.o
                0x0000000008005cd0                USBD_LL_Start
 .text.USBD_LL_OpenEP
                0x0000000008005d06       0x4c ./USB_DEVICE/Target/usbd_conf.o
                0x0000000008005d06                USBD_LL_OpenEP
 .text.USBD_LL_CloseEP
                0x0000000008005d52       0x3e ./USB_DEVICE/Target/usbd_conf.o
                0x0000000008005d52                USBD_LL_CloseEP
 .text.USBD_LL_StallEP
                0x0000000008005d90       0x3e ./USB_DEVICE/Target/usbd_conf.o
                0x0000000008005d90                USBD_LL_StallEP
 .text.USBD_LL_ClearStallEP
                0x0000000008005dce       0x3e ./USB_DEVICE/Target/usbd_conf.o
                0x0000000008005dce                USBD_LL_ClearStallEP
 .text.USBD_LL_IsStallEP
                0x0000000008005e0c       0x58 ./USB_DEVICE/Target/usbd_conf.o
                0x0000000008005e0c                USBD_LL_IsStallEP
 .text.USBD_LL_SetUSBAddress
                0x0000000008005e64       0x3e ./USB_DEVICE/Target/usbd_conf.o
                0x0000000008005e64                USBD_LL_SetUSBAddress
 .text.USBD_LL_Transmit
                0x0000000008005ea2       0x42 ./USB_DEVICE/Target/usbd_conf.o
                0x0000000008005ea2                USBD_LL_Transmit
 .text.USBD_LL_PrepareReceive
                0x0000000008005ee4       0x42 ./USB_DEVICE/Target/usbd_conf.o
                0x0000000008005ee4                USBD_LL_PrepareReceive
 *fill*         0x0000000008005f26        0x2 
 .text.USBD_static_malloc
                0x0000000008005f28       0x1c ./USB_DEVICE/Target/usbd_conf.o
                0x0000000008005f28                USBD_static_malloc
 .text.USBD_static_free
                0x0000000008005f44       0x14 ./USB_DEVICE/Target/usbd_conf.o
                0x0000000008005f44                USBD_static_free
 .text.USBD_Get_USB_Status
                0x0000000008005f58       0x58 ./USB_DEVICE/Target/usbd_conf.o
                0x0000000008005f58                USBD_Get_USB_Status
 .text.__libc_init_array
                0x0000000008005fb0       0x48 c:/st/stm32cubeide_1.5.0/stm32cubeide/plugins/com.st.stm32cube.ide.mcu.externaltools.gnu-tools-for-stm32.9-2020-q2-update.win32_2.0.0.202105311346/tools/bin/../lib/gcc/arm-none-eabi/9.3.1/../../../../arm-none-eabi/lib/thumb/v7e-m+fp/hard\libc_nano.a(lib_a-init.o)
                0x0000000008005fb0                __libc_init_array
 .text.memset   0x0000000008005ff8       0x10 c:/st/stm32cubeide_1.5.0/stm32cubeide/plugins/com.st.stm32cube.ide.mcu.externaltools.gnu-tools-for-stm32.9-2020-q2-update.win32_2.0.0.202105311346/tools/bin/../lib/gcc/arm-none-eabi/9.3.1/../../../../arm-none-eabi/lib/thumb/v7e-m+fp/hard\libc_nano.a(lib_a-memset.o)
                0x0000000008005ff8                memset
 *(.glue_7)
 .glue_7        0x0000000008006008        0x0 linker stubs
 *(.glue_7t)
 .glue_7t       0x0000000008006008        0x0 linker stubs
 *(.eh_frame)
 .eh_frame      0x0000000008006008        0x0 c:/st/stm32cubeide_1.5.0/stm32cubeide/plugins/com.st.stm32cube.ide.mcu.externaltools.gnu-tools-for-stm32.9-2020-q2-update.win32_2.0.0.202105311346/tools/bin/../lib/gcc/arm-none-eabi/9.3.1/thumb/v7e-m+fp/hard/crtbegin.o
 *(.init)
 .init          0x0000000008006008        0x4 c:/st/stm32cubeide_1.5.0/stm32cubeide/plugins/com.st.stm32cube.ide.mcu.externaltools.gnu-tools-for-stm32.9-2020-q2-update.win32_2.0.0.202105311346/tools/bin/../lib/gcc/arm-none-eabi/9.3.1/thumb/v7e-m+fp/hard/crti.o
                0x0000000008006008                _init
 .init          0x000000000800600c        0x8 c:/st/stm32cubeide_1.5.0/stm32cubeide/plugins/com.st.stm32cube.ide.mcu.externaltools.gnu-tools-for-stm32.9-2020-q2-update.win32_2.0.0.202105311346/tools/bin/../lib/gcc/arm-none-eabi/9.3.1/thumb/v7e-m+fp/hard/crtn.o
 *(.fini)
 .fini          0x0000000008006014        0x4 c:/st/stm32cubeide_1.5.0/stm32cubeide/plugins/com.st.stm32cube.ide.mcu.externaltools.gnu-tools-for-stm32.9-2020-q2-update.win32_2.0.0.202105311346/tools/bin/../lib/gcc/arm-none-eabi/9.3.1/thumb/v7e-m+fp/hard/crti.o
                0x0000000008006014                _fini
 .fini          0x0000000008006018        0x8 c:/st/stm32cubeide_1.5.0/stm32cubeide/plugins/com.st.stm32cube.ide.mcu.externaltools.gnu-tools-for-stm32.9-2020-q2-update.win32_2.0.0.202105311346/tools/bin/../lib/gcc/arm-none-eabi/9.3.1/thumb/v7e-m+fp/hard/crtn.o
                0x0000000008006020                . = ALIGN (0x4)
                0x0000000008006020                _etext = .

.vfp11_veneer   0x0000000008006020        0x0
 .vfp11_veneer  0x0000000008006020        0x0 linker stubs

.v4_bx          0x0000000008006020        0x0
 .v4_bx         0x0000000008006020        0x0 linker stubs

.iplt           0x0000000008006020        0x0
 .iplt          0x0000000008006020        0x0 c:/st/stm32cubeide_1.5.0/stm32cubeide/plugins/com.st.stm32cube.ide.mcu.externaltools.gnu-tools-for-stm32.9-2020-q2-update.win32_2.0.0.202105311346/tools/bin/../lib/gcc/arm-none-eabi/9.3.1/thumb/v7e-m+fp/hard/crtbegin.o

.rodata         0x0000000008006020       0x50
                0x0000000008006020                . = ALIGN (0x4)
 *(.rodata)
 .rodata        0x0000000008006020       0x3e ./USB_DEVICE/App/usbd_desc.o
 *(.rodata*)
 *fill*         0x000000000800605e        0x2 
 .rodata.AHBPrescTable
                0x0000000008006060       0x10 ./Core/Src/system_stm32f4xx.o
                0x0000000008006060                AHBPrescTable
                0x0000000008006070                . = ALIGN (0x4)

.ARM.extab      0x0000000008006070        0x0
                0x0000000008006070                . = ALIGN (0x4)
 *(.ARM.extab* .gnu.linkonce.armextab.*)
                0x0000000008006070                . = ALIGN (0x4)

.ARM            0x0000000008006070        0x8
                0x0000000008006070                . = ALIGN (0x4)
                0x0000000008006070                __exidx_start = .
 *(.ARM.exidx*)
 .ARM.exidx     0x0000000008006070        0x8 c:/st/stm32cubeide_1.5.0/stm32cubeide/plugins/com.st.stm32cube.ide.mcu.externaltools.gnu-tools-for-stm32.9-2020-q2-update.win32_2.0.0.202105311346/tools/bin/../lib/gcc/arm-none-eabi/9.3.1/thumb/v7e-m+fp/hard\libgcc.a(_udivmoddi4.o)
                0x0000000008006078                __exidx_end = .
                0x0000000008006078                . = ALIGN (0x4)

.rel.dyn        0x0000000008006078        0x0
 .rel.iplt      0x0000000008006078        0x0 c:/st/stm32cubeide_1.5.0/stm32cubeide/plugins/com.st.stm32cube.ide.mcu.externaltools.gnu-tools-for-stm32.9-2020-q2-update.win32_2.0.0.202105311346/tools/bin/../lib/gcc/arm-none-eabi/9.3.1/thumb/v7e-m+fp/hard/crtbegin.o

.preinit_array  0x0000000008006078        0x0
                0x0000000008006078                . = ALIGN (0x4)
                0x0000000008006078                PROVIDE (__preinit_array_start = .)
 *(.preinit_array*)
                0x0000000008006078                PROVIDE (__preinit_array_end = .)
                0x0000000008006078                . = ALIGN (0x4)

.init_array     0x0000000008006078        0x4
                0x0000000008006078                . = ALIGN (0x4)
                0x0000000008006078                PROVIDE (__init_array_start = .)
 *(SORT_BY_NAME(.init_array.*))
 *(.init_array*)
 .init_array    0x0000000008006078        0x4 c:/st/stm32cubeide_1.5.0/stm32cubeide/plugins/com.st.stm32cube.ide.mcu.externaltools.gnu-tools-for-stm32.9-2020-q2-update.win32_2.0.0.202105311346/tools/bin/../lib/gcc/arm-none-eabi/9.3.1/thumb/v7e-m+fp/hard/crtbegin.o
                0x000000000800607c                PROVIDE (__init_array_end = .)
                0x000000000800607c                . = ALIGN (0x4)

.fini_array     0x000000000800607c        0x4
                0x000000000800607c                . = ALIGN (0x4)
                [!provide]                        PROVIDE (__fini_array_start = .)
 *(SORT_BY_NAME(.fini_array.*))
 *(.fini_array*)
 .fini_array    0x000000000800607c        0x4 c:/st/stm32cubeide_1.5.0/stm32cubeide/plugins/com.st.stm32cube.ide.mcu.externaltools.gnu-tools-for-stm32.9-2020-q2-update.win32_2.0.0.202105311346/tools/bin/../lib/gcc/arm-none-eabi/9.3.1/thumb/v7e-m+fp/hard/crtbegin.o
                [!provide]                        PROVIDE (__fini_array_end = .)
                0x0000000008006080                . = ALIGN (0x4)
                0x0000000008006080                _sidata = LOADADDR (.data)

.data           0x0000000020000000      0x158 load address 0x0000000008006080
                0x0000000020000000                . = ALIGN (0x4)
                0x0000000020000000                _sdata = .
 *(.data)
 *(.data*)
 .data.SystemCoreClock
                0x0000000020000000        0x4 ./Core/Src/system_stm32f4xx.o
                0x0000000020000000                SystemCoreClock
 .data.uwTickPrio
                0x0000000020000004        0x4 ./Drivers/STM32F4xx_HAL_Driver/Src/stm32f4xx_hal.o
                0x0000000020000004                uwTickPrio
 .data.uwTickFreq
                0x0000000020000008        0x1 ./Drivers/STM32F4xx_HAL_Driver/Src/stm32f4xx_hal.o
                0x0000000020000008                uwTickFreq
 *fill*         0x0000000020000009        0x3 
 .data.USBD_HID
                0x000000002000000c       0x38 ./Middlewares/ST/STM32_USB_Device_Library/Class/HID/Src/usbd_hid.o
                0x000000002000000c                USBD_HID
 .data.USBD_HID_CfgFSDesc
                0x0000000020000044       0x22 ./Middlewares/ST/STM32_USB_Device_Library/Class/HID/Src/usbd_hid.o
 *fill*         0x0000000020000066        0x2 
 .data.USBD_HID_CfgHSDesc
                0x0000000020000068       0x22 ./Middlewares/ST/STM32_USB_Device_Library/Class/HID/Src/usbd_hid.o
 *fill*         0x000000002000008a        0x2 
 .data.USBD_HID_OtherSpeedCfgDesc
                0x000000002000008c       0x22 ./Middlewares/ST/STM32_USB_Device_Library/Class/HID/Src/usbd_hid.o
 *fill*         0x00000000200000ae        0x2 
 .data.USBD_HID_Desc
                0x00000000200000b0        0x9 ./Middlewares/ST/STM32_USB_Device_Library/Class/HID/Src/usbd_hid.o
 *fill*         0x00000000200000b9        0x3 
 .data.USBD_HID_DeviceQualifierDesc
                0x00000000200000bc        0xa ./Middlewares/ST/STM32_USB_Device_Library/Class/HID/Src/usbd_hid.o
 *fill*         0x00000000200000c6        0x2 
 .data.HID_MOUSE_ReportDesc
                0x00000000200000c8       0x3f ./Middlewares/ST/STM32_USB_Device_Library/Class/HID/Src/usbd_hid.o
 *fill*         0x0000000020000107        0x1 
 .data.FS_Desc  0x0000000020000108       0x1c ./USB_DEVICE/App/usbd_desc.o
                0x0000000020000108                FS_Desc
 .data.USBD_FS_DeviceDesc
                0x0000000020000124       0x12 ./USB_DEVICE/App/usbd_desc.o
                0x0000000020000124                USBD_FS_DeviceDesc
 *fill*         0x0000000020000136        0x2 
 .data.USBD_LangIDDesc
                0x0000000020000138        0x4 ./USB_DEVICE/App/usbd_desc.o
                0x0000000020000138                USBD_LangIDDesc
 .data.USBD_StringSerial
                0x000000002000013c       0x1a ./USB_DEVICE/App/usbd_desc.o
                0x000000002000013c                USBD_StringSerial
 *(.RamFunc)
 *(.RamFunc*)
                0x0000000020000158                . = ALIGN (0x4)
 *fill*         0x0000000020000156        0x2 
                0x0000000020000158                _edata = .
                0x00000000080061d8                _siccmram = LOADADDR (.ccmram)

.igot.plt       0x0000000020000158        0x0 load address 0x00000000080061d8
 .igot.plt      0x0000000020000158        0x0 c:/st/stm32cubeide_1.5.0/stm32cubeide/plugins/com.st.stm32cube.ide.mcu.externaltools.gnu-tools-for-stm32.9-2020-q2-update.win32_2.0.0.202105311346/tools/bin/../lib/gcc/arm-none-eabi/9.3.1/thumb/v7e-m+fp/hard/crtbegin.o

.ccmram         0x0000000010000000        0x0 load address 0x00000000080061d8
                0x0000000010000000                . = ALIGN (0x4)
                0x0000000010000000                _sccmram = .
 *(.ccmram)
 *(.ccmram*)
                0x0000000010000000                . = ALIGN (0x4)
                0x0000000010000000                _eccmram = .
                0x0000000010000000                . = ALIGN (0x4)

.bss            0x0000000020000158      0x918
                0x0000000020000158                _sbss = .
                0x0000000020000158                __bss_start__ = _sbss
 *(.bss)
 .bss           0x0000000020000158       0x1c c:/st/stm32cubeide_1.5.0/stm32cubeide/plugins/com.st.stm32cube.ide.mcu.externaltools.gnu-tools-for-stm32.9-2020-q2-update.win32_2.0.0.202105311346/tools/bin/../lib/gcc/arm-none-eabi/9.3.1/thumb/v7e-m+fp/hard/crtbegin.o
 *(.bss*)
 .bss.keyboardhid
                0x0000000020000174        0x8 ./Core/Src/main.o
                0x0000000020000174                keyboardhid
 .bss.flag      0x000000002000017c        0x1 ./Core/Src/main.o
                0x000000002000017c                flag
 .bss.cfgidx.9918
                0x000000002000017d        0x1 ./Middlewares/ST/STM32_USB_Device_Library/Core/Src/usbd_ctlreq.o
 *fill*         0x000000002000017e        0x2 
 .bss.mem.9955  0x0000000020000180       0x14 ./USB_DEVICE/Target/usbd_conf.o
 *(COMMON)
 COMMON         0x0000000020000194        0x4 ./Drivers/STM32F4xx_HAL_Driver/Src/stm32f4xx_hal.o
                0x0000000020000194                uwTick
 COMMON         0x0000000020000198      0x2d0 ./USB_DEVICE/App/usb_device.o
                0x0000000020000198                hUsbDeviceFS
 COMMON         0x0000000020000468      0x200 ./USB_DEVICE/App/usbd_desc.o
                0x0000000020000468                USBD_StrDesc
 COMMON         0x0000000020000668      0x408 ./USB_DEVICE/Target/usbd_conf.o
                0x0000000020000668                hpcd_USB_OTG_FS
                0x0000000020000a70                . = ALIGN (0x4)
                0x0000000020000a70                _ebss = .
                0x0000000020000a70                __bss_end__ = _ebss

._user_heap_stack
                0x0000000020000a70      0x600
                0x0000000020000a70                . = ALIGN (0x8)
                [!provide]                        PROVIDE (end = .)
                0x0000000020000a70                PROVIDE (_end = .)
                0x0000000020000c70                . = (. + _Min_Heap_Size)
 *fill*         0x0000000020000a70      0x200 
                0x0000000020001070                . = (. + _Min_Stack_Size)
 *fill*         0x0000000020000c70      0x400 
                0x0000000020001070                . = ALIGN (0x8)

/DISCARD/
 libc.a(*)
 libm.a(*)
 libgcc.a(*)

.ARM.attributes
                0x0000000000000000       0x30
 *(.ARM.attributes)
 .ARM.attributes
                0x0000000000000000       0x1e c:/st/stm32cubeide_1.5.0/stm32cubeide/plugins/com.st.stm32cube.ide.mcu.externaltools.gnu-tools-for-stm32.9-2020-q2-update.win32_2.0.0.202105311346/tools/bin/../lib/gcc/arm-none-eabi/9.3.1/thumb/v7e-m+fp/hard/crti.o
 .ARM.attributes
                0x000000000000001e       0x34 c:/st/stm32cubeide_1.5.0/stm32cubeide/plugins/com.st.stm32cube.ide.mcu.externaltools.gnu-tools-for-stm32.9-2020-q2-update.win32_2.0.0.202105311346/tools/bin/../lib/gcc/arm-none-eabi/9.3.1/thumb/v7e-m+fp/hard/crtbegin.o
 .ARM.attributes
                0x0000000000000052       0x34 ./Core/Src/main.o
 .ARM.attributes
                0x0000000000000086       0x34 ./Core/Src/stm32f4xx_hal_msp.o
 .ARM.attributes
                0x00000000000000ba       0x34 ./Core/Src/stm32f4xx_it.o
 .ARM.attributes
                0x00000000000000ee       0x34 ./Core/Src/system_stm32f4xx.o
 .ARM.attributes
                0x0000000000000122       0x21 ./Core/Startup/startup_stm32f407vgtx.o
 .ARM.attributes
                0x0000000000000143       0x34 ./Drivers/STM32F4xx_HAL_Driver/Src/stm32f4xx_hal.o
 .ARM.attributes
                0x0000000000000177       0x34 ./Drivers/STM32F4xx_HAL_Driver/Src/stm32f4xx_hal_cortex.o
 .ARM.attributes
                0x00000000000001ab       0x34 ./Drivers/STM32F4xx_HAL_Driver/Src/stm32f4xx_hal_gpio.o
 .ARM.attributes
                0x00000000000001df       0x34 ./Drivers/STM32F4xx_HAL_Driver/Src/stm32f4xx_hal_pcd.o
 .ARM.attributes
                0x0000000000000213       0x34 ./Drivers/STM32F4xx_HAL_Driver/Src/stm32f4xx_hal_pcd_ex.o
 .ARM.attributes
                0x0000000000000247       0x34 ./Drivers/STM32F4xx_HAL_Driver/Src/stm32f4xx_hal_rcc.o
 .ARM.attributes
                0x000000000000027b       0x34 ./Drivers/STM32F4xx_HAL_Driver/Src/stm32f4xx_ll_usb.o
 .ARM.attributes
                0x00000000000002af       0x34 ./Middlewares/ST/STM32_USB_Device_Library/Class/HID/Src/usbd_hid.o
 .ARM.attributes
                0x00000000000002e3       0x34 ./Middlewares/ST/STM32_USB_Device_Library/Core/Src/usbd_core.o
 .ARM.attributes
                0x0000000000000317       0x34 ./Middlewares/ST/STM32_USB_Device_Library/Core/Src/usbd_ctlreq.o
 .ARM.attributes
                0x000000000000034b       0x34 ./Middlewares/ST/STM32_USB_Device_Library/Core/Src/usbd_ioreq.o
 .ARM.attributes
                0x000000000000037f       0x34 ./USB_DEVICE/App/usb_device.o
 .ARM.attributes
                0x00000000000003b3       0x34 ./USB_DEVICE/App/usbd_desc.o
 .ARM.attributes
                0x00000000000003e7       0x34 ./USB_DEVICE/Target/usbd_conf.o
 .ARM.attributes
                0x000000000000041b       0x34 c:/st/stm32cubeide_1.5.0/stm32cubeide/plugins/com.st.stm32cube.ide.mcu.externaltools.gnu-tools-for-stm32.9-2020-q2-update.win32_2.0.0.202105311346/tools/bin/../lib/gcc/arm-none-eabi/9.3.1/../../../../arm-none-eabi/lib/thumb/v7e-m+fp/hard\libc_nano.a(lib_a-init.o)
 .ARM.attributes
                0x000000000000044f       0x34 c:/st/stm32cubeide_1.5.0/stm32cubeide/plugins/com.st.stm32cube.ide.mcu.externaltools.gnu-tools-for-stm32.9-2020-q2-update.win32_2.0.0.202105311346/tools/bin/../lib/gcc/arm-none-eabi/9.3.1/../../../../arm-none-eabi/lib/thumb/v7e-m+fp/hard\libc_nano.a(lib_a-memset.o)
 .ARM.attributes
                0x0000000000000483       0x1e c:/st/stm32cubeide_1.5.0/stm32cubeide/plugins/com.st.stm32cube.ide.mcu.externaltools.gnu-tools-for-stm32.9-2020-q2-update.win32_2.0.0.202105311346/tools/bin/../lib/gcc/arm-none-eabi/9.3.1/thumb/v7e-m+fp/hard\libgcc.a(_aeabi_uldivmod.o)
 .ARM.attributes
                0x00000000000004a1       0x34 c:/st/stm32cubeide_1.5.0/stm32cubeide/plugins/com.st.stm32cube.ide.mcu.externaltools.gnu-tools-for-stm32.9-2020-q2-update.win32_2.0.0.202105311346/tools/bin/../lib/gcc/arm-none-eabi/9.3.1/thumb/v7e-m+fp/hard\libgcc.a(_udivmoddi4.o)
 .ARM.attributes
                0x00000000000004d5       0x1e c:/st/stm32cubeide_1.5.0/stm32cubeide/plugins/com.st.stm32cube.ide.mcu.externaltools.gnu-tools-for-stm32.9-2020-q2-update.win32_2.0.0.202105311346/tools/bin/../lib/gcc/arm-none-eabi/9.3.1/thumb/v7e-m+fp/hard\libgcc.a(_dvmd_tls.o)
 .ARM.attributes
                0x00000000000004f3       0x1e c:/st/stm32cubeide_1.5.0/stm32cubeide/plugins/com.st.stm32cube.ide.mcu.externaltools.gnu-tools-for-stm32.9-2020-q2-update.win32_2.0.0.202105311346/tools/bin/../lib/gcc/arm-none-eabi/9.3.1/thumb/v7e-m+fp/hard/crtn.o
OUTPUT(usbhidinclass3.elf elf32-littlearm)
LOAD linker stubs
LOAD c:/st/stm32cubeide_1.5.0/stm32cubeide/plugins/com.st.stm32cube.ide.mcu.externaltools.gnu-tools-for-stm32.9-2020-q2-update.win32_2.0.0.202105311346/tools/bin/../lib/gcc/arm-none-eabi/9.3.1/../../../../arm-none-eabi/lib/thumb/v7e-m+fp/hard\libc.a
LOAD c:/st/stm32cubeide_1.5.0/stm32cubeide/plugins/com.st.stm32cube.ide.mcu.externaltools.gnu-tools-for-stm32.9-2020-q2-update.win32_2.0.0.202105311346/tools/bin/../lib/gcc/arm-none-eabi/9.3.1/../../../../arm-none-eabi/lib/thumb/v7e-m+fp/hard\libm.a
LOAD c:/st/stm32cubeide_1.5.0/stm32cubeide/plugins/com.st.stm32cube.ide.mcu.externaltools.gnu-tools-for-stm32.9-2020-q2-update.win32_2.0.0.202105311346/tools/bin/../lib/gcc/arm-none-eabi/9.3.1/thumb/v7e-m+fp/hard\libgcc.a

.debug_info     0x0000000000000000    0x11135
 .debug_info    0x0000000000000000     0x1727 ./Core/Src/main.o
 .debug_info    0x0000000000001727      0x394 ./Core/Src/stm32f4xx_hal_msp.o
 .debug_info    0x0000000000001abb      0x6ed ./Core/Src/stm32f4xx_it.o
 .debug_info    0x00000000000021a8      0x5a4 ./Core/Src/system_stm32f4xx.o
 .debug_info    0x000000000000274c       0x22 ./Core/Startup/startup_stm32f407vgtx.o
 .debug_info    0x000000000000276e      0x9b2 ./Drivers/STM32F4xx_HAL_Driver/Src/stm32f4xx_hal.o
 .debug_info    0x0000000000003120      0xed7 ./Drivers/STM32F4xx_HAL_Driver/Src/stm32f4xx_hal_cortex.o
 .debug_info    0x0000000000003ff7      0x83e ./Drivers/STM32F4xx_HAL_Driver/Src/stm32f4xx_hal_gpio.o
 .debug_info    0x0000000000004835     0x12dd ./Drivers/STM32F4xx_HAL_Driver/Src/stm32f4xx_hal_pcd.o
 .debug_info    0x0000000000005b12      0x7c3 ./Drivers/STM32F4xx_HAL_Driver/Src/stm32f4xx_hal_pcd_ex.o
 .debug_info    0x00000000000062d5      0x996 ./Drivers/STM32F4xx_HAL_Driver/Src/stm32f4xx_hal_rcc.o
 .debug_info    0x0000000000006c6b     0x1ab4 ./Drivers/STM32F4xx_HAL_Driver/Src/stm32f4xx_ll_usb.o
 .debug_info    0x000000000000871f     0x12c6 ./Middlewares/ST/STM32_USB_Device_Library/Class/HID/Src/usbd_hid.o
 .debug_info    0x00000000000099e5     0x13a7 ./Middlewares/ST/STM32_USB_Device_Library/Core/Src/usbd_core.o
 .debug_info    0x000000000000ad8c     0x1373 ./Middlewares/ST/STM32_USB_Device_Library/Core/Src/usbd_ctlreq.o
 .debug_info    0x000000000000c0ff     0x1095 ./Middlewares/ST/STM32_USB_Device_Library/Core/Src/usbd_ioreq.o
 .debug_info    0x000000000000d194      0xf16 ./USB_DEVICE/App/usb_device.o
 .debug_info    0x000000000000e0aa      0xdfa ./USB_DEVICE/App/usbd_desc.o
 .debug_info    0x000000000000eea4     0x2291 ./USB_DEVICE/Target/usbd_conf.o

.debug_abbrev   0x0000000000000000     0x29fe
 .debug_abbrev  0x0000000000000000      0x2b0 ./Core/Src/main.o
 .debug_abbrev  0x00000000000002b0      0x11d ./Core/Src/stm32f4xx_hal_msp.o
 .debug_abbrev  0x00000000000003cd      0x184 ./Core/Src/stm32f4xx_it.o
 .debug_abbrev  0x0000000000000551      0x145 ./Core/Src/system_stm32f4xx.o
 .debug_abbrev  0x0000000000000696       0x12 ./Core/Startup/startup_stm32f407vgtx.o
 .debug_abbrev  0x00000000000006a8      0x1ed ./Drivers/STM32F4xx_HAL_Driver/Src/stm32f4xx_hal.o
 .debug_abbrev  0x0000000000000895      0x33c ./Drivers/STM32F4xx_HAL_Driver/Src/stm32f4xx_hal_cortex.o
 .debug_abbrev  0x0000000000000bd1      0x1f1 ./Drivers/STM32F4xx_HAL_Driver/Src/stm32f4xx_hal_gpio.o
 .debug_abbrev  0x0000000000000dc2      0x2a0 ./Drivers/STM32F4xx_HAL_Driver/Src/stm32f4xx_hal_pcd.o
 .debug_abbrev  0x0000000000001062      0x1fb ./Drivers/STM32F4xx_HAL_Driver/Src/stm32f4xx_hal_pcd_ex.o
 .debug_abbrev  0x000000000000125d      0x275 ./Drivers/STM32F4xx_HAL_Driver/Src/stm32f4xx_hal_rcc.o
 .debug_abbrev  0x00000000000014d2      0x2a7 ./Drivers/STM32F4xx_HAL_Driver/Src/stm32f4xx_ll_usb.o
 .debug_abbrev  0x0000000000001779      0x2d7 ./Middlewares/ST/STM32_USB_Device_Library/Class/HID/Src/usbd_hid.o
 .debug_abbrev  0x0000000000001a50      0x2b7 ./Middlewares/ST/STM32_USB_Device_Library/Core/Src/usbd_core.o
 .debug_abbrev  0x0000000000001d07      0x2fc ./Middlewares/ST/STM32_USB_Device_Library/Core/Src/usbd_ctlreq.o
 .debug_abbrev  0x0000000000002003      0x22a ./Middlewares/ST/STM32_USB_Device_Library/Core/Src/usbd_ioreq.o
 .debug_abbrev  0x000000000000222d      0x1fb ./USB_DEVICE/App/usb_device.o
 .debug_abbrev  0x0000000000002428      0x2aa ./USB_DEVICE/App/usbd_desc.o
 .debug_abbrev  0x00000000000026d2      0x32c ./USB_DEVICE/Target/usbd_conf.o

.debug_aranges  0x0000000000000000      0xaa0
 .debug_aranges
                0x0000000000000000       0x40 ./Core/Src/main.o
 .debug_aranges
                0x0000000000000040       0x20 ./Core/Src/stm32f4xx_hal_msp.o
 .debug_aranges
                0x0000000000000060       0x70 ./Core/Src/stm32f4xx_it.o
 .debug_aranges
                0x00000000000000d0       0x28 ./Core/Src/system_stm32f4xx.o
 .debug_aranges
                0x00000000000000f8       0x28 ./Core/Startup/startup_stm32f407vgtx.o
 .debug_aranges
                0x0000000000000120       0xf0 ./Drivers/STM32F4xx_HAL_Driver/Src/stm32f4xx_hal.o
 .debug_aranges
                0x0000000000000210      0x118 ./Drivers/STM32F4xx_HAL_Driver/Src/stm32f4xx_hal_cortex.o
 .debug_aranges
                0x0000000000000328       0x58 ./Drivers/STM32F4xx_HAL_Driver/Src/stm32f4xx_hal_gpio.o
 .debug_aranges
                0x0000000000000380      0x138 ./Drivers/STM32F4xx_HAL_Driver/Src/stm32f4xx_hal_pcd.o
 .debug_aranges
                0x00000000000004b8       0x38 ./Drivers/STM32F4xx_HAL_Driver/Src/stm32f4xx_hal_pcd_ex.o
 .debug_aranges
                0x00000000000004f0       0x88 ./Drivers/STM32F4xx_HAL_Driver/Src/stm32f4xx_hal_rcc.o
 .debug_aranges
                0x0000000000000578      0x198 ./Drivers/STM32F4xx_HAL_Driver/Src/stm32f4xx_ll_usb.o
 .debug_aranges
                0x0000000000000710       0x68 ./Middlewares/ST/STM32_USB_Device_Library/Class/HID/Src/usbd_hid.o
 .debug_aranges
                0x0000000000000778       0xb8 ./Middlewares/ST/STM32_USB_Device_Library/Core/Src/usbd_core.o
 .debug_aranges
                0x0000000000000830       0x90 ./Middlewares/ST/STM32_USB_Device_Library/Core/Src/usbd_ctlreq.o
 .debug_aranges
                0x00000000000008c0       0x50 ./Middlewares/ST/STM32_USB_Device_Library/Core/Src/usbd_ioreq.o
 .debug_aranges
                0x0000000000000910       0x20 ./USB_DEVICE/App/usb_device.o
 .debug_aranges
                0x0000000000000930       0x60 ./USB_DEVICE/App/usbd_desc.o
 .debug_aranges
                0x0000000000000990      0x110 ./USB_DEVICE/Target/usbd_conf.o

.debug_ranges   0x0000000000000000      0x978
 .debug_ranges  0x0000000000000000       0x30 ./Core/Src/main.o
 .debug_ranges  0x0000000000000030       0x10 ./Core/Src/stm32f4xx_hal_msp.o
 .debug_ranges  0x0000000000000040       0x60 ./Core/Src/stm32f4xx_it.o
 .debug_ranges  0x00000000000000a0       0x18 ./Core/Src/system_stm32f4xx.o
 .debug_ranges  0x00000000000000b8       0x20 ./Core/Startup/startup_stm32f407vgtx.o
 .debug_ranges  0x00000000000000d8       0xe0 ./Drivers/STM32F4xx_HAL_Driver/Src/stm32f4xx_hal.o
 .debug_ranges  0x00000000000001b8      0x108 ./Drivers/STM32F4xx_HAL_Driver/Src/stm32f4xx_hal_cortex.o
 .debug_ranges  0x00000000000002c0       0x48 ./Drivers/STM32F4xx_HAL_Driver/Src/stm32f4xx_hal_gpio.o
 .debug_ranges  0x0000000000000308      0x128 ./Drivers/STM32F4xx_HAL_Driver/Src/stm32f4xx_hal_pcd.o
 .debug_ranges  0x0000000000000430       0x28 ./Drivers/STM32F4xx_HAL_Driver/Src/stm32f4xx_hal_pcd_ex.o
 .debug_ranges  0x0000000000000458       0x78 ./Drivers/STM32F4xx_HAL_Driver/Src/stm32f4xx_hal_rcc.o
 .debug_ranges  0x00000000000004d0      0x188 ./Drivers/STM32F4xx_HAL_Driver/Src/stm32f4xx_ll_usb.o
 .debug_ranges  0x0000000000000658       0x58 ./Middlewares/ST/STM32_USB_Device_Library/Class/HID/Src/usbd_hid.o
 .debug_ranges  0x00000000000006b0       0xa8 ./Middlewares/ST/STM32_USB_Device_Library/Core/Src/usbd_core.o
 .debug_ranges  0x0000000000000758       0x80 ./Middlewares/ST/STM32_USB_Device_Library/Core/Src/usbd_ctlreq.o
 .debug_ranges  0x00000000000007d8       0x40 ./Middlewares/ST/STM32_USB_Device_Library/Core/Src/usbd_ioreq.o
 .debug_ranges  0x0000000000000818       0x10 ./USB_DEVICE/App/usb_device.o
 .debug_ranges  0x0000000000000828       0x50 ./USB_DEVICE/App/usbd_desc.o
 .debug_ranges  0x0000000000000878      0x100 ./USB_DEVICE/Target/usbd_conf.o

.debug_macro    0x0000000000000000    0x227bb
 .debug_macro   0x0000000000000000      0x409 ./Core/Src/main.o
 .debug_macro   0x0000000000000409      0xaa8 ./Core/Src/main.o
 .debug_macro   0x0000000000000eb1      0x295 ./Core/Src/main.o
 .debug_macro   0x0000000000001146       0x2e ./Core/Src/main.o
 .debug_macro   0x0000000000001174       0x2f ./Core/Src/main.o
 .debug_macro   0x00000000000011a3       0x22 ./Core/Src/main.o
 .debug_macro   0x00000000000011c5       0x8e ./Core/Src/main.o
 .debug_macro   0x0000000000001253       0x51 ./Core/Src/main.o
 .debug_macro   0x00000000000012a4      0x103 ./Core/Src/main.o
 .debug_macro   0x00000000000013a7       0x6a ./Core/Src/main.o
 .debug_macro   0x0000000000001411      0x1df ./Core/Src/main.o
 .debug_macro   0x00000000000015f0       0x1c ./Core/Src/main.o
 .debug_macro   0x000000000000160c       0x22 ./Core/Src/main.o
 .debug_macro   0x000000000000162e       0xdf ./Core/Src/main.o
 .debug_macro   0x000000000000170d     0x102d ./Core/Src/main.o
 .debug_macro   0x000000000000273a      0x11f ./Core/Src/main.o
 .debug_macro   0x0000000000002859    0x15e58 ./Core/Src/main.o
 .debug_macro   0x00000000000186b1       0x6d ./Core/Src/main.o
 .debug_macro   0x000000000001871e     0x3666 ./Core/Src/main.o
 .debug_macro   0x000000000001bd84      0x174 ./Core/Src/main.o
 .debug_macro   0x000000000001bef8       0x5c ./Core/Src/main.o
 .debug_macro   0x000000000001bf54      0x96b ./Core/Src/main.o
 .debug_macro   0x000000000001c8bf      0x9fe ./Core/Src/main.o
 .debug_macro   0x000000000001d2bd      0x116 ./Core/Src/main.o
 .debug_macro   0x000000000001d3d3      0x13e ./Core/Src/main.o
 .debug_macro   0x000000000001d511       0xa5 ./Core/Src/main.o
 .debug_macro   0x000000000001d5b6      0x174 ./Core/Src/main.o
 .debug_macro   0x000000000001d72a      0x287 ./Core/Src/main.o
 .debug_macro   0x000000000001d9b1       0x5f ./Core/Src/main.o
 .debug_macro   0x000000000001da10      0x236 ./Core/Src/main.o
 .debug_macro   0x000000000001dc46      0x12c ./Core/Src/main.o
 .debug_macro   0x000000000001dd72      0x21e ./Core/Src/main.o
 .debug_macro   0x000000000001df90       0x2e ./Core/Src/main.o
 .debug_macro   0x000000000001dfbe      0x11a ./Core/Src/main.o
 .debug_macro   0x000000000001e0d8       0x7e ./Core/Src/main.o
 .debug_macro   0x000000000001e156       0x89 ./Core/Src/main.o
 .debug_macro   0x000000000001e1df      0x21e ./Core/Src/main.o
 .debug_macro   0x000000000001e3fd       0xba ./Core/Src/main.o
 .debug_macro   0x000000000001e4b7      0x12d ./Core/Src/main.o
 .debug_macro   0x000000000001e5e4       0x16 ./Core/Src/main.o
 .debug_macro   0x000000000001e5fa       0x52 ./Core/Src/main.o
 .debug_macro   0x000000000001e64c       0x18 ./Core/Src/main.o
 .debug_macro   0x000000000001e664       0x3c ./Core/Src/main.o
 .debug_macro   0x000000000001e6a0       0x34 ./Core/Src/main.o
 .debug_macro   0x000000000001e6d4       0x16 ./Core/Src/main.o
 .debug_macro   0x000000000001e6ea       0x35 ./Core/Src/main.o
 .debug_macro   0x000000000001e71f      0x333 ./Core/Src/main.o
 .debug_macro   0x000000000001ea52       0x10 ./Core/Src/main.o
 .debug_macro   0x000000000001ea62       0x16 ./Core/Src/main.o
 .debug_macro   0x000000000001ea78       0x43 ./Core/Src/main.o
 .debug_macro   0x000000000001eabb       0x34 ./Core/Src/main.o
 .debug_macro   0x000000000001eaef       0x10 ./Core/Src/main.o
 .debug_macro   0x000000000001eaff       0x58 ./Core/Src/main.o
 .debug_macro   0x000000000001eb57       0x71 ./Core/Src/main.o
 .debug_macro   0x000000000001ebc8       0x1c ./Core/Src/main.o
 .debug_macro   0x000000000001ebe4      0x12a ./Core/Src/main.o
 .debug_macro   0x000000000001ed0e       0x10 ./Core/Src/main.o
 .debug_macro   0x000000000001ed1e       0x1c ./Core/Src/main.o
 .debug_macro   0x000000000001ed3a       0x52 ./Core/Src/main.o
 .debug_macro   0x000000000001ed8c       0x22 ./Core/Src/main.o
 .debug_macro   0x000000000001edae       0x10 ./Core/Src/main.o
 .debug_macro   0x000000000001edbe       0x40 ./Core/Src/main.o
 .debug_macro   0x000000000001edfe       0xd5 ./Core/Src/main.o
 .debug_macro   0x000000000001eed3       0x1c ./Core/Src/main.o
 .debug_macro   0x000000000001eeef       0x3d ./Core/Src/main.o
 .debug_macro   0x000000000001ef2c       0x16 ./Core/Src/main.o
 .debug_macro   0x000000000001ef42      0x145 ./Core/Src/main.o
 .debug_macro   0x000000000001f087       0x16 ./Core/Src/main.o
 .debug_macro   0x000000000001f09d       0x16 ./Core/Src/main.o
 .debug_macro   0x000000000001f0b3       0x29 ./Core/Src/main.o
 .debug_macro   0x000000000001f0dc       0x16 ./Core/Src/main.o
 .debug_macro   0x000000000001f0f2       0x20 ./Core/Src/main.o
 .debug_macro   0x000000000001f112       0x6b ./Core/Src/main.o
 .debug_macro   0x000000000001f17d      0x1ef ./Core/Src/main.o
 .debug_macro   0x000000000001f36c       0x5e ./Core/Src/main.o
 .debug_macro   0x000000000001f3ca      0x1e3 ./Core/Src/stm32f4xx_hal_msp.o
 .debug_macro   0x000000000001f5ad      0x1ed ./Core/Src/stm32f4xx_it.o
 .debug_macro   0x000000000001f79a      0x1d4 ./Core/Src/system_stm32f4xx.o
 .debug_macro   0x000000000001f96e      0x234 ./Drivers/STM32F4xx_HAL_Driver/Src/stm32f4xx_hal.o
 .debug_macro   0x000000000001fba2      0x1d4 ./Drivers/STM32F4xx_HAL_Driver/Src/stm32f4xx_hal_cortex.o
 .debug_macro   0x000000000001fd76      0x1da ./Drivers/STM32F4xx_HAL_Driver/Src/stm32f4xx_hal_gpio.o
 .debug_macro   0x000000000001ff50      0x1e0 ./Drivers/STM32F4xx_HAL_Driver/Src/stm32f4xx_hal_pcd.o
 .debug_macro   0x0000000000020130      0x1d4 ./Drivers/STM32F4xx_HAL_Driver/Src/stm32f4xx_hal_pcd_ex.o
 .debug_macro   0x0000000000020304      0x1f8 ./Drivers/STM32F4xx_HAL_Driver/Src/stm32f4xx_hal_rcc.o
 .debug_macro   0x00000000000204fc      0x1d4 ./Drivers/STM32F4xx_HAL_Driver/Src/stm32f4xx_ll_usb.o
 .debug_macro   0x00000000000206d0      0x3f9 ./Middlewares/ST/STM32_USB_Device_Library/Class/HID/Src/usbd_hid.o
 .debug_macro   0x0000000000020ac9       0x97 ./Middlewares/ST/STM32_USB_Device_Library/Class/HID/Src/usbd_hid.o
 .debug_macro   0x0000000000020b60       0xfd ./Middlewares/ST/STM32_USB_Device_Library/Class/HID/Src/usbd_hid.o
 .debug_macro   0x0000000000020c5d       0xd9 ./Middlewares/ST/STM32_USB_Device_Library/Class/HID/Src/usbd_hid.o
 .debug_macro   0x0000000000020d36       0x56 ./Middlewares/ST/STM32_USB_Device_Library/Class/HID/Src/usbd_hid.o
 .debug_macro   0x0000000000020d8c      0x3e0 ./Middlewares/ST/STM32_USB_Device_Library/Core/Src/usbd_core.o
 .debug_macro   0x000000000002116c      0x1f5 ./Middlewares/ST/STM32_USB_Device_Library/Core/Src/usbd_core.o
 .debug_macro   0x0000000000021361      0x3ea ./Middlewares/ST/STM32_USB_Device_Library/Core/Src/usbd_ctlreq.o
 .debug_macro   0x000000000002174b      0x3e6 ./Middlewares/ST/STM32_USB_Device_Library/Core/Src/usbd_ioreq.o
 .debug_macro   0x0000000000021b31      0x410 ./USB_DEVICE/App/usb_device.o
 .debug_macro   0x0000000000021f41       0x1c ./USB_DEVICE/App/usb_device.o
 .debug_macro   0x0000000000021f5d       0x22 ./USB_DEVICE/App/usb_device.o
 .debug_macro   0x0000000000021f7f      0x423 ./USB_DEVICE/App/usbd_desc.o
 .debug_macro   0x00000000000223a2       0x1c ./USB_DEVICE/App/usbd_desc.o
 .debug_macro   0x00000000000223be      0x3fd ./USB_DEVICE/Target/usbd_conf.o

.debug_line     0x0000000000000000     0xdb85
 .debug_line    0x0000000000000000      0xadf ./Core/Src/main.o
 .debug_line    0x0000000000000adf      0x6c4 ./Core/Src/stm32f4xx_hal_msp.o
 .debug_line    0x00000000000011a3      0x7b7 ./Core/Src/stm32f4xx_it.o
 .debug_line    0x000000000000195a      0x746 ./Core/Src/system_stm32f4xx.o
 .debug_line    0x00000000000020a0       0x88 ./Core/Startup/startup_stm32f407vgtx.o
 .debug_line    0x0000000000002128      0x9ac ./Drivers/STM32F4xx_HAL_Driver/Src/stm32f4xx_hal.o
 .debug_line    0x0000000000002ad4      0xc5b ./Drivers/STM32F4xx_HAL_Driver/Src/stm32f4xx_hal_cortex.o
 .debug_line    0x000000000000372f      0xb22 ./Drivers/STM32F4xx_HAL_Driver/Src/stm32f4xx_hal_gpio.o
 .debug_line    0x0000000000004251     0x12f9 ./Drivers/STM32F4xx_HAL_Driver/Src/stm32f4xx_hal_pcd.o
 .debug_line    0x000000000000554a      0x78f ./Drivers/STM32F4xx_HAL_Driver/Src/stm32f4xx_hal_pcd_ex.o
 .debug_line    0x0000000000005cd9      0xd28 ./Drivers/STM32F4xx_HAL_Driver/Src/stm32f4xx_hal_rcc.o
 .debug_line    0x0000000000006a01     0x193b ./Drivers/STM32F4xx_HAL_Driver/Src/stm32f4xx_ll_usb.o
 .debug_line    0x000000000000833c      0xc27 ./Middlewares/ST/STM32_USB_Device_Library/Class/HID/Src/usbd_hid.o
 .debug_line    0x0000000000008f63      0xe15 ./Middlewares/ST/STM32_USB_Device_Library/Core/Src/usbd_core.o
 .debug_line    0x0000000000009d78     0x1095 ./Middlewares/ST/STM32_USB_Device_Library/Core/Src/usbd_ctlreq.o
 .debug_line    0x000000000000ae0d      0xa6c ./Middlewares/ST/STM32_USB_Device_Library/Core/Src/usbd_ioreq.o
 .debug_line    0x000000000000b879      0xa0d ./USB_DEVICE/App/usb_device.o
 .debug_line    0x000000000000c286      0xaf1 ./USB_DEVICE/App/usbd_desc.o
 .debug_line    0x000000000000cd77      0xe0e ./USB_DEVICE/Target/usbd_conf.o

.debug_str      0x0000000000000000    0xc3c08
 .debug_str     0x0000000000000000    0xc11be ./Core/Src/main.o
                                      0xc15b2 (size before relaxing)
 .debug_str     0x00000000000c11be       0x2c ./Core/Src/stm32f4xx_hal_msp.o
                                      0xbbca9 (size before relaxing)
 .debug_str     0x00000000000c11ea      0x438 ./Core/Src/stm32f4xx_it.o
                                      0xbbffd (size before relaxing)
 .debug_str     0x00000000000c1622       0xaf ./Core/Src/system_stm32f4xx.o
                                      0xbbcd2 (size before relaxing)
 .debug_str     0x00000000000c16d1       0x77 ./Core/Startup/startup_stm32f407vgtx.o
 .debug_str     0x00000000000c1748      0x583 ./Drivers/STM32F4xx_HAL_Driver/Src/stm32f4xx_hal.o
                                      0xbc7b4 (size before relaxing)
 .debug_str     0x00000000000c1ccb      0x3a5 ./Drivers/STM32F4xx_HAL_Driver/Src/stm32f4xx_hal_cortex.o
                                      0xbc5a3 (size before relaxing)
 .debug_str     0x00000000000c2070      0x15b ./Drivers/STM32F4xx_HAL_Driver/Src/stm32f4xx_hal_gpio.o
                                      0xbbe79 (size before relaxing)
 .debug_str     0x00000000000c21cb      0x564 ./Drivers/STM32F4xx_HAL_Driver/Src/stm32f4xx_hal_pcd.o
                                      0xbc4bc (size before relaxing)
 .debug_str     0x00000000000c272f      0x13f ./Drivers/STM32F4xx_HAL_Driver/Src/stm32f4xx_hal_pcd_ex.o
                                      0xbc087 (size before relaxing)
 .debug_str     0x00000000000c286e      0x259 ./Drivers/STM32F4xx_HAL_Driver/Src/stm32f4xx_hal_rcc.o
                                      0xbc0d4 (size before relaxing)
 .debug_str     0x00000000000c2ac7      0x6a0 ./Drivers/STM32F4xx_HAL_Driver/Src/stm32f4xx_ll_usb.o
                                      0xbc5f3 (size before relaxing)
 .debug_str     0x00000000000c3167      0x27a ./Middlewares/ST/STM32_USB_Device_Library/Class/HID/Src/usbd_hid.o
                                      0xc0f89 (size before relaxing)
 .debug_str     0x00000000000c33e1      0x1a2 ./Middlewares/ST/STM32_USB_Device_Library/Core/Src/usbd_core.o
                                      0xc0d92 (size before relaxing)
 .debug_str     0x00000000000c3583      0x14d ./Middlewares/ST/STM32_USB_Device_Library/Core/Src/usbd_ctlreq.o
                                      0xc0d50 (size before relaxing)
 .debug_str     0x00000000000c36d0       0xc9 ./Middlewares/ST/STM32_USB_Device_Library/Core/Src/usbd_ioreq.o
                                      0xc0ca0 (size before relaxing)
 .debug_str     0x00000000000c3799       0xb5 ./USB_DEVICE/App/usb_device.o
                                      0xc0e0c (size before relaxing)
 .debug_str     0x00000000000c384e      0x266 ./USB_DEVICE/App/usbd_desc.o
                                      0xc0bea (size before relaxing)
 .debug_str     0x00000000000c3ab4      0x154 ./USB_DEVICE/Target/usbd_conf.o
                                      0xc1ab2 (size before relaxing)

.comment        0x0000000000000000       0x53
 .comment       0x0000000000000000       0x53 ./Core/Src/main.o
                                         0x54 (size before relaxing)
 .comment       0x0000000000000053       0x54 ./Core/Src/stm32f4xx_hal_msp.o
 .comment       0x0000000000000053       0x54 ./Core/Src/stm32f4xx_it.o
 .comment       0x0000000000000053       0x54 ./Core/Src/system_stm32f4xx.o
 .comment       0x0000000000000053       0x54 ./Drivers/STM32F4xx_HAL_Driver/Src/stm32f4xx_hal.o
 .comment       0x0000000000000053       0x54 ./Drivers/STM32F4xx_HAL_Driver/Src/stm32f4xx_hal_cortex.o
 .comment       0x0000000000000053       0x54 ./Drivers/STM32F4xx_HAL_Driver/Src/stm32f4xx_hal_gpio.o
 .comment       0x0000000000000053       0x54 ./Drivers/STM32F4xx_HAL_Driver/Src/stm32f4xx_hal_pcd.o
 .comment       0x0000000000000053       0x54 ./Drivers/STM32F4xx_HAL_Driver/Src/stm32f4xx_hal_pcd_ex.o
 .comment       0x0000000000000053       0x54 ./Drivers/STM32F4xx_HAL_Driver/Src/stm32f4xx_hal_rcc.o
 .comment       0x0000000000000053       0x54 ./Drivers/STM32F4xx_HAL_Driver/Src/stm32f4xx_ll_usb.o
 .comment       0x0000000000000053       0x54 ./Middlewares/ST/STM32_USB_Device_Library/Class/HID/Src/usbd_hid.o
 .comment       0x0000000000000053       0x54 ./Middlewares/ST/STM32_USB_Device_Library/Core/Src/usbd_core.o
 .comment       0x0000000000000053       0x54 ./Middlewares/ST/STM32_USB_Device_Library/Core/Src/usbd_ctlreq.o
 .comment       0x0000000000000053       0x54 ./Middlewares/ST/STM32_USB_Device_Library/Core/Src/usbd_ioreq.o
 .comment       0x0000000000000053       0x54 ./USB_DEVICE/App/usb_device.o
 .comment       0x0000000000000053       0x54 ./USB_DEVICE/App/usbd_desc.o
 .comment       0x0000000000000053       0x54 ./USB_DEVICE/Target/usbd_conf.o

.debug_frame    0x0000000000000000     0x2a04
 .debug_frame   0x0000000000000000       0xb4 ./Core/Src/main.o
 .debug_frame   0x00000000000000b4       0x38 ./Core/Src/stm32f4xx_hal_msp.o
 .debug_frame   0x00000000000000ec      0x13c ./Core/Src/stm32f4xx_it.o
 .debug_frame   0x0000000000000228       0x58 ./Core/Src/system_stm32f4xx.o
 .debug_frame   0x0000000000000280      0x374 ./Drivers/STM32F4xx_HAL_Driver/Src/stm32f4xx_hal.o
 .debug_frame   0x00000000000005f4      0x498 ./Drivers/STM32F4xx_HAL_Driver/Src/stm32f4xx_hal_cortex.o
 .debug_frame   0x0000000000000a8c      0x14c ./Drivers/STM32F4xx_HAL_Driver/Src/stm32f4xx_hal_gpio.o
 .debug_frame   0x0000000000000bd8      0x574 ./Drivers/STM32F4xx_HAL_Driver/Src/stm32f4xx_hal_pcd.o
 .debug_frame   0x000000000000114c       0xb0 ./Drivers/STM32F4xx_HAL_Driver/Src/stm32f4xx_hal_pcd_ex.o
 .debug_frame   0x00000000000011fc      0x1f0 ./Drivers/STM32F4xx_HAL_Driver/Src/stm32f4xx_hal_rcc.o
 .debug_frame   0x00000000000013ec      0x798 ./Drivers/STM32F4xx_HAL_Driver/Src/stm32f4xx_ll_usb.o
 .debug_frame   0x0000000000001b84      0x190 ./Middlewares/ST/STM32_USB_Device_Library/Class/HID/Src/usbd_hid.o
 .debug_frame   0x0000000000001d14      0x2f4 ./Middlewares/ST/STM32_USB_Device_Library/Core/Src/usbd_core.o
 .debug_frame   0x0000000000002008      0x23c ./Middlewares/ST/STM32_USB_Device_Library/Core/Src/usbd_ctlreq.o
 .debug_frame   0x0000000000002244      0x10c ./Middlewares/ST/STM32_USB_Device_Library/Core/Src/usbd_ioreq.o
 .debug_frame   0x0000000000002350       0x2c ./USB_DEVICE/App/usb_device.o
 .debug_frame   0x000000000000237c      0x160 ./USB_DEVICE/App/usbd_desc.o
 .debug_frame   0x00000000000024dc      0x47c ./USB_DEVICE/Target/usbd_conf.o
 .debug_frame   0x0000000000002958       0x2c c:/st/stm32cubeide_1.5.0/stm32cubeide/plugins/com.st.stm32cube.ide.mcu.externaltools.gnu-tools-for-stm32.9-2020-q2-update.win32_2.0.0.202105311346/tools/bin/../lib/gcc/arm-none-eabi/9.3.1/../../../../arm-none-eabi/lib/thumb/v7e-m+fp/hard\libc_nano.a(lib_a-init.o)
 .debug_frame   0x0000000000002984       0x20 c:/st/stm32cubeide_1.5.0/stm32cubeide/plugins/com.st.stm32cube.ide.mcu.externaltools.gnu-tools-for-stm32.9-2020-q2-update.win32_2.0.0.202105311346/tools/bin/../lib/gcc/arm-none-eabi/9.3.1/../../../../arm-none-eabi/lib/thumb/v7e-m+fp/hard\libc_nano.a(lib_a-memset.o)
 .debug_frame   0x00000000000029a4       0x2c c:/st/stm32cubeide_1.5.0/stm32cubeide/plugins/com.st.stm32cube.ide.mcu.externaltools.gnu-tools-for-stm32.9-2020-q2-update.win32_2.0.0.202105311346/tools/bin/../lib/gcc/arm-none-eabi/9.3.1/thumb/v7e-m+fp/hard\libgcc.a(_aeabi_uldivmod.o)
 .debug_frame   0x00000000000029d0       0x34 c:/st/stm32cubeide_1.5.0/stm32cubeide/plugins/com.st.stm32cube.ide.mcu.externaltools.gnu-tools-for-stm32.9-2020-q2-update.win32_2.0.0.202105311346/tools/bin/../lib/gcc/arm-none-eabi/9.3.1/thumb/v7e-m+fp/hard\libgcc.a(_udivmoddi4.o)
