Archive member included to satisfy reference by file (symbol)

/Applications/STM32CubeIDE.app/Contents/Eclipse/plugins/com.st.stm32cube.ide.mcu.externaltools.gnu-tools-for-stm32.9-2020-q2-update.macos64_2.0.0.202105311346/tools/bin/../lib/gcc/arm-none-eabi/9.3.1/../../../../arm-none-eabi/lib/thumb/v7e-m+fp/hard/libc_nano.a(lib_a-errno.o)
                              ./Core/Src/syscalls.o (__errno)
/Applications/STM32CubeIDE.app/Contents/Eclipse/plugins/com.st.stm32cube.ide.mcu.externaltools.gnu-tools-for-stm32.9-2020-q2-update.macos64_2.0.0.202105311346/tools/bin/../lib/gcc/arm-none-eabi/9.3.1/../../../../arm-none-eabi/lib/thumb/v7e-m+fp/hard/libc_nano.a(lib_a-exit.o)
                              /Applications/STM32CubeIDE.app/Contents/Eclipse/plugins/com.st.stm32cube.ide.mcu.externaltools.gnu-tools-for-stm32.9-2020-q2-update.macos64_2.0.0.202105311346/tools/bin/../lib/gcc/arm-none-eabi/9.3.1/../../../../arm-none-eabi/lib/thumb/v7e-m+fp/hard/crt0.o (exit)
/Applications/STM32CubeIDE.app/Contents/Eclipse/plugins/com.st.stm32cube.ide.mcu.externaltools.gnu-tools-for-stm32.9-2020-q2-update.macos64_2.0.0.202105311346/tools/bin/../lib/gcc/arm-none-eabi/9.3.1/../../../../arm-none-eabi/lib/thumb/v7e-m+fp/hard/libc_nano.a(lib_a-impure.o)
                              /Applications/STM32CubeIDE.app/Contents/Eclipse/plugins/com.st.stm32cube.ide.mcu.externaltools.gnu-tools-for-stm32.9-2020-q2-update.macos64_2.0.0.202105311346/tools/bin/../lib/gcc/arm-none-eabi/9.3.1/../../../../arm-none-eabi/lib/thumb/v7e-m+fp/hard/libc_nano.a(lib_a-exit.o) (_global_impure_ptr)
/Applications/STM32CubeIDE.app/Contents/Eclipse/plugins/com.st.stm32cube.ide.mcu.externaltools.gnu-tools-for-stm32.9-2020-q2-update.macos64_2.0.0.202105311346/tools/bin/../lib/gcc/arm-none-eabi/9.3.1/../../../../arm-none-eabi/lib/thumb/v7e-m+fp/hard/libc_nano.a(lib_a-init.o)
                              /Applications/STM32CubeIDE.app/Contents/Eclipse/plugins/com.st.stm32cube.ide.mcu.externaltools.gnu-tools-for-stm32.9-2020-q2-update.macos64_2.0.0.202105311346/tools/bin/../lib/gcc/arm-none-eabi/9.3.1/../../../../arm-none-eabi/lib/thumb/v7e-m+fp/hard/crt0.o (__libc_init_array)
/Applications/STM32CubeIDE.app/Contents/Eclipse/plugins/com.st.stm32cube.ide.mcu.externaltools.gnu-tools-for-stm32.9-2020-q2-update.macos64_2.0.0.202105311346/tools/bin/../lib/gcc/arm-none-eabi/9.3.1/../../../../arm-none-eabi/lib/thumb/v7e-m+fp/hard/libc_nano.a(lib_a-memset.o)
                              /Applications/STM32CubeIDE.app/Contents/Eclipse/plugins/com.st.stm32cube.ide.mcu.externaltools.gnu-tools-for-stm32.9-2020-q2-update.macos64_2.0.0.202105311346/tools/bin/../lib/gcc/arm-none-eabi/9.3.1/../../../../arm-none-eabi/lib/thumb/v7e-m+fp/hard/crt0.o (memset)
/Applications/STM32CubeIDE.app/Contents/Eclipse/plugins/com.st.stm32cube.ide.mcu.externaltools.gnu-tools-for-stm32.9-2020-q2-update.macos64_2.0.0.202105311346/tools/bin/../lib/gcc/arm-none-eabi/9.3.1/../../../../arm-none-eabi/lib/thumb/v7e-m+fp/hard/libc_nano.a(lib_a-strlen.o)
                              ./Core/Src/main.o (strlen)
/Applications/STM32CubeIDE.app/Contents/Eclipse/plugins/com.st.stm32cube.ide.mcu.externaltools.gnu-tools-for-stm32.9-2020-q2-update.macos64_2.0.0.202105311346/tools/bin/../lib/gcc/arm-none-eabi/9.3.1/thumb/v7e-m+fp/hard/libgcc.a(_aeabi_uldivmod.o)
                              ./Drivers/STM32F4xx_HAL_Driver/Src/stm32f4xx_hal_rcc.o (__aeabi_uldivmod)
/Applications/STM32CubeIDE.app/Contents/Eclipse/plugins/com.st.stm32cube.ide.mcu.externaltools.gnu-tools-for-stm32.9-2020-q2-update.macos64_2.0.0.202105311346/tools/bin/../lib/gcc/arm-none-eabi/9.3.1/thumb/v7e-m+fp/hard/libgcc.a(_udivmoddi4.o)
                              /Applications/STM32CubeIDE.app/Contents/Eclipse/plugins/com.st.stm32cube.ide.mcu.externaltools.gnu-tools-for-stm32.9-2020-q2-update.macos64_2.0.0.202105311346/tools/bin/../lib/gcc/arm-none-eabi/9.3.1/thumb/v7e-m+fp/hard/libgcc.a(_aeabi_uldivmod.o) (__udivmoddi4)
/Applications/STM32CubeIDE.app/Contents/Eclipse/plugins/com.st.stm32cube.ide.mcu.externaltools.gnu-tools-for-stm32.9-2020-q2-update.macos64_2.0.0.202105311346/tools/bin/../lib/gcc/arm-none-eabi/9.3.1/thumb/v7e-m+fp/hard/libgcc.a(_dvmd_tls.o)
                              /Applications/STM32CubeIDE.app/Contents/Eclipse/plugins/com.st.stm32cube.ide.mcu.externaltools.gnu-tools-for-stm32.9-2020-q2-update.macos64_2.0.0.202105311346/tools/bin/../lib/gcc/arm-none-eabi/9.3.1/thumb/v7e-m+fp/hard/libgcc.a(_aeabi_uldivmod.o) (__aeabi_ldiv0)

Allocating common symbols
Common symbol       size              file

hUsbDeviceFS        0x2d0             ./USB_DEVICE/App/usb_device.o
hpcd_USB_OTG_FS     0x408             ./USB_DEVICE/Target/usbd_conf.o
uwTick              0x4               ./Drivers/STM32F4xx_HAL_Driver/Src/stm32f4xx_hal.o
pFlash              0x20              ./Drivers/STM32F4xx_HAL_Driver/Src/stm32f4xx_hal_flash.o
UserRxBufferFS      0x800             ./USB_DEVICE/App/usbd_cdc_if.o
[...]
Memory Configuration

Name             Origin             Length             Attributes
CCMRAM           0x0000000010000000 0x0000000000010000 xrw
RAM              0x0000000020000000 0x0000000000020000 xrw
FLASH            0x0000000008000000 0x0000000000100000 xr
*default*        0x0000000000000000 0xffffffffffffffff

Linker script and memory map

LOAD /Applications/STM32CubeIDE.app/Contents/Eclipse/plugins/com.st.stm32cube.ide.mcu.externaltools.gnu-tools-for-stm32.9-2020-q2-update.macos64_2.0.0.202105311346/tools/bin/../lib/gcc/arm-none-eabi/9.3.1/thumb/v7e-m+fp/hard/crti.o
LOAD /Applications/STM32CubeIDE.app/Contents/Eclipse/plugins/com.st.stm32cube.ide.mcu.externaltools.gnu-tools-for-stm32.9-2020-q2-update.macos64_2.0.0.202105311346/tools/bin/../lib/gcc/arm-none-eabi/9.3.1/thumb/v7e-m+fp/hard/crtbegin.o
LOAD /Applications/STM32CubeIDE.app/Contents/Eclipse/plugins/com.st.stm32cube.ide.mcu.externaltools.gnu-tools-for-stm32.9-2020-q2-update.macos64_2.0.0.202105311346/tools/bin/../lib/gcc/arm-none-eabi/9.3.1/../../../../arm-none-eabi/lib/thumb/v7e-m+fp/hard/crt0.o
LOAD ./Core/Src/main.o
LOAD ./Core/Src/stm32f4xx_hal_msp.o
LOAD ./Core/Src/stm32f4xx_it.o
LOAD ./Core/Src/syscalls.o
LOAD ./Core/Src/sysmem.o
LOAD ./Core/Src/system_stm32f4xx.o
LOAD ./Core/Startup/startup_stm32f407vgtx.o
LOAD ./Drivers/STM32F4xx_HAL_Driver/Src/stm32f4xx_hal.o
LOAD ./Drivers/STM32F4xx_HAL_Driver/Src/stm32f4xx_hal_cortex.o
LOAD ./Drivers/STM32F4xx_HAL_Driver/Src/stm32f4xx_hal_dma.o
LOAD ./Drivers/STM32F4xx_HAL_Driver/Src/stm32f4xx_hal_dma_ex.o
LOAD ./Drivers/STM32F4xx_HAL_Driver/Src/stm32f4xx_hal_exti.o
LOAD ./Drivers/STM32F4xx_HAL_Driver/Src/stm32f4xx_hal_flash.o
LOAD ./Drivers/STM32F4xx_HAL_Driver/Src/stm32f4xx_hal_flash_ex.o
LOAD ./Drivers/STM32F4xx_HAL_Driver/Src/stm32f4xx_hal_flash_ramfunc.o
LOAD ./Drivers/STM32F4xx_HAL_Driver/Src/stm32f4xx_hal_gpio.o
LOAD ./Drivers/STM32F4xx_HAL_Driver/Src/stm32f4xx_hal_pcd.o
LOAD ./Drivers/STM32F4xx_HAL_Driver/Src/stm32f4xx_hal_pcd_ex.o
LOAD ./Drivers/STM32F4xx_HAL_Driver/Src/stm32f4xx_hal_pwr.o
LOAD ./Drivers/STM32F4xx_HAL_Driver/Src/stm32f4xx_hal_pwr_ex.o
LOAD ./Drivers/STM32F4xx_HAL_Driver/Src/stm32f4xx_hal_rcc.o
LOAD ./Drivers/STM32F4xx_HAL_Driver/Src/stm32f4xx_hal_rcc_ex.o
LOAD ./Drivers/STM32F4xx_HAL_Driver/Src/stm32f4xx_hal_tim.o
LOAD ./Drivers/STM32F4xx_HAL_Driver/Src/stm32f4xx_hal_tim_ex.o
LOAD ./Drivers/STM32F4xx_HAL_Driver/Src/stm32f4xx_ll_usb.o
LOAD ./Middlewares/ST/STM32_USB_Device_Library/Class/CDC/Src/usbd_cdc.o
LOAD ./Middlewares/ST/STM32_USB_Device_Library/Core/Src/usbd_core.o
LOAD ./Middlewares/ST/STM32_USB_Device_Library/Core/Src/usbd_ctlreq.o
LOAD ./Middlewares/ST/STM32_USB_Device_Library/Core/Src/usbd_ioreq.o
LOAD ./USB_DEVICE/App/usb_device.o
LOAD ./USB_DEVICE/App/usbd_cdc_if.o
LOAD ./USB_DEVICE/App/usbd_desc.o
LOAD ./USB_DEVICE/Target/usbd_conf.o
START GROUP
LOAD /Applications/STM32CubeIDE.app/Contents/Eclipse/plugins/com.st.stm32cube.ide.mcu.externaltools.gnu-tools-for-stm32.9-2020-q2-update.macos64_2.0.0.202105311346/tools/bin/../lib/gcc/arm-none-eabi/9.3.1/../../../../arm-none-eabi/lib/thumb/v7e-m+fp/hard/libc_nano.a
LOAD /Applications/STM32CubeIDE.app/Contents/Eclipse/plugins/com.st.stm32cube.ide.mcu.externaltools.gnu-tools-for-stm32.9-2020-q2-update.macos64_2.0.0.202105311346/tools/bin/../lib/gcc/arm-none-eabi/9.3.1/../../../../arm-none-eabi/lib/thumb/v7e-m+fp/hard/libm.a
END GROUP
START GROUP
LOAD /Applications/STM32CubeIDE.app/Contents/Eclipse/plugins/com.st.stm32cube.ide.mcu.externaltools.gnu-tools-for-stm32.9-2020-q2-update.macos64_2.0.0.202105311346/tools/bin/../lib/gcc/arm-none-eabi/9.3.1/thumb/v7e-m+fp/hard/libgcc.a
LOAD /Applications/STM32CubeIDE.app/Contents/Eclipse/plugins/com.st.stm32cube.ide.mcu.externaltools.gnu-tools-for-stm32.9-2020-q2-update.macos64_2.0.0.202105311346/tools/bin/../lib/gcc/arm-none-eabi/9.3.1/../../../../arm-none-eabi/lib/thumb/v7e-m+fp/hard/libc_nano.a
END GROUP
START GROUP
LOAD /Applications/STM32CubeIDE.app/Contents/Eclipse/plugins/com.st.stm32cube.ide.mcu.externaltools.gnu-tools-for-stm32.9-2020-q2-update.macos64_2.0.0.202105311346/tools/bin/../lib/gcc/arm-none-eabi/9.3.1/thumb/v7e-m+fp/hard/libgcc.a
LOAD /Applications/STM32CubeIDE.app/Contents/Eclipse/plugins/com.st.stm32cube.ide.mcu.externaltools.gnu-tools-for-stm32.9-2020-q2-update.macos64_2.0.0.202105311346/tools/bin/../lib/gcc/arm-none-eabi/9.3.1/../../../../arm-none-eabi/lib/thumb/v7e-m+fp/hard/libc_nano.a
LOAD /Applications/STM32CubeIDE.app/Contents/Eclipse/plugins/com.st.stm32cube.ide.mcu.externaltools.gnu-tools-for-stm32.9-2020-q2-update.macos64_2.0.0.202105311346/tools/bin/../lib/gcc/arm-none-eabi/9.3.1/../../../../arm-none-eabi/lib/thumb/v7e-m+fp/hard/libnosys.a
END GROUP
START GROUP
LOAD /Applications/STM32CubeIDE.app/Contents/Eclipse/plugins/com.st.stm32cube.ide.mcu.externaltools.gnu-tools-for-stm32.9-2020-q2-update.macos64_2.0.0.202105311346/tools/bin/../lib/gcc/arm-none-eabi/9.3.1/thumb/v7e-m+fp/hard/libgcc.a
LOAD /Applications/STM32CubeIDE.app/Contents/Eclipse/plugins/com.st.stm32cube.ide.mcu.externaltools.gnu-tools-for-stm32.9-2020-q2-update.macos64_2.0.0.202105311346/tools/bin/../lib/gcc/arm-none-eabi/9.3.1/../../../../arm-none-eabi/lib/thumb/v7e-m+fp/hard/libc_nano.a
LOAD /Applications/STM32CubeIDE.app/Contents/Eclipse/plugins/com.st.stm32cube.ide.mcu.externaltools.gnu-tools-for-stm32.9-2020-q2-update.macos64_2.0.0.202105311346/tools/bin/../lib/gcc/arm-none-eabi/9.3.1/../../../../arm-none-eabi/lib/thumb/v7e-m+fp/hard/libnosys.a
END GROUP
LOAD /Applications/STM32CubeIDE.app/Contents/Eclipse/plugins/com.st.stm32cube.ide.mcu.externaltools.gnu-tools-for-stm32.9-2020-q2-update.macos64_2.0.0.202105311346/tools/bin/../lib/gcc/arm-none-eabi/9.3.1/thumb/v7e-m+fp/hard/crtend.o
LOAD /Applications/STM32CubeIDE.app/Contents/Eclipse/plugins/com.st.stm32cube.ide.mcu.externaltools.gnu-tools-for-stm32.9-2020-q2-update.macos64_2.0.0.202105311346/tools/bin/../lib/gcc/arm-none-eabi/9.3.1/thumb/v7e-m+fp/hard/crtn.o
                0x0000000020020000                _estack = (ORIGIN (RAM) + LENGTH (RAM))
                0x0000000000000200                _Min_Heap_Size = 0x200
                0x0000000000000400                _Min_Stack_Size = 0x400

.isr_vector     0x0000000008000000      0x188
                0x0000000008000000                . = ALIGN (0x4)
 *(.isr_vector)
 .isr_vector    0x0000000008000000      0x188 ./Core/Startup/startup_stm32f407vgtx.o
                0x0000000008000000                g_pfnVectors
                0x0000000008000188                . = ALIGN (0x4)

.text           0x0000000008000188     0x6634
                0x0000000008000188                . = ALIGN (0x4)
 *(.text)
 .text          0x0000000008000188       0x40 /Applications/STM32CubeIDE.app/Contents/Eclipse/plugins/com.st.stm32cube.ide.mcu.externaltools.gnu-tools-for-stm32.9-2020-q2-update.macos64_2.0.0.202105311346/tools/bin/../lib/gcc/arm-none-eabi/9.3.1/thumb/v7e-m+fp/hard/crtbegin.o
 .text          0x00000000080001c8       0x10 /Applications/STM32CubeIDE.app/Contents/Eclipse/plugins/com.st.stm32cube.ide.mcu.externaltools.gnu-tools-for-stm32.9-2020-q2-update.macos64_2.0.0.202105311346/tools/bin/../lib/gcc/arm-none-eabi/9.3.1/../../../../arm-none-eabi/lib/thumb/v7e-m+fp/hard/libc_nano.a(lib_a-strlen.o)
                0x00000000080001c8                strlen
 .text          0x00000000080001d8       0x30 /Applications/STM32CubeIDE.app/Contents/Eclipse/plugins/com.st.stm32cube.ide.mcu.externaltools.gnu-tools-for-stm32.9-2020-q2-update.macos64_2.0.0.202105311346/tools/bin/../lib/gcc/arm-none-eabi/9.3.1/thumb/v7e-m+fp/hard/libgcc.a(_aeabi_uldivmod.o)
                0x00000000080001d8                __aeabi_uldivmod
 .text          0x0000000008000208      0x2c4 /Applications/STM32CubeIDE.app/Contents/Eclipse/plugins/com.st.stm32cube.ide.mcu.externaltools.gnu-tools-for-stm32.9-2020-q2-update.macos64_2.0.0.202105311346/tools/bin/../lib/gcc/arm-none-eabi/9.3.1/thumb/v7e-m+fp/hard/libgcc.a(_udivmoddi4.o)
                0x0000000008000208                __udivmoddi4
 .text          0x00000000080004cc        0x4 /Applications/STM32CubeIDE.app/Contents/Eclipse/plugins/com.st.stm32cube.ide.mcu.externaltools.gnu-tools-for-stm32.9-2020-q2-update.macos64_2.0.0.202105311346/tools/bin/../lib/gcc/arm-none-eabi/9.3.1/thumb/v7e-m+fp/hard/libgcc.a(_dvmd_tls.o)
                0x00000000080004cc                __aeabi_ldiv0
                0x00000000080004cc                __aeabi_idiv0
 *(.text*)
 .text.main     0x00000000080004d0      0x1f4 ./Core/Src/main.o
                0x00000000080004d0                main
 .text.SystemClock_Config
                0x00000000080006c4       0xd4 ./Core/Src/main.o
                0x00000000080006c4                SystemClock_Config
 .text.MX_GPIO_Init
                0x0000000008000798       0x88 ./Core/Src/main.o
 .text.findcharindex
                0x0000000008000820       0x40 ./Core/Src/main.o
                0x0000000008000820                findcharindex
 .text.HAL_GPIO_EXTI_Callback
                0x0000000008000860       0x6c ./Core/Src/main.o
                0x0000000008000860                HAL_GPIO_EXTI_Callback
 .text.Error_Handler
                0x00000000080008cc        0xa ./Core/Src/main.o
                0x00000000080008cc                Error_Handler
 *fill*         0x00000000080008d6        0x2 
 .text.HAL_MspInit
                0x00000000080008d8       0x50 ./Core/Src/stm32f4xx_hal_msp.o
                0x00000000080008d8                HAL_MspInit
 .text.NMI_Handler
                0x0000000008000928        0x6 ./Core/Src/stm32f4xx_it.o
                0x0000000008000928                NMI_Handler
 .text.HardFault_Handler
                0x000000000800092e        0x6 ./Core/Src/stm32f4xx_it.o
                0x000000000800092e                HardFault_Handler
 .text.MemManage_Handler
                0x0000000008000934        0x6 ./Core/Src/stm32f4xx_it.o
                0x0000000008000934                MemManage_Handler
 .text.BusFault_Handler
                0x000000000800093a        0x6 ./Core/Src/stm32f4xx_it.o
                0x000000000800093a                BusFault_Handler
 .text.UsageFault_Handler
                0x0000000008000940        0x6 ./Core/Src/stm32f4xx_it.o
                0x0000000008000940                UsageFault_Handler
 .text.SVC_Handler
                0x0000000008000946        0xe ./Core/Src/stm32f4xx_it.o
                0x0000000008000946                SVC_Handler
 .text.DebugMon_Handler
                0x0000000008000954        0xe ./Core/Src/stm32f4xx_it.o
                0x0000000008000954                DebugMon_Handler
 .text.PendSV_Handler
                0x0000000008000962        0xe ./Core/Src/stm32f4xx_it.o
                0x0000000008000962                PendSV_Handler
 .text.SysTick_Handler
                0x0000000008000970        0xc ./Core/Src/stm32f4xx_it.o
                0x0000000008000970                SysTick_Handler
 .text.EXTI0_IRQHandler
                0x000000000800097c        0xe ./Core/Src/stm32f4xx_it.o
                0x000000000800097c                EXTI0_IRQHandler
 *fill*         0x000000000800098a        0x2 
 .text.OTG_FS_IRQHandler
                0x000000000800098c       0x14 ./Core/Src/stm32f4xx_it.o
                0x000000000800098c                OTG_FS_IRQHandler
 .text.SystemInit
                0x00000000080009a0       0x24 ./Core/Src/system_stm32f4xx.o
                0x00000000080009a0                SystemInit
 .text.Reset_Handler
                0x00000000080009c4       0x50 ./Core/Startup/startup_stm32f407vgtx.o
                0x00000000080009c4                Reset_Handler
 .text.Default_Handler
                0x0000000008000a14        0x2 ./Core/Startup/startup_stm32f407vgtx.o
                0x0000000008000a14                DMA1_Stream3_IRQHandler
                0x0000000008000a14                HASH_RNG_IRQHandler
                0x0000000008000a14                EXTI2_IRQHandler
                0x0000000008000a14                TIM8_CC_IRQHandler
                0x0000000008000a14                TIM1_CC_IRQHandler
                0x0000000008000a14                DMA2_Stream5_IRQHandler
                0x0000000008000a14                DMA1_Stream5_IRQHandler
                0x0000000008000a14                PVD_IRQHandler
                0x0000000008000a14                SDIO_IRQHandler
                0x0000000008000a14                TAMP_STAMP_IRQHandler
                0x0000000008000a14                CAN2_RX1_IRQHandler
                0x0000000008000a14                EXTI3_IRQHandler
                0x0000000008000a14                TIM8_TRG_COM_TIM14_IRQHandler
                0x0000000008000a14                TIM1_UP_TIM10_IRQHandler
                0x0000000008000a14                TIM8_UP_TIM13_IRQHandler
                0x0000000008000a14                I2C3_ER_IRQHandler
                0x0000000008000a14                I2C2_EV_IRQHandler
                0x0000000008000a14                DMA1_Stream2_IRQHandler
                0x0000000008000a14                CAN1_RX0_IRQHandler
                0x0000000008000a14                FPU_IRQHandler
                0x0000000008000a14                OTG_HS_WKUP_IRQHandler
                0x0000000008000a14                CAN2_SCE_IRQHandler
                0x0000000008000a14                DMA2_Stream2_IRQHandler
                0x0000000008000a14                SPI1_IRQHandler
                0x0000000008000a14                TIM6_DAC_IRQHandler
                0x0000000008000a14                TIM1_BRK_TIM9_IRQHandler
                0x0000000008000a14                DCMI_IRQHandler
                0x0000000008000a14                CAN2_RX0_IRQHandler
                0x0000000008000a14                DMA2_Stream3_IRQHandler
                0x0000000008000a14                USART6_IRQHandler
                0x0000000008000a14                USART3_IRQHandler
                0x0000000008000a14                CAN1_RX1_IRQHandler
                0x0000000008000a14                UART5_IRQHandler
                0x0000000008000a14                DMA2_Stream0_IRQHandler
                0x0000000008000a14                TIM4_IRQHandler
                0x0000000008000a14                I2C1_EV_IRQHandler
                0x0000000008000a14                DMA1_Stream6_IRQHandler
                0x0000000008000a14                DMA1_Stream1_IRQHandler
                0x0000000008000a14                UART4_IRQHandler
                0x0000000008000a14                TIM3_IRQHandler
                0x0000000008000a14                RCC_IRQHandler
                0x0000000008000a14                TIM8_BRK_TIM12_IRQHandler
                0x0000000008000a14                Default_Handler
                0x0000000008000a14                EXTI15_10_IRQHandler
                0x0000000008000a14                ADC_IRQHandler
                0x0000000008000a14                DMA1_Stream7_IRQHandler
                0x0000000008000a14                TIM7_IRQHandler
                0x0000000008000a14                CAN2_TX_IRQHandler
                0x0000000008000a14                TIM5_IRQHandler
                0x0000000008000a14                DMA2_Stream7_IRQHandler
                0x0000000008000a14                I2C3_EV_IRQHandler
                0x0000000008000a14                EXTI9_5_IRQHandler
                0x0000000008000a14                RTC_WKUP_IRQHandler
                0x0000000008000a14                ETH_WKUP_IRQHandler
                0x0000000008000a14                SPI2_IRQHandler
                0x0000000008000a14                OTG_HS_EP1_IN_IRQHandler
                0x0000000008000a14                DMA1_Stream0_IRQHandler
                0x0000000008000a14                CAN1_TX_IRQHandler
                0x0000000008000a14                EXTI4_IRQHandler
                0x0000000008000a14                FSMC_IRQHandler
                0x0000000008000a14                ETH_IRQHandler
                0x0000000008000a14                OTG_HS_EP1_OUT_IRQHandler
                0x0000000008000a14                WWDG_IRQHandler
                0x0000000008000a14                TIM2_IRQHandler
                0x0000000008000a14                OTG_FS_WKUP_IRQHandler
                0x0000000008000a14                TIM1_TRG_COM_TIM11_IRQHandler
                0x0000000008000a14                OTG_HS_IRQHandler
                0x0000000008000a14                EXTI1_IRQHandler
                0x0000000008000a14                USART2_IRQHandler
                0x0000000008000a14                I2C2_ER_IRQHandler
                0x0000000008000a14                DMA2_Stream1_IRQHandler
                0x0000000008000a14                CAN1_SCE_IRQHandler
                0x0000000008000a14                FLASH_IRQHandler
                0x0000000008000a14                DMA2_Stream4_IRQHandler
                0x0000000008000a14                USART1_IRQHandler
                0x0000000008000a14                SPI3_IRQHandler
                0x0000000008000a14                DMA1_Stream4_IRQHandler
                0x0000000008000a14                I2C1_ER_IRQHandler
                0x0000000008000a14                DMA2_Stream6_IRQHandler
                0x0000000008000a14                RTC_Alarm_IRQHandler
 *fill*         0x0000000008000a16        0x2 
 .text.HAL_Init
                0x0000000008000a18       0x44 ./Drivers/STM32F4xx_HAL_Driver/Src/stm32f4xx_hal.o
                0x0000000008000a18                HAL_Init
 .text.HAL_InitTick
                0x0000000008000a5c       0x60 ./Drivers/STM32F4xx_HAL_Driver/Src/stm32f4xx_hal.o
                0x0000000008000a5c                HAL_InitTick
 .text.HAL_IncTick
                0x0000000008000abc       0x28 ./Drivers/STM32F4xx_HAL_Driver/Src/stm32f4xx_hal.o
                0x0000000008000abc                HAL_IncTick
 .text.HAL_GetTick
                0x0000000008000ae4       0x18 ./Drivers/STM32F4xx_HAL_Driver/Src/stm32f4xx_hal.o
                0x0000000008000ae4                HAL_GetTick
 .text.HAL_Delay
                0x0000000008000afc       0x48 ./Drivers/STM32F4xx_HAL_Driver/Src/stm32f4xx_hal.o
                0x0000000008000afc                HAL_Delay
 .text.__NVIC_SetPriorityGrouping
                0x0000000008000b44       0x48 ./Drivers/STM32F4xx_HAL_Driver/Src/stm32f4xx_hal_cortex.o
 .text.__NVIC_GetPriorityGrouping
                0x0000000008000b8c       0x1c ./Drivers/STM32F4xx_HAL_Driver/Src/stm32f4xx_hal_cortex.o
 .text.__NVIC_EnableIRQ
                0x0000000008000ba8       0x3c ./Drivers/STM32F4xx_HAL_Driver/Src/stm32f4xx_hal_cortex.o
 .text.__NVIC_DisableIRQ
                0x0000000008000be4       0x48 ./Drivers/STM32F4xx_HAL_Driver/Src/stm32f4xx_hal_cortex.o
 .text.__NVIC_SetPriority
                0x0000000008000c2c       0x54 ./Drivers/STM32F4xx_HAL_Driver/Src/stm32f4xx_hal_cortex.o
 .text.NVIC_EncodePriority
                0x0000000008000c80       0x66 ./Drivers/STM32F4xx_HAL_Driver/Src/stm32f4xx_hal_cortex.o
 *fill*         0x0000000008000ce6        0x2 
 .text.SysTick_Config
                0x0000000008000ce8       0x44 ./Drivers/STM32F4xx_HAL_Driver/Src/stm32f4xx_hal_cortex.o
 .text.HAL_NVIC_SetPriorityGrouping
                0x0000000008000d2c       0x16 ./Drivers/STM32F4xx_HAL_Driver/Src/stm32f4xx_hal_cortex.o
                0x0000000008000d2c                HAL_NVIC_SetPriorityGrouping
 .text.HAL_NVIC_SetPriority
                0x0000000008000d42       0x38 ./Drivers/STM32F4xx_HAL_Driver/Src/stm32f4xx_hal_cortex.o
                0x0000000008000d42                HAL_NVIC_SetPriority
 .text.HAL_NVIC_EnableIRQ
                0x0000000008000d7a       0x1c ./Drivers/STM32F4xx_HAL_Driver/Src/stm32f4xx_hal_cortex.o
                0x0000000008000d7a                HAL_NVIC_EnableIRQ
 .text.HAL_NVIC_DisableIRQ
                0x0000000008000d96       0x1c ./Drivers/STM32F4xx_HAL_Driver/Src/stm32f4xx_hal_cortex.o
                0x0000000008000d96                HAL_NVIC_DisableIRQ
 .text.HAL_SYSTICK_Config
                0x0000000008000db2       0x18 ./Drivers/STM32F4xx_HAL_Driver/Src/stm32f4xx_hal_cortex.o
                0x0000000008000db2                HAL_SYSTICK_Config
 *fill*         0x0000000008000dca        0x2 
 .text.HAL_GPIO_Init
                0x0000000008000dcc      0x338 ./Drivers/STM32F4xx_HAL_Driver/Src/stm32f4xx_hal_gpio.o
                0x0000000008000dcc                HAL_GPIO_Init
 .text.HAL_GPIO_ReadPin
                0x0000000008001104       0x30 ./Drivers/STM32F4xx_HAL_Driver/Src/stm32f4xx_hal_gpio.o
                0x0000000008001104                HAL_GPIO_ReadPin
 .text.HAL_GPIO_EXTI_IRQHandler
                0x0000000008001134       0x30 ./Drivers/STM32F4xx_HAL_Driver/Src/stm32f4xx_hal_gpio.o
                0x0000000008001134                HAL_GPIO_EXTI_IRQHandler
 .text.HAL_PCD_Init
                0x0000000008001164      0x23a ./Drivers/STM32F4xx_HAL_Driver/Src/stm32f4xx_hal_pcd.o
                0x0000000008001164                HAL_PCD_Init
 .text.HAL_PCD_Start
                0x000000000800139e       0x66 ./Drivers/STM32F4xx_HAL_Driver/Src/stm32f4xx_hal_pcd.o
                0x000000000800139e                HAL_PCD_Start
 .text.HAL_PCD_IRQHandler
                0x0000000008001404      0x764 ./Drivers/STM32F4xx_HAL_Driver/Src/stm32f4xx_hal_pcd.o
                0x0000000008001404                HAL_PCD_IRQHandler
 .text.HAL_PCD_SetAddress
                0x0000000008001b68       0x4a ./Drivers/STM32F4xx_HAL_Driver/Src/stm32f4xx_hal_pcd.o
                0x0000000008001b68                HAL_PCD_SetAddress
 .text.HAL_PCD_EP_Open
                0x0000000008001bb2       0xd0 ./Drivers/STM32F4xx_HAL_Driver/Src/stm32f4xx_hal_pcd.o
                0x0000000008001bb2                HAL_PCD_EP_Open
 .text.HAL_PCD_EP_Close
                0x0000000008001c82       0x94 ./Drivers/STM32F4xx_HAL_Driver/Src/stm32f4xx_hal_pcd.o
                0x0000000008001c82                HAL_PCD_EP_Close
 .text.HAL_PCD_EP_Receive
                0x0000000008001d16       0x96 ./Drivers/STM32F4xx_HAL_Driver/Src/stm32f4xx_hal_pcd.o
                0x0000000008001d16                HAL_PCD_EP_Receive
 .text.HAL_PCD_EP_GetRxCount
                0x0000000008001dac       0x30 ./Drivers/STM32F4xx_HAL_Driver/Src/stm32f4xx_hal_pcd.o
                0x0000000008001dac                HAL_PCD_EP_GetRxCount
 .text.HAL_PCD_EP_Transmit
                0x0000000008001ddc       0x94 ./Drivers/STM32F4xx_HAL_Driver/Src/stm32f4xx_hal_pcd.o
                0x0000000008001ddc                HAL_PCD_EP_Transmit
 .text.HAL_PCD_EP_SetStall
                0x0000000008001e70       0xc8 ./Drivers/STM32F4xx_HAL_Driver/Src/stm32f4xx_hal_pcd.o
                0x0000000008001e70                HAL_PCD_EP_SetStall
 .text.HAL_PCD_EP_ClrStall
                0x0000000008001f38       0xac ./Drivers/STM32F4xx_HAL_Driver/Src/stm32f4xx_hal_pcd.o
                0x0000000008001f38                HAL_PCD_EP_ClrStall
 .text.PCD_WriteEmptyTxFifo
                0x0000000008001fe4      0x11a ./Drivers/STM32F4xx_HAL_Driver/Src/stm32f4xx_hal_pcd.o
 *fill*         0x00000000080020fe        0x2 
 .text.PCD_EP_OutXfrComplete_int
                0x0000000008002100      0x218 ./Drivers/STM32F4xx_HAL_Driver/Src/stm32f4xx_hal_pcd.o
 .text.PCD_EP_OutSetupPacket_int
                0x0000000008002318       0x8c ./Drivers/STM32F4xx_HAL_Driver/Src/stm32f4xx_hal_pcd.o
 .text.HAL_PCDEx_SetTxFiFo
                0x00000000080023a4       0x8e ./Drivers/STM32F4xx_HAL_Driver/Src/stm32f4xx_hal_pcd_ex.o
                0x00000000080023a4                HAL_PCDEx_SetTxFiFo
 .text.HAL_PCDEx_SetRxFiFo
                0x0000000008002432       0x22 ./Drivers/STM32F4xx_HAL_Driver/Src/stm32f4xx_hal_pcd_ex.o
                0x0000000008002432                HAL_PCDEx_SetRxFiFo
 .text.HAL_PCDEx_LPM_Callback
                0x0000000008002454       0x18 ./Drivers/STM32F4xx_HAL_Driver/Src/stm32f4xx_hal_pcd_ex.o
                0x0000000008002454                HAL_PCDEx_LPM_Callback
 .text.HAL_RCC_OscConfig
                0x000000000800246c      0x4f0 ./Drivers/STM32F4xx_HAL_Driver/Src/stm32f4xx_hal_rcc.o
                0x000000000800246c                HAL_RCC_OscConfig
 .text.HAL_RCC_ClockConfig
                0x000000000800295c      0x1cc ./Drivers/STM32F4xx_HAL_Driver/Src/stm32f4xx_hal_rcc.o
                0x000000000800295c                HAL_RCC_ClockConfig
 .text.HAL_RCC_GetSysClockFreq
                0x0000000008002b28      0x1c4 ./Drivers/STM32F4xx_HAL_Driver/Src/stm32f4xx_hal_rcc.o
                0x0000000008002b28                HAL_RCC_GetSysClockFreq
 .text.HAL_RCC_GetHCLKFreq
                0x0000000008002cec       0x18 ./Drivers/STM32F4xx_HAL_Driver/Src/stm32f4xx_hal_rcc.o
                0x0000000008002cec                HAL_RCC_GetHCLKFreq
 .text.USB_CoreInit
                0x0000000008002d04       0xc2 ./Drivers/STM32F4xx_HAL_Driver/Src/stm32f4xx_ll_usb.o
                0x0000000008002d04                USB_CoreInit
 *fill*         0x0000000008002dc6        0x2 
 .text.USB_SetTurnaroundTime
                0x0000000008002dc8      0x144 ./Drivers/STM32F4xx_HAL_Driver/Src/stm32f4xx_ll_usb.o
                0x0000000008002dc8                USB_SetTurnaroundTime
 .text.USB_EnableGlobalInt
                0x0000000008002f0c       0x22 ./Drivers/STM32F4xx_HAL_Driver/Src/stm32f4xx_ll_usb.o
                0x0000000008002f0c                USB_EnableGlobalInt
 .text.USB_DisableGlobalInt
                0x0000000008002f2e       0x22 ./Drivers/STM32F4xx_HAL_Driver/Src/stm32f4xx_ll_usb.o
                0x0000000008002f2e                USB_DisableGlobalInt
 .text.USB_SetCurrentMode
                0x0000000008002f50       0x98 ./Drivers/STM32F4xx_HAL_Driver/Src/stm32f4xx_ll_usb.o
                0x0000000008002f50                USB_SetCurrentMode
 .text.USB_DevInit
                0x0000000008002fe8      0x2c8 ./Drivers/STM32F4xx_HAL_Driver/Src/stm32f4xx_ll_usb.o
                0x0000000008002fe8                USB_DevInit
 .text.USB_FlushTxFifo
                0x00000000080032b0       0x48 ./Drivers/STM32F4xx_HAL_Driver/Src/stm32f4xx_ll_usb.o
                0x00000000080032b0                USB_FlushTxFifo
 .text.USB_FlushRxFifo
                0x00000000080032f8       0x40 ./Drivers/STM32F4xx_HAL_Driver/Src/stm32f4xx_ll_usb.o
                0x00000000080032f8                USB_FlushRxFifo
 .text.USB_SetDevSpeed
                0x0000000008003338       0x32 ./Drivers/STM32F4xx_HAL_Driver/Src/stm32f4xx_ll_usb.o
                0x0000000008003338                USB_SetDevSpeed
 .text.USB_GetDevSpeed
                0x000000000800336a       0x4a ./Drivers/STM32F4xx_HAL_Driver/Src/stm32f4xx_ll_usb.o
                0x000000000800336a                USB_GetDevSpeed
 .text.USB_ActivateEndpoint
                0x00000000080033b4      0x10e ./Drivers/STM32F4xx_HAL_Driver/Src/stm32f4xx_ll_usb.o
                0x00000000080033b4                USB_ActivateEndpoint
 *fill*         0x00000000080034c2        0x2 
 .text.USB_DeactivateEndpoint
                0x00000000080034c4      0x1b8 ./Drivers/STM32F4xx_HAL_Driver/Src/stm32f4xx_ll_usb.o
                0x00000000080034c4                USB_DeactivateEndpoint
 .text.USB_EPStartXfer
                0x000000000800367c      0x488 ./Drivers/STM32F4xx_HAL_Driver/Src/stm32f4xx_ll_usb.o
                0x000000000800367c                USB_EPStartXfer
 .text.USB_EP0StartXfer
                0x0000000008003b04      0x2a6 ./Drivers/STM32F4xx_HAL_Driver/Src/stm32f4xx_ll_usb.o
                0x0000000008003b04                USB_EP0StartXfer
 .text.USB_WritePacket
                0x0000000008003daa       0x7c ./Drivers/STM32F4xx_HAL_Driver/Src/stm32f4xx_ll_usb.o
                0x0000000008003daa                USB_WritePacket
 .text.USB_ReadPacket
                0x0000000008003e26       0xb0 ./Drivers/STM32F4xx_HAL_Driver/Src/stm32f4xx_ll_usb.o
                0x0000000008003e26                USB_ReadPacket
 .text.USB_EPSetStall
                0x0000000008003ed6       0xdc ./Drivers/STM32F4xx_HAL_Driver/Src/stm32f4xx_ll_usb.o
                0x0000000008003ed6                USB_EPSetStall
 .text.USB_EPClearStall
                0x0000000008003fb2       0xcc ./Drivers/STM32F4xx_HAL_Driver/Src/stm32f4xx_ll_usb.o
                0x0000000008003fb2                USB_EPClearStall
 .text.USB_SetDevAddress
                0x000000000800407e       0x4c ./Drivers/STM32F4xx_HAL_Driver/Src/stm32f4xx_ll_usb.o
                0x000000000800407e                USB_SetDevAddress
 .text.USB_DevConnect
                0x00000000080040ca       0x42 ./Drivers/STM32F4xx_HAL_Driver/Src/stm32f4xx_ll_usb.o
                0x00000000080040ca                USB_DevConnect
 .text.USB_DevDisconnect
                0x000000000800410c       0x42 ./Drivers/STM32F4xx_HAL_Driver/Src/stm32f4xx_ll_usb.o
                0x000000000800410c                USB_DevDisconnect
 .text.USB_ReadInterrupts
                0x000000000800414e       0x26 ./Drivers/STM32F4xx_HAL_Driver/Src/stm32f4xx_ll_usb.o
                0x000000000800414e                USB_ReadInterrupts
 .text.USB_ReadDevAllOutEpInterrupt
                0x0000000008004174       0x34 ./Drivers/STM32F4xx_HAL_Driver/Src/stm32f4xx_ll_usb.o
                0x0000000008004174                USB_ReadDevAllOutEpInterrupt
 .text.USB_ReadDevAllInEpInterrupt
                0x00000000080041a8       0x34 ./Drivers/STM32F4xx_HAL_Driver/Src/stm32f4xx_ll_usb.o
                0x00000000080041a8                USB_ReadDevAllInEpInterrupt
 .text.USB_ReadDevOutEPInterrupt
                0x00000000080041dc       0x3c ./Drivers/STM32F4xx_HAL_Driver/Src/stm32f4xx_ll_usb.o
                0x00000000080041dc                USB_ReadDevOutEPInterrupt
 .text.USB_ReadDevInEPInterrupt
                0x0000000008004218       0x5c ./Drivers/STM32F4xx_HAL_Driver/Src/stm32f4xx_ll_usb.o
                0x0000000008004218                USB_ReadDevInEPInterrupt
 .text.USB_GetMode
                0x0000000008004274       0x1c ./Drivers/STM32F4xx_HAL_Driver/Src/stm32f4xx_ll_usb.o
                0x0000000008004274                USB_GetMode
 .text.USB_ActivateSetup
                0x0000000008004290       0x46 ./Drivers/STM32F4xx_HAL_Driver/Src/stm32f4xx_ll_usb.o
                0x0000000008004290                USB_ActivateSetup
 *fill*         0x00000000080042d6        0x2 
 .text.USB_EP0_OutStart
                0x00000000080042d8       0xbc ./Drivers/STM32F4xx_HAL_Driver/Src/stm32f4xx_ll_usb.o
                0x00000000080042d8                USB_EP0_OutStart
 .text.USB_CoreReset
                0x0000000008004394       0x64 ./Drivers/STM32F4xx_HAL_Driver/Src/stm32f4xx_ll_usb.o
 .text.USBD_CDC_Init
                0x00000000080043f8       0xfe ./Middlewares/ST/STM32_USB_Device_Library/Class/CDC/Src/usbd_cdc.o
 .text.USBD_CDC_DeInit
                0x00000000080044f6       0x74 ./Middlewares/ST/STM32_USB_Device_Library/Class/CDC/Src/usbd_cdc.o
 *fill*         0x000000000800456a        0x2 
 .text.USBD_CDC_Setup
                0x000000000800456c      0x190 ./Middlewares/ST/STM32_USB_Device_Library/Class/CDC/Src/usbd_cdc.o
 .text.USBD_CDC_DataIn
                0x00000000080046fc       0xca ./Middlewares/ST/STM32_USB_Device_Library/Class/CDC/Src/usbd_cdc.o
 .text.USBD_CDC_DataOut
                0x00000000080047c6       0x56 ./Middlewares/ST/STM32_USB_Device_Library/Class/CDC/Src/usbd_cdc.o
 .text.USBD_CDC_EP0_RxReady
                0x000000000800481c       0x5a ./Middlewares/ST/STM32_USB_Device_Library/Class/CDC/Src/usbd_cdc.o
 *fill*         0x0000000008004876        0x2 
 .text.USBD_CDC_GetFSCfgDesc
                0x0000000008004878       0x20 ./Middlewares/ST/STM32_USB_Device_Library/Class/CDC/Src/usbd_cdc.o
 .text.USBD_CDC_GetHSCfgDesc
                0x0000000008004898       0x20 ./Middlewares/ST/STM32_USB_Device_Library/Class/CDC/Src/usbd_cdc.o
 .text.USBD_CDC_GetOtherSpeedCfgDesc
                0x00000000080048b8       0x20 ./Middlewares/ST/STM32_USB_Device_Library/Class/CDC/Src/usbd_cdc.o
 .text.USBD_CDC_GetDeviceQualifierDescriptor
                0x00000000080048d8       0x20 ./Middlewares/ST/STM32_USB_Device_Library/Class/CDC/Src/usbd_cdc.o
                0x00000000080048d8                USBD_CDC_GetDeviceQualifierDescriptor
 .text.USBD_CDC_RegisterInterface
                0x00000000080048f8       0x2a ./Middlewares/ST/STM32_USB_Device_Library/Class/CDC/Src/usbd_cdc.o
                0x00000000080048f8                USBD_CDC_RegisterInterface
 .text.USBD_CDC_SetTxBuffer
                0x0000000008004922       0x3c ./Middlewares/ST/STM32_USB_Device_Library/Class/CDC/Src/usbd_cdc.o
                0x0000000008004922                USBD_CDC_SetTxBuffer
 .text.USBD_CDC_SetRxBuffer
                0x000000000800495e       0x32 ./Middlewares/ST/STM32_USB_Device_Library/Class/CDC/Src/usbd_cdc.o
                0x000000000800495e                USBD_CDC_SetRxBuffer
 .text.USBD_CDC_TransmitPacket
                0x0000000008004990       0x60 ./Middlewares/ST/STM32_USB_Device_Library/Class/CDC/Src/usbd_cdc.o
                0x0000000008004990                USBD_CDC_TransmitPacket
 .text.USBD_CDC_ReceivePacket
                0x00000000080049f0       0x54 ./Middlewares/ST/STM32_USB_Device_Library/Class/CDC/Src/usbd_cdc.o
                0x00000000080049f0                USBD_CDC_ReceivePacket
 .text.USBD_Init
                0x0000000008004a44       0x60 ./Middlewares/ST/STM32_USB_Device_Library/Core/Src/usbd_core.o
                0x0000000008004a44                USBD_Init
 .text.USBD_RegisterClass
                0x0000000008004aa4       0x4e ./Middlewares/ST/STM32_USB_Device_Library/Core/Src/usbd_core.o
                0x0000000008004aa4                USBD_RegisterClass
 .text.USBD_Start
                0x0000000008004af2       0x18 ./Middlewares/ST/STM32_USB_Device_Library/Core/Src/usbd_core.o
                0x0000000008004af2                USBD_Start
 .text.USBD_RunTestMode
                0x0000000008004b0a       0x16 ./Middlewares/ST/STM32_USB_Device_Library/Core/Src/usbd_core.o
                0x0000000008004b0a                USBD_RunTestMode
 .text.USBD_SetClassConfig
                0x0000000008004b20       0x38 ./Middlewares/ST/STM32_USB_Device_Library/Core/Src/usbd_core.o
                0x0000000008004b20                USBD_SetClassConfig
 .text.USBD_ClrClassConfig
                0x0000000008004b58       0x30 ./Middlewares/ST/STM32_USB_Device_Library/Core/Src/usbd_core.o
                0x0000000008004b58                USBD_ClrClassConfig
 .text.USBD_LL_SetupStage
                0x0000000008004b88       0xaa ./Middlewares/ST/STM32_USB_Device_Library/Core/Src/usbd_core.o
                0x0000000008004b88                USBD_LL_SetupStage
 .text.USBD_LL_DataOutStage
                0x0000000008004c32       0xc6 ./Middlewares/ST/STM32_USB_Device_Library/Core/Src/usbd_core.o
                0x0000000008004c32                USBD_LL_DataOutStage
 .text.USBD_LL_DataInStage
                0x0000000008004cf8      0x12c ./Middlewares/ST/STM32_USB_Device_Library/Core/Src/usbd_core.o
                0x0000000008004cf8                USBD_LL_DataInStage
 .text.USBD_LL_Reset
                0x0000000008004e24       0x9c ./Middlewares/ST/STM32_USB_Device_Library/Core/Src/usbd_core.o
                0x0000000008004e24                USBD_LL_Reset
 .text.USBD_LL_SetSpeed
                0x0000000008004ec0       0x20 ./Middlewares/ST/STM32_USB_Device_Library/Core/Src/usbd_core.o
                0x0000000008004ec0                USBD_LL_SetSpeed
 .text.USBD_LL_Suspend
                0x0000000008004ee0       0x2c ./Middlewares/ST/STM32_USB_Device_Library/Core/Src/usbd_core.o
                0x0000000008004ee0                USBD_LL_Suspend
 .text.USBD_LL_Resume
                0x0000000008004f0c       0x30 ./Middlewares/ST/STM32_USB_Device_Library/Core/Src/usbd_core.o
                0x0000000008004f0c                USBD_LL_Resume
 .text.USBD_LL_SOF
                0x0000000008004f3c       0x44 ./Middlewares/ST/STM32_USB_Device_Library/Core/Src/usbd_core.o
                0x0000000008004f3c                USBD_LL_SOF
 .text.USBD_LL_IsoINIncomplete
                0x0000000008004f80       0x4c ./Middlewares/ST/STM32_USB_Device_Library/Core/Src/usbd_core.o
                0x0000000008004f80                USBD_LL_IsoINIncomplete
 .text.USBD_LL_IsoOUTIncomplete
                0x0000000008004fcc       0x4c ./Middlewares/ST/STM32_USB_Device_Library/Core/Src/usbd_core.o
                0x0000000008004fcc                USBD_LL_IsoOUTIncomplete
 .text.USBD_LL_DevConnected
                0x0000000008005018       0x16 ./Middlewares/ST/STM32_USB_Device_Library/Core/Src/usbd_core.o
                0x0000000008005018                USBD_LL_DevConnected
 .text.USBD_LL_DevDisconnected
                0x000000000800502e       0x38 ./Middlewares/ST/STM32_USB_Device_Library/Core/Src/usbd_core.o
                0x000000000800502e                USBD_LL_DevDisconnected
 .text.SWAPBYTE
                0x0000000008005066       0x3c ./Middlewares/ST/STM32_USB_Device_Library/Core/Src/usbd_ctlreq.o
 *fill*         0x00000000080050a2        0x2 
 .text.USBD_StdDevReq
                0x00000000080050a4       0xdc ./Middlewares/ST/STM32_USB_Device_Library/Core/Src/usbd_ctlreq.o
                0x00000000080050a4                USBD_StdDevReq
 .text.USBD_StdItfReq
                0x0000000008005180       0x92 ./Middlewares/ST/STM32_USB_Device_Library/Core/Src/usbd_ctlreq.o
                0x0000000008005180                USBD_StdItfReq
 .text.USBD_StdEPReq
                0x0000000008005212      0x2c4 ./Middlewares/ST/STM32_USB_Device_Library/Core/Src/usbd_ctlreq.o
                0x0000000008005212                USBD_StdEPReq
 *fill*         0x00000000080054d6        0x2 
 .text.USBD_GetDescriptor
                0x00000000080054d8      0x2d4 ./Middlewares/ST/STM32_USB_Device_Library/Core/Src/usbd_ctlreq.o
 .text.USBD_SetAddress
                0x00000000080057ac       0x88 ./Middlewares/ST/STM32_USB_Device_Library/Core/Src/usbd_ctlreq.o
 .text.USBD_SetConfig
                0x0000000008005834      0x14c ./Middlewares/ST/STM32_USB_Device_Library/Core/Src/usbd_ctlreq.o
 .text.USBD_GetConfig
                0x0000000008005980       0x6c ./Middlewares/ST/STM32_USB_Device_Library/Core/Src/usbd_ctlreq.o
 .text.USBD_GetStatus
                0x00000000080059ec       0x68 ./Middlewares/ST/STM32_USB_Device_Library/Core/Src/usbd_ctlreq.o
 .text.USBD_SetFeature
                0x0000000008005a54       0x28 ./Middlewares/ST/STM32_USB_Device_Library/Core/Src/usbd_ctlreq.o
 .text.USBD_ClrFeature
                0x0000000008005a7c       0x44 ./Middlewares/ST/STM32_USB_Device_Library/Core/Src/usbd_ctlreq.o
 .text.USBD_ParseSetupRequest
                0x0000000008005ac0       0x74 ./Middlewares/ST/STM32_USB_Device_Library/Core/Src/usbd_ctlreq.o
                0x0000000008005ac0                USBD_ParseSetupRequest
 .text.USBD_CtlError
                0x0000000008005b34       0x22 ./Middlewares/ST/STM32_USB_Device_Library/Core/Src/usbd_ctlreq.o
                0x0000000008005b34                USBD_CtlError
 .text.USBD_GetString
                0x0000000008005b56       0x8c ./Middlewares/ST/STM32_USB_Device_Library/Core/Src/usbd_ctlreq.o
                0x0000000008005b56                USBD_GetString
 .text.USBD_GetLen
                0x0000000008005be2       0x34 ./Middlewares/ST/STM32_USB_Device_Library/Core/Src/usbd_ctlreq.o
 .text.USBD_CtlSendData
                0x0000000008005c16       0x36 ./Middlewares/ST/STM32_USB_Device_Library/Core/Src/usbd_ioreq.o
                0x0000000008005c16                USBD_CtlSendData
 .text.USBD_CtlContinueSendData
                0x0000000008005c4c       0x22 ./Middlewares/ST/STM32_USB_Device_Library/Core/Src/usbd_ioreq.o
                0x0000000008005c4c                USBD_CtlContinueSendData
 .text.USBD_CtlPrepareRx
                0x0000000008005c6e       0x3a ./Middlewares/ST/STM32_USB_Device_Library/Core/Src/usbd_ioreq.o
                0x0000000008005c6e                USBD_CtlPrepareRx
 .text.USBD_CtlContinueRx
                0x0000000008005ca8       0x22 ./Middlewares/ST/STM32_USB_Device_Library/Core/Src/usbd_ioreq.o
                0x0000000008005ca8                USBD_CtlContinueRx
 .text.USBD_CtlSendStatus
                0x0000000008005cca       0x26 ./Middlewares/ST/STM32_USB_Device_Library/Core/Src/usbd_ioreq.o
                0x0000000008005cca                USBD_CtlSendStatus
 .text.USBD_CtlReceiveStatus
                0x0000000008005cf0       0x26 ./Middlewares/ST/STM32_USB_Device_Library/Core/Src/usbd_ioreq.o
                0x0000000008005cf0                USBD_CtlReceiveStatus
 *fill*         0x0000000008005d16        0x2 
 .text.MX_USB_DEVICE_Init
                0x0000000008005d18       0x60 ./USB_DEVICE/App/usb_device.o
                0x0000000008005d18                MX_USB_DEVICE_Init
 .text.CDC_Init_FS
                0x0000000008005d78       0x28 ./USB_DEVICE/App/usbd_cdc_if.o
 .text.CDC_DeInit_FS
                0x0000000008005da0       0x10 ./USB_DEVICE/App/usbd_cdc_if.o
 .text.CDC_Control_FS
                0x0000000008005db0       0xbc ./USB_DEVICE/App/usbd_cdc_if.o
 .text.CDC_Receive_FS
                0x0000000008005e6c       0x28 ./USB_DEVICE/App/usbd_cdc_if.o
 .text.CDC_Transmit_FS
                0x0000000008005e94       0x4c ./USB_DEVICE/App/usbd_cdc_if.o
                0x0000000008005e94                CDC_Transmit_FS
 .text.CDC_TransmitCplt_FS
                0x0000000008005ee0       0x22 ./USB_DEVICE/App/usbd_cdc_if.o
 *fill*         0x0000000008005f02        0x2 
 .text.USBD_FS_DeviceDescriptor
                0x0000000008005f04       0x24 ./USB_DEVICE/App/usbd_desc.o
                0x0000000008005f04                USBD_FS_DeviceDescriptor
 .text.USBD_FS_LangIDStrDescriptor
                0x0000000008005f28       0x24 ./USB_DEVICE/App/usbd_desc.o
                0x0000000008005f28                USBD_FS_LangIDStrDescriptor
 .text.USBD_FS_ProductStrDescriptor
                0x0000000008005f4c       0x3c ./USB_DEVICE/App/usbd_desc.o
                0x0000000008005f4c                USBD_FS_ProductStrDescriptor
 .text.USBD_FS_ManufacturerStrDescriptor
                0x0000000008005f88       0x28 ./USB_DEVICE/App/usbd_desc.o
                0x0000000008005f88                USBD_FS_ManufacturerStrDescriptor
 .text.USBD_FS_SerialStrDescriptor
                0x0000000008005fb0       0x24 ./USB_DEVICE/App/usbd_desc.o
                0x0000000008005fb0                USBD_FS_SerialStrDescriptor
 .text.USBD_FS_ConfigStrDescriptor
                0x0000000008005fd4       0x3c ./USB_DEVICE/App/usbd_desc.o
                0x0000000008005fd4                USBD_FS_ConfigStrDescriptor
 .text.USBD_FS_InterfaceStrDescriptor
                0x0000000008006010       0x3c ./USB_DEVICE/App/usbd_desc.o
                0x0000000008006010                USBD_FS_InterfaceStrDescriptor
 .text.Get_SerialNum
                0x000000000800604c       0x58 ./USB_DEVICE/App/usbd_desc.o
 .text.IntToUnicode
                0x00000000080060a4       0x7e ./USB_DEVICE/App/usbd_desc.o
 *fill*         0x0000000008006122        0x2 
 .text.HAL_PCD_MspInit
                0x0000000008006124       0xa8 ./USB_DEVICE/Target/usbd_conf.o
                0x0000000008006124                HAL_PCD_MspInit
 .text.HAL_PCD_SetupStageCallback
                0x00000000080061cc       0x24 ./USB_DEVICE/Target/usbd_conf.o
                0x00000000080061cc                HAL_PCD_SetupStageCallback
 .text.HAL_PCD_DataOutStageCallback
                0x00000000080061f0       0x36 ./USB_DEVICE/Target/usbd_conf.o
                0x00000000080061f0                HAL_PCD_DataOutStageCallback
 .text.HAL_PCD_DataInStageCallback
                0x0000000008006226       0x34 ./USB_DEVICE/Target/usbd_conf.o
                0x0000000008006226                HAL_PCD_DataInStageCallback
 .text.HAL_PCD_SOFCallback
                0x000000000800625a       0x1c ./USB_DEVICE/Target/usbd_conf.o
                0x000000000800625a                HAL_PCD_SOFCallback
 .text.HAL_PCD_ResetCallback
                0x0000000008006276       0x50 ./USB_DEVICE/Target/usbd_conf.o
                0x0000000008006276                HAL_PCD_ResetCallback
 *fill*         0x00000000080062c6        0x2 
 .text.HAL_PCD_SuspendCallback
                0x00000000080062c8       0x4c ./USB_DEVICE/Target/usbd_conf.o
                0x00000000080062c8                HAL_PCD_SuspendCallback
 .text.HAL_PCD_ResumeCallback
                0x0000000008006314       0x1c ./USB_DEVICE/Target/usbd_conf.o
                0x0000000008006314                HAL_PCD_ResumeCallback
 .text.HAL_PCD_ISOOUTIncompleteCallback
                0x0000000008006330       0x24 ./USB_DEVICE/Target/usbd_conf.o
                0x0000000008006330                HAL_PCD_ISOOUTIncompleteCallback
 .text.HAL_PCD_ISOINIncompleteCallback
                0x0000000008006354       0x24 ./USB_DEVICE/Target/usbd_conf.o
                0x0000000008006354                HAL_PCD_ISOINIncompleteCallback
 .text.HAL_PCD_ConnectCallback
                0x0000000008006378       0x1c ./USB_DEVICE/Target/usbd_conf.o
                0x0000000008006378                HAL_PCD_ConnectCallback
 .text.HAL_PCD_DisconnectCallback
                0x0000000008006394       0x1c ./USB_DEVICE/Target/usbd_conf.o
                0x0000000008006394                HAL_PCD_DisconnectCallback
 .text.USBD_LL_Init
                0x00000000080063b0       0x98 ./USB_DEVICE/Target/usbd_conf.o
                0x00000000080063b0                USBD_LL_Init
 .text.USBD_LL_Start
                0x0000000008006448       0x36 ./USB_DEVICE/Target/usbd_conf.o
                0x0000000008006448                USBD_LL_Start
 .text.USBD_LL_OpenEP
                0x000000000800647e       0x4c ./USB_DEVICE/Target/usbd_conf.o
                0x000000000800647e                USBD_LL_OpenEP
 .text.USBD_LL_CloseEP
                0x00000000080064ca       0x3e ./USB_DEVICE/Target/usbd_conf.o
                0x00000000080064ca                USBD_LL_CloseEP
 .text.USBD_LL_StallEP
                0x0000000008006508       0x3e ./USB_DEVICE/Target/usbd_conf.o
                0x0000000008006508                USBD_LL_StallEP
 .text.USBD_LL_ClearStallEP
                0x0000000008006546       0x3e ./USB_DEVICE/Target/usbd_conf.o
                0x0000000008006546                USBD_LL_ClearStallEP
 .text.USBD_LL_IsStallEP
                0x0000000008006584       0x58 ./USB_DEVICE/Target/usbd_conf.o
                0x0000000008006584                USBD_LL_IsStallEP
 .text.USBD_LL_SetUSBAddress
                0x00000000080065dc       0x3e ./USB_DEVICE/Target/usbd_conf.o
                0x00000000080065dc                USBD_LL_SetUSBAddress
 .text.USBD_LL_Transmit
                0x000000000800661a       0x42 ./USB_DEVICE/Target/usbd_conf.o
                0x000000000800661a                USBD_LL_Transmit
 .text.USBD_LL_PrepareReceive
                0x000000000800665c       0x42 ./USB_DEVICE/Target/usbd_conf.o
                0x000000000800665c                USBD_LL_PrepareReceive
 .text.USBD_LL_GetRxDataSize
                0x000000000800669e       0x26 ./USB_DEVICE/Target/usbd_conf.o
                0x000000000800669e                USBD_LL_GetRxDataSize
 .text.USBD_static_malloc
                0x00000000080066c4       0x1c ./USB_DEVICE/Target/usbd_conf.o
                0x00000000080066c4                USBD_static_malloc
 .text.USBD_static_free
                0x00000000080066e0       0x14 ./USB_DEVICE/Target/usbd_conf.o
                0x00000000080066e0                USBD_static_free
 .text.USBD_Get_USB_Status
                0x00000000080066f4       0x58 ./USB_DEVICE/Target/usbd_conf.o
                0x00000000080066f4                USBD_Get_USB_Status
 .text.__libc_init_array
                0x000000000800674c       0x48 /Applications/STM32CubeIDE.app/Contents/Eclipse/plugins/com.st.stm32cube.ide.mcu.externaltools.gnu-tools-for-stm32.9-2020-q2-update.macos64_2.0.0.202105311346/tools/bin/../lib/gcc/arm-none-eabi/9.3.1/../../../../arm-none-eabi/lib/thumb/v7e-m+fp/hard/libc_nano.a(lib_a-init.o)
                0x000000000800674c                __libc_init_array
 .text.memset   0x0000000008006794       0x10 /Applications/STM32CubeIDE.app/Contents/Eclipse/plugins/com.st.stm32cube.ide.mcu.externaltools.gnu-tools-for-stm32.9-2020-q2-update.macos64_2.0.0.202105311346/tools/bin/../lib/gcc/arm-none-eabi/9.3.1/../../../../arm-none-eabi/lib/thumb/v7e-m+fp/hard/libc_nano.a(lib_a-memset.o)
                0x0000000008006794                memset
 *(.glue_7)
 .glue_7        0x00000000080067a4        0x0 linker stubs
 *(.glue_7t)
 .glue_7t       0x00000000080067a4        0x0 linker stubs
 *(.eh_frame)
 .eh_frame      0x00000000080067a4        0x0 /Applications/STM32CubeIDE.app/Contents/Eclipse/plugins/com.st.stm32cube.ide.mcu.externaltools.gnu-tools-for-stm32.9-2020-q2-update.macos64_2.0.0.202105311346/tools/bin/../lib/gcc/arm-none-eabi/9.3.1/thumb/v7e-m+fp/hard/crtbegin.o
 *(.init)
 .init          0x00000000080067a4        0x4 /Applications/STM32CubeIDE.app/Contents/Eclipse/plugins/com.st.stm32cube.ide.mcu.externaltools.gnu-tools-for-stm32.9-2020-q2-update.macos64_2.0.0.202105311346/tools/bin/../lib/gcc/arm-none-eabi/9.3.1/thumb/v7e-m+fp/hard/crti.o
                0x00000000080067a4                _init
 .init          0x00000000080067a8        0x8 /Applications/STM32CubeIDE.app/Contents/Eclipse/plugins/com.st.stm32cube.ide.mcu.externaltools.gnu-tools-for-stm32.9-2020-q2-update.macos64_2.0.0.202105311346/tools/bin/../lib/gcc/arm-none-eabi/9.3.1/thumb/v7e-m+fp/hard/crtn.o
 *(.fini)
 .fini          0x00000000080067b0        0x4 /Applications/STM32CubeIDE.app/Contents/Eclipse/plugins/com.st.stm32cube.ide.mcu.externaltools.gnu-tools-for-stm32.9-2020-q2-update.macos64_2.0.0.202105311346/tools/bin/../lib/gcc/arm-none-eabi/9.3.1/thumb/v7e-m+fp/hard/crti.o
                0x00000000080067b0                _fini
 .fini          0x00000000080067b4        0x8 /Applications/STM32CubeIDE.app/Contents/Eclipse/plugins/com.st.stm32cube.ide.mcu.externaltools.gnu-tools-for-stm32.9-2020-q2-update.macos64_2.0.0.202105311346/tools/bin/../lib/gcc/arm-none-eabi/9.3.1/thumb/v7e-m+fp/hard/crtn.o
                0x00000000080067bc                . = ALIGN (0x4)
                0x00000000080067bc                _etext = .

.vfp11_veneer   0x00000000080067bc        0x0
 .vfp11_veneer  0x00000000080067bc        0x0 linker stubs

.v4_bx          0x00000000080067bc        0x0
 .v4_bx         0x00000000080067bc        0x0 linker stubs

.iplt           0x00000000080067bc        0x0
 .iplt          0x00000000080067bc        0x0 /Applications/STM32CubeIDE.app/Contents/Eclipse/plugins/com.st.stm32cube.ide.mcu.externaltools.gnu-tools-for-stm32.9-2020-q2-update.macos64_2.0.0.202105311346/tools/bin/../lib/gcc/arm-none-eabi/9.3.1/thumb/v7e-m+fp/hard/crtbegin.o

.rodata         0x00000000080067bc       0xd4
                0x00000000080067bc                . = ALIGN (0x4)
 *(.rodata)
 .rodata        0x00000000080067bc       0x79 ./Core/Src/main.o
 *fill*         0x0000000008006835        0x3 
 .rodata        0x0000000008006838       0x46 ./USB_DEVICE/App/usbd_desc.o
 *(.rodata*)
 *fill*         0x000000000800687e        0x2 
 .rodata.AHBPrescTable
                0x0000000008006880       0x10 ./Core/Src/system_stm32f4xx.o
                0x0000000008006880                AHBPrescTable
                0x0000000008006890                . = ALIGN (0x4)

.ARM.extab      0x0000000008006890        0x0
                0x0000000008006890                . = ALIGN (0x4)
 *(.ARM.extab* .gnu.linkonce.armextab.*)
                0x0000000008006890                . = ALIGN (0x4)

.ARM            0x0000000008006890        0x8
                0x0000000008006890                . = ALIGN (0x4)
                0x0000000008006890                __exidx_start = .
 *(.ARM.exidx*)
 .ARM.exidx     0x0000000008006890        0x8 /Applications/STM32CubeIDE.app/Contents/Eclipse/plugins/com.st.stm32cube.ide.mcu.externaltools.gnu-tools-for-stm32.9-2020-q2-update.macos64_2.0.0.202105311346/tools/bin/../lib/gcc/arm-none-eabi/9.3.1/thumb/v7e-m+fp/hard/libgcc.a(_udivmoddi4.o)
                0x0000000008006898                __exidx_end = .
                0x0000000008006898                . = ALIGN (0x4)

.rel.dyn        0x0000000008006898        0x0
 .rel.iplt      0x0000000008006898        0x0 /Applications/STM32CubeIDE.app/Contents/Eclipse/plugins/com.st.stm32cube.ide.mcu.externaltools.gnu-tools-for-stm32.9-2020-q2-update.macos64_2.0.0.202105311346/tools/bin/../lib/gcc/arm-none-eabi/9.3.1/thumb/v7e-m+fp/hard/crtbegin.o

.preinit_array  0x0000000008006898        0x0
                0x0000000008006898                . = ALIGN (0x4)
                0x0000000008006898                PROVIDE (__preinit_array_start = .)
 *(.preinit_array*)
                0x0000000008006898                PROVIDE (__preinit_array_end = .)
                0x0000000008006898                . = ALIGN (0x4)

.init_array     0x0000000008006898        0x4
                0x0000000008006898                . = ALIGN (0x4)
                0x0000000008006898                PROVIDE (__init_array_start = .)
 *(SORT_BY_NAME(.init_array.*))
 *(.init_array*)
 .init_array    0x0000000008006898        0x4 /Applications/STM32CubeIDE.app/Contents/Eclipse/plugins/com.st.stm32cube.ide.mcu.externaltools.gnu-tools-for-stm32.9-2020-q2-update.macos64_2.0.0.202105311346/tools/bin/../lib/gcc/arm-none-eabi/9.3.1/thumb/v7e-m+fp/hard/crtbegin.o
                0x000000000800689c                PROVIDE (__init_array_end = .)
                0x000000000800689c                . = ALIGN (0x4)

.fini_array     0x000000000800689c        0x4
                0x000000000800689c                . = ALIGN (0x4)
                [!provide]                        PROVIDE (__fini_array_start = .)
 *(SORT_BY_NAME(.fini_array.*))
 *(.fini_array*)
 .fini_array    0x000000000800689c        0x4 /Applications/STM32CubeIDE.app/Contents/Eclipse/plugins/com.st.stm32cube.ide.mcu.externaltools.gnu-tools-for-stm32.9-2020-q2-update.macos64_2.0.0.202105311346/tools/bin/../lib/gcc/arm-none-eabi/9.3.1/thumb/v7e-m+fp/hard/crtbegin.o
                [!provide]                        PROVIDE (__fini_array_end = .)
                0x00000000080068a0                . = ALIGN (0x4)
                0x00000000080068a0                _sidata = LOADADDR (.data)

.data           0x0000000020000000      0x1ec load address 0x00000000080068a0
                0x0000000020000000                . = ALIGN (0x4)
                0x0000000020000000                _sdata = .
 *(.data)
 *(.data*)
 .data.chars    0x0000000020000000       0x34 ./Core/Src/main.o
                0x0000000020000000                chars
 .data.charnums
                0x0000000020000034       0x30 ./Core/Src/main.o
                0x0000000020000034                charnums
 .data.count    0x0000000020000064        0x4 ./Core/Src/main.o
                0x0000000020000064                count
 .data.data     0x0000000020000068        0x4 ./Core/Src/main.o
                0x0000000020000068                data
 .data.SystemCoreClock
                0x000000002000006c        0x4 ./Core/Src/system_stm32f4xx.o
                0x000000002000006c                SystemCoreClock
 .data.uwTickPrio
                0x0000000020000070        0x4 ./Drivers/STM32F4xx_HAL_Driver/Src/stm32f4xx_hal.o
                0x0000000020000070                uwTickPrio
 .data.uwTickFreq
                0x0000000020000074        0x1 ./Drivers/STM32F4xx_HAL_Driver/Src/stm32f4xx_hal.o
                0x0000000020000074                uwTickFreq
 *fill*         0x0000000020000075        0x3 
 .data.USBD_CDC_DeviceQualifierDesc
                0x0000000020000078        0xa ./Middlewares/ST/STM32_USB_Device_Library/Class/CDC/Src/usbd_cdc.o
 *fill*         0x0000000020000082        0x2 
 .data.USBD_CDC
                0x0000000020000084       0x38 ./Middlewares/ST/STM32_USB_Device_Library/Class/CDC/Src/usbd_cdc.o
                0x0000000020000084                USBD_CDC
 .data.USBD_CDC_CfgHSDesc
                0x00000000200000bc       0x43 ./Middlewares/ST/STM32_USB_Device_Library/Class/CDC/Src/usbd_cdc.o
 *fill*         0x00000000200000ff        0x1 
 .data.USBD_CDC_CfgFSDesc
                0x0000000020000100       0x43 ./Middlewares/ST/STM32_USB_Device_Library/Class/CDC/Src/usbd_cdc.o
 *fill*         0x0000000020000143        0x1 
 .data.USBD_CDC_OtherSpeedCfgDesc
                0x0000000020000144       0x43 ./Middlewares/ST/STM32_USB_Device_Library/Class/CDC/Src/usbd_cdc.o
 *fill*         0x0000000020000187        0x1 
 .data.USBD_Interface_fops_FS
                0x0000000020000188       0x14 ./USB_DEVICE/App/usbd_cdc_if.o
                0x0000000020000188                USBD_Interface_fops_FS
 .data.FS_Desc  0x000000002000019c       0x1c ./USB_DEVICE/App/usbd_desc.o
                0x000000002000019c                FS_Desc
 .data.USBD_FS_DeviceDesc
                0x00000000200001b8       0x12 ./USB_DEVICE/App/usbd_desc.o
                0x00000000200001b8                USBD_FS_DeviceDesc
 *fill*         0x00000000200001ca        0x2 
 .data.USBD_LangIDDesc
                0x00000000200001cc        0x4 ./USB_DEVICE/App/usbd_desc.o
                0x00000000200001cc                USBD_LangIDDesc
 .data.USBD_StringSerial
                0x00000000200001d0       0x1a ./USB_DEVICE/App/usbd_desc.o
                0x00000000200001d0                USBD_StringSerial
 *(.RamFunc)
 *(.RamFunc*)
                0x00000000200001ec                . = ALIGN (0x4)
 *fill*         0x00000000200001ea        0x2 
                0x00000000200001ec                _edata = .
                0x0000000008006a8c                _siccmram = LOADADDR (.ccmram)

.igot.plt       0x00000000200001ec        0x0 load address 0x0000000008006a8c
 .igot.plt      0x00000000200001ec        0x0 /Applications/STM32CubeIDE.app/Contents/Eclipse/plugins/com.st.stm32cube.ide.mcu.externaltools.gnu-tools-for-stm32.9-2020-q2-update.macos64_2.0.0.202105311346/tools/bin/../lib/gcc/arm-none-eabi/9.3.1/thumb/v7e-m+fp/hard/crtbegin.o

.ccmram         0x0000000010000000        0x0 load address 0x0000000008006a8c
                0x0000000010000000                . = ALIGN (0x4)
                0x0000000010000000                _sccmram = .
 *(.ccmram)
 *(.ccmram*)
                0x0000000010000000                . = ALIGN (0x4)
                0x0000000010000000                _eccmram = .
                0x0000000010000000                . = ALIGN (0x4)

.bss            0x00000000200001ec     0x1b34
                0x00000000200001ec                _sbss = .
                0x00000000200001ec                __bss_start__ = _sbss
 *(.bss)
 .bss           0x00000000200001ec       0x1c /Applications/STM32CubeIDE.app/Contents/Eclipse/plugins/com.st.stm32cube.ide.mcu.externaltools.gnu-tools-for-stm32.9-2020-q2-update.macos64_2.0.0.202105311346/tools/bin/../lib/gcc/arm-none-eabi/9.3.1/thumb/v7e-m+fp/hard/crtbegin.o
 *(.bss*)
 .bss.sum       0x0000000020000208        0x4 ./Core/Src/main.o
                0x0000000020000208                sum
 .bss.risingtime
                0x000000002000020c        0x4 ./Core/Src/main.o
                0x000000002000020c                risingtime
 .bss.fallingtime
                0x0000000020000210        0x4 ./Core/Src/main.o
                0x0000000020000210                fallingtime
 .bss.flag      0x0000000020000214        0x1 ./Core/Src/main.o
                0x0000000020000214                flag
 *fill*         0x0000000020000215        0x3 
 .bss.difference
                0x0000000020000218        0x4 ./Core/Src/main.o
                0x0000000020000218                difference
 .bss.cfgidx.9918
                0x000000002000021c        0x1 ./Middlewares/ST/STM32_USB_Device_Library/Core/Src/usbd_ctlreq.o
 *fill*         0x000000002000021d        0x3 
 .bss.mem.9987  0x0000000020000220      0x220 ./USB_DEVICE/Target/usbd_conf.o
 *(COMMON)
 COMMON         0x0000000020000440        0x4 ./Core/Src/main.o
                0x0000000020000440                charindex
 COMMON         0x0000000020000444        0x4 ./Drivers/STM32F4xx_HAL_Driver/Src/stm32f4xx_hal.o
                0x0000000020000444                uwTick
 COMMON         0x0000000020000448      0x2d0 ./USB_DEVICE/App/usb_device.o
                0x0000000020000448                hUsbDeviceFS
 COMMON         0x0000000020000718     0x1000 ./USB_DEVICE/App/usbd_cdc_if.o
                0x0000000020000718                UserRxBufferFS
                0x0000000020000f18                UserTxBufferFS
 COMMON         0x0000000020001718      0x200 ./USB_DEVICE/App/usbd_desc.o
                0x0000000020001718                USBD_StrDesc
 COMMON         0x0000000020001918      0x408 ./USB_DEVICE/Target/usbd_conf.o
                0x0000000020001918                hpcd_USB_OTG_FS
                0x0000000020001d20                . = ALIGN (0x4)
                0x0000000020001d20                _ebss = .
                0x0000000020001d20                __bss_end__ = _ebss

._user_heap_stack
                0x0000000020001d20      0x600
                0x0000000020001d20                . = ALIGN (0x8)
                [!provide]                        PROVIDE (end = .)
                0x0000000020001d20                PROVIDE (_end = .)
                0x0000000020001f20                . = (. + _Min_Heap_Size)
 *fill*         0x0000000020001d20      0x200 
                0x0000000020002320                . = (. + _Min_Stack_Size)
 *fill*         0x0000000020001f20      0x400 
                0x0000000020002320                . = ALIGN (0x8)

/DISCARD/
 libc.a(*)
 libm.a(*)
 libgcc.a(*)

.ARM.attributes
                0x0000000000000000       0x30
 *(.ARM.attributes)
 .ARM.attributes
                0x0000000000000000       0x1e /Applications/STM32CubeIDE.app/Contents/Eclipse/plugins/com.st.stm32cube.ide.mcu.externaltools.gnu-tools-for-stm32.9-2020-q2-update.macos64_2.0.0.202105311346/tools/bin/../lib/gcc/arm-none-eabi/9.3.1/thumb/v7e-m+fp/hard/crti.o
 .ARM.attributes
                0x000000000000001e       0x34 /Applications/STM32CubeIDE.app/Contents/Eclipse/plugins/com.st.stm32cube.ide.mcu.externaltools.gnu-tools-for-stm32.9-2020-q2-update.macos64_2.0.0.202105311346/tools/bin/../lib/gcc/arm-none-eabi/9.3.1/thumb/v7e-m+fp/hard/crtbegin.o
 .ARM.attributes
                0x0000000000000052       0x34 ./Core/Src/main.o
 .ARM.attributes
                0x0000000000000086       0x34 ./Core/Src/stm32f4xx_hal_msp.o
 .ARM.attributes
                0x00000000000000ba       0x34 ./Core/Src/stm32f4xx_it.o
 .ARM.attributes
                0x00000000000000ee       0x34 ./Core/Src/system_stm32f4xx.o
 .ARM.attributes
                0x0000000000000122       0x21 ./Core/Startup/startup_stm32f407vgtx.o
 .ARM.attributes
                0x0000000000000143       0x34 ./Drivers/STM32F4xx_HAL_Driver/Src/stm32f4xx_hal.o
 .ARM.attributes
                0x0000000000000177       0x34 ./Drivers/STM32F4xx_HAL_Driver/Src/stm32f4xx_hal_cortex.o
 .ARM.attributes
                0x00000000000001ab       0x34 ./Drivers/STM32F4xx_HAL_Driver/Src/stm32f4xx_hal_gpio.o
 .ARM.attributes
                0x00000000000001df       0x34 ./Drivers/STM32F4xx_HAL_Driver/Src/stm32f4xx_hal_pcd.o
 .ARM.attributes
                0x0000000000000213       0x34 ./Drivers/STM32F4xx_HAL_Driver/Src/stm32f4xx_hal_pcd_ex.o
 .ARM.attributes
                0x0000000000000247       0x34 ./Drivers/STM32F4xx_HAL_Driver/Src/stm32f4xx_hal_rcc.o
 .ARM.attributes
                0x000000000000027b       0x34 ./Drivers/STM32F4xx_HAL_Driver/Src/stm32f4xx_ll_usb.o
 .ARM.attributes
                0x00000000000002af       0x34 ./Middlewares/ST/STM32_USB_Device_Library/Class/CDC/Src/usbd_cdc.o
 .ARM.attributes
                0x00000000000002e3       0x34 ./Middlewares/ST/STM32_USB_Device_Library/Core/Src/usbd_core.o
 .ARM.attributes
                0x0000000000000317       0x34 ./Middlewares/ST/STM32_USB_Device_Library/Core/Src/usbd_ctlreq.o
 .ARM.attributes
                0x000000000000034b       0x34 ./Middlewares/ST/STM32_USB_Device_Library/Core/Src/usbd_ioreq.o
 .ARM.attributes
                0x000000000000037f       0x34 ./USB_DEVICE/App/usb_device.o
 .ARM.attributes
                0x00000000000003b3       0x34 ./USB_DEVICE/App/usbd_cdc_if.o
 .ARM.attributes
                0x00000000000003e7       0x34 ./USB_DEVICE/App/usbd_desc.o
 .ARM.attributes
                0x000000000000041b       0x34 ./USB_DEVICE/Target/usbd_conf.o
 .ARM.attributes
                0x000000000000044f       0x34 /Applications/STM32CubeIDE.app/Contents/Eclipse/plugins/com.st.stm32cube.ide.mcu.externaltools.gnu-tools-for-stm32.9-2020-q2-update.macos64_2.0.0.202105311346/tools/bin/../lib/gcc/arm-none-eabi/9.3.1/../../../../arm-none-eabi/lib/thumb/v7e-m+fp/hard/libc_nano.a(lib_a-init.o)
 .ARM.attributes
                0x0000000000000483       0x34 /Applications/STM32CubeIDE.app/Contents/Eclipse/plugins/com.st.stm32cube.ide.mcu.externaltools.gnu-tools-for-stm32.9-2020-q2-update.macos64_2.0.0.202105311346/tools/bin/../lib/gcc/arm-none-eabi/9.3.1/../../../../arm-none-eabi/lib/thumb/v7e-m+fp/hard/libc_nano.a(lib_a-memset.o)
 .ARM.attributes
                0x00000000000004b7       0x17 /Applications/STM32CubeIDE.app/Contents/Eclipse/plugins/com.st.stm32cube.ide.mcu.externaltools.gnu-tools-for-stm32.9-2020-q2-update.macos64_2.0.0.202105311346/tools/bin/../lib/gcc/arm-none-eabi/9.3.1/../../../../arm-none-eabi/lib/thumb/v7e-m+fp/hard/libc_nano.a(lib_a-strlen.o)
 .ARM.attributes
                0x00000000000004ce       0x1e /Applications/STM32CubeIDE.app/Contents/Eclipse/plugins/com.st.stm32cube.ide.mcu.externaltools.gnu-tools-for-stm32.9-2020-q2-update.macos64_2.0.0.202105311346/tools/bin/../lib/gcc/arm-none-eabi/9.3.1/thumb/v7e-m+fp/hard/libgcc.a(_aeabi_uldivmod.o)
 .ARM.attributes
                0x00000000000004ec       0x34 /Applications/STM32CubeIDE.app/Contents/Eclipse/plugins/com.st.stm32cube.ide.mcu.externaltools.gnu-tools-for-stm32.9-2020-q2-update.macos64_2.0.0.202105311346/tools/bin/../lib/gcc/arm-none-eabi/9.3.1/thumb/v7e-m+fp/hard/libgcc.a(_udivmoddi4.o)
 .ARM.attributes
                0x0000000000000520       0x1e /Applications/STM32CubeIDE.app/Contents/Eclipse/plugins/com.st.stm32cube.ide.mcu.externaltools.gnu-tools-for-stm32.9-2020-q2-update.macos64_2.0.0.202105311346/tools/bin/../lib/gcc/arm-none-eabi/9.3.1/thumb/v7e-m+fp/hard/libgcc.a(_dvmd_tls.o)
 .ARM.attributes
                0x000000000000053e       0x1e /Applications/STM32CubeIDE.app/Contents/Eclipse/plugins/com.st.stm32cube.ide.mcu.externaltools.gnu-tools-for-stm32.9-2020-q2-update.macos64_2.0.0.202105311346/tools/bin/../lib/gcc/arm-none-eabi/9.3.1/thumb/v7e-m+fp/hard/crtn.o
OUTPUT(Morsecodeinclass.elf elf32-littlearm)
LOAD linker stubs
LOAD /Applications/STM32CubeIDE.app/Contents/Eclipse/plugins/com.st.stm32cube.ide.mcu.externaltools.gnu-tools-for-stm32.9-2020-q2-update.macos64_2.0.0.202105311346/tools/bin/../lib/gcc/arm-none-eabi/9.3.1/../../../../arm-none-eabi/lib/thumb/v7e-m+fp/hard/libc.a
LOAD /Applications/STM32CubeIDE.app/Contents/Eclipse/plugins/com.st.stm32cube.ide.mcu.externaltools.gnu-tools-for-stm32.9-2020-q2-update.macos64_2.0.0.202105311346/tools/bin/../lib/gcc/arm-none-eabi/9.3.1/../../../../arm-none-eabi/lib/thumb/v7e-m+fp/hard/libm.a
LOAD /Applications/STM32CubeIDE.app/Contents/Eclipse/plugins/com.st.stm32cube.ide.mcu.externaltools.gnu-tools-for-stm32.9-2020-q2-update.macos64_2.0.0.202105311346/tools/bin/../lib/gcc/arm-none-eabi/9.3.1/thumb/v7e-m+fp/hard/libgcc.a

.debug_info     0x0000000000000000    0x12c5d
 .debug_info    0x0000000000000000     0x1863 ./Core/Src/main.o
 .debug_info    0x0000000000001863      0x394 ./Core/Src/stm32f4xx_hal_msp.o
 .debug_info    0x0000000000001bf7      0x6ed ./Core/Src/stm32f4xx_it.o
 .debug_info    0x00000000000022e4      0x5a4 ./Core/Src/system_stm32f4xx.o
 .debug_info    0x0000000000002888       0x22 ./Core/Startup/startup_stm32f407vgtx.o
 .debug_info    0x00000000000028aa      0x9b2 ./Drivers/STM32F4xx_HAL_Driver/Src/stm32f4xx_hal.o
 .debug_info    0x000000000000325c      0xed7 ./Drivers/STM32F4xx_HAL_Driver/Src/stm32f4xx_hal_cortex.o
 .debug_info    0x0000000000004133      0x83e ./Drivers/STM32F4xx_HAL_Driver/Src/stm32f4xx_hal_gpio.o
 .debug_info    0x0000000000004971     0x12dd ./Drivers/STM32F4xx_HAL_Driver/Src/stm32f4xx_hal_pcd.o
 .debug_info    0x0000000000005c4e      0x7c3 ./Drivers/STM32F4xx_HAL_Driver/Src/stm32f4xx_hal_pcd_ex.o
 .debug_info    0x0000000000006411      0x996 ./Drivers/STM32F4xx_HAL_Driver/Src/stm32f4xx_hal_rcc.o
 .debug_info    0x0000000000006da7     0x1ab4 ./Drivers/STM32F4xx_HAL_Driver/Src/stm32f4xx_ll_usb.o
 .debug_info    0x000000000000885b     0x198b ./Middlewares/ST/STM32_USB_Device_Library/Class/CDC/Src/usbd_cdc.o
 .debug_info    0x000000000000a1e6     0x13a7 ./Middlewares/ST/STM32_USB_Device_Library/Core/Src/usbd_core.o
 .debug_info    0x000000000000b58d     0x1373 ./Middlewares/ST/STM32_USB_Device_Library/Core/Src/usbd_ctlreq.o
 .debug_info    0x000000000000c900     0x1095 ./Middlewares/ST/STM32_USB_Device_Library/Core/Src/usbd_ioreq.o
 .debug_info    0x000000000000d995      0xffe ./USB_DEVICE/App/usb_device.o
 .debug_info    0x000000000000e993     0x122f ./USB_DEVICE/App/usbd_cdc_if.o
 .debug_info    0x000000000000fbc2      0xdfa ./USB_DEVICE/App/usbd_desc.o
 .debug_info    0x00000000000109bc     0x22a1 ./USB_DEVICE/Target/usbd_conf.o

.debug_abbrev   0x0000000000000000     0x2db0
 .debug_abbrev  0x0000000000000000      0x328 ./Core/Src/main.o
 .debug_abbrev  0x0000000000000328      0x11d ./Core/Src/stm32f4xx_hal_msp.o
 .debug_abbrev  0x0000000000000445      0x184 ./Core/Src/stm32f4xx_it.o
 .debug_abbrev  0x00000000000005c9      0x145 ./Core/Src/system_stm32f4xx.o
 .debug_abbrev  0x000000000000070e       0x12 ./Core/Startup/startup_stm32f407vgtx.o
 .debug_abbrev  0x0000000000000720      0x1ed ./Drivers/STM32F4xx_HAL_Driver/Src/stm32f4xx_hal.o
 .debug_abbrev  0x000000000000090d      0x33c ./Drivers/STM32F4xx_HAL_Driver/Src/stm32f4xx_hal_cortex.o
 .debug_abbrev  0x0000000000000c49      0x1f1 ./Drivers/STM32F4xx_HAL_Driver/Src/stm32f4xx_hal_gpio.o
 .debug_abbrev  0x0000000000000e3a      0x2a0 ./Drivers/STM32F4xx_HAL_Driver/Src/stm32f4xx_hal_pcd.o
 .debug_abbrev  0x00000000000010da      0x1fb ./Drivers/STM32F4xx_HAL_Driver/Src/stm32f4xx_hal_pcd_ex.o
 .debug_abbrev  0x00000000000012d5      0x275 ./Drivers/STM32F4xx_HAL_Driver/Src/stm32f4xx_hal_rcc.o
 .debug_abbrev  0x000000000000154a      0x2a7 ./Drivers/STM32F4xx_HAL_Driver/Src/stm32f4xx_ll_usb.o
 .debug_abbrev  0x00000000000017f1      0x2fc ./Middlewares/ST/STM32_USB_Device_Library/Class/CDC/Src/usbd_cdc.o
 .debug_abbrev  0x0000000000001aed      0x2b7 ./Middlewares/ST/STM32_USB_Device_Library/Core/Src/usbd_core.o
 .debug_abbrev  0x0000000000001da4      0x2fc ./Middlewares/ST/STM32_USB_Device_Library/Core/Src/usbd_ctlreq.o
 .debug_abbrev  0x00000000000020a0      0x22a ./Middlewares/ST/STM32_USB_Device_Library/Core/Src/usbd_ioreq.o
 .debug_abbrev  0x00000000000022ca      0x204 ./USB_DEVICE/App/usb_device.o
 .debug_abbrev  0x00000000000024ce      0x30c ./USB_DEVICE/App/usbd_cdc_if.o
 .debug_abbrev  0x00000000000027da      0x2aa ./USB_DEVICE/App/usbd_desc.o
 .debug_abbrev  0x0000000000002a84      0x32c ./USB_DEVICE/Target/usbd_conf.o

.debug_aranges  0x0000000000000000      0xb18
 .debug_aranges
                0x0000000000000000       0x48 ./Core/Src/main.o
 .debug_aranges
                0x0000000000000048       0x20 ./Core/Src/stm32f4xx_hal_msp.o
 .debug_aranges
                0x0000000000000068       0x70 ./Core/Src/stm32f4xx_it.o
 .debug_aranges
                0x00000000000000d8       0x28 ./Core/Src/system_stm32f4xx.o
 .debug_aranges
                0x0000000000000100       0x28 ./Core/Startup/startup_stm32f407vgtx.o
 .debug_aranges
                0x0000000000000128       0xf0 ./Drivers/STM32F4xx_HAL_Driver/Src/stm32f4xx_hal.o
 .debug_aranges
                0x0000000000000218      0x118 ./Drivers/STM32F4xx_HAL_Driver/Src/stm32f4xx_hal_cortex.o
 .debug_aranges
                0x0000000000000330       0x58 ./Drivers/STM32F4xx_HAL_Driver/Src/stm32f4xx_hal_gpio.o
 .debug_aranges
                0x0000000000000388      0x138 ./Drivers/STM32F4xx_HAL_Driver/Src/stm32f4xx_hal_pcd.o
 .debug_aranges
                0x00000000000004c0       0x38 ./Drivers/STM32F4xx_HAL_Driver/Src/stm32f4xx_hal_pcd_ex.o
 .debug_aranges
                0x00000000000004f8       0x88 ./Drivers/STM32F4xx_HAL_Driver/Src/stm32f4xx_hal_rcc.o
 .debug_aranges
                0x0000000000000580      0x198 ./Drivers/STM32F4xx_HAL_Driver/Src/stm32f4xx_ll_usb.o
 .debug_aranges
                0x0000000000000718       0x90 ./Middlewares/ST/STM32_USB_Device_Library/Class/CDC/Src/usbd_cdc.o
 .debug_aranges
                0x00000000000007a8       0xb8 ./Middlewares/ST/STM32_USB_Device_Library/Core/Src/usbd_core.o
 .debug_aranges
                0x0000000000000860       0x90 ./Middlewares/ST/STM32_USB_Device_Library/Core/Src/usbd_ctlreq.o
 .debug_aranges
                0x00000000000008f0       0x50 ./Middlewares/ST/STM32_USB_Device_Library/Core/Src/usbd_ioreq.o
 .debug_aranges
                0x0000000000000940       0x20 ./USB_DEVICE/App/usb_device.o
 .debug_aranges
                0x0000000000000960       0x48 ./USB_DEVICE/App/usbd_cdc_if.o
 .debug_aranges
                0x00000000000009a8       0x60 ./USB_DEVICE/App/usbd_desc.o
 .debug_aranges
                0x0000000000000a08      0x110 ./USB_DEVICE/Target/usbd_conf.o

.debug_ranges   0x0000000000000000      0x9e0
 .debug_ranges  0x0000000000000000       0x38 ./Core/Src/main.o
 .debug_ranges  0x0000000000000038       0x10 ./Core/Src/stm32f4xx_hal_msp.o
 .debug_ranges  0x0000000000000048       0x60 ./Core/Src/stm32f4xx_it.o
 .debug_ranges  0x00000000000000a8       0x18 ./Core/Src/system_stm32f4xx.o
 .debug_ranges  0x00000000000000c0       0x20 ./Core/Startup/startup_stm32f407vgtx.o
 .debug_ranges  0x00000000000000e0       0xe0 ./Drivers/STM32F4xx_HAL_Driver/Src/stm32f4xx_hal.o
 .debug_ranges  0x00000000000001c0      0x108 ./Drivers/STM32F4xx_HAL_Driver/Src/stm32f4xx_hal_cortex.o
 .debug_ranges  0x00000000000002c8       0x48 ./Drivers/STM32F4xx_HAL_Driver/Src/stm32f4xx_hal_gpio.o
 .debug_ranges  0x0000000000000310      0x128 ./Drivers/STM32F4xx_HAL_Driver/Src/stm32f4xx_hal_pcd.o
 .debug_ranges  0x0000000000000438       0x28 ./Drivers/STM32F4xx_HAL_Driver/Src/stm32f4xx_hal_pcd_ex.o
 .debug_ranges  0x0000000000000460       0x78 ./Drivers/STM32F4xx_HAL_Driver/Src/stm32f4xx_hal_rcc.o
 .debug_ranges  0x00000000000004d8      0x188 ./Drivers/STM32F4xx_HAL_Driver/Src/stm32f4xx_ll_usb.o
 .debug_ranges  0x0000000000000660       0x80 ./Middlewares/ST/STM32_USB_Device_Library/Class/CDC/Src/usbd_cdc.o
 .debug_ranges  0x00000000000006e0       0xa8 ./Middlewares/ST/STM32_USB_Device_Library/Core/Src/usbd_core.o
 .debug_ranges  0x0000000000000788       0x80 ./Middlewares/ST/STM32_USB_Device_Library/Core/Src/usbd_ctlreq.o
 .debug_ranges  0x0000000000000808       0x40 ./Middlewares/ST/STM32_USB_Device_Library/Core/Src/usbd_ioreq.o
 .debug_ranges  0x0000000000000848       0x10 ./USB_DEVICE/App/usb_device.o
 .debug_ranges  0x0000000000000858       0x38 ./USB_DEVICE/App/usbd_cdc_if.o
 .debug_ranges  0x0000000000000890       0x50 ./USB_DEVICE/App/usbd_desc.o
 .debug_ranges  0x00000000000008e0      0x100 ./USB_DEVICE/Target/usbd_conf.o

.debug_macro    0x0000000000000000    0x22c2e
 .debug_macro   0x0000000000000000      0x418 ./Core/Src/main.o
 .debug_macro   0x0000000000000418      0xaa8 ./Core/Src/main.o
 .debug_macro   0x0000000000000ec0      0x295 ./Core/Src/main.o
 .debug_macro   0x0000000000001155       0x2e ./Core/Src/main.o
 .debug_macro   0x0000000000001183       0x2f ./Core/Src/main.o
 .debug_macro   0x00000000000011b2       0x22 ./Core/Src/main.o
 .debug_macro   0x00000000000011d4       0x8e ./Core/Src/main.o
 .debug_macro   0x0000000000001262       0x51 ./Core/Src/main.o
 .debug_macro   0x00000000000012b3      0x103 ./Core/Src/main.o
 .debug_macro   0x00000000000013b6       0x6a ./Core/Src/main.o
 .debug_macro   0x0000000000001420      0x1df ./Core/Src/main.o
 .debug_macro   0x00000000000015ff       0x1c ./Core/Src/main.o
 .debug_macro   0x000000000000161b       0x22 ./Core/Src/main.o
 .debug_macro   0x000000000000163d       0xdf ./Core/Src/main.o
 .debug_macro   0x000000000000171c     0x102d ./Core/Src/main.o
 .debug_macro   0x0000000000002749      0x11f ./Core/Src/main.o
 .debug_macro   0x0000000000002868    0x15e58 ./Core/Src/main.o
 .debug_macro   0x00000000000186c0       0x6d ./Core/Src/main.o
 .debug_macro   0x000000000001872d     0x3666 ./Core/Src/main.o
 .debug_macro   0x000000000001bd93      0x174 ./Core/Src/main.o
 .debug_macro   0x000000000001bf07       0x5c ./Core/Src/main.o
 .debug_macro   0x000000000001bf63      0x96b ./Core/Src/main.o
 .debug_macro   0x000000000001c8ce      0x9fe ./Core/Src/main.o
 .debug_macro   0x000000000001d2cc      0x116 ./Core/Src/main.o
 .debug_macro   0x000000000001d3e2      0x13e ./Core/Src/main.o
 .debug_macro   0x000000000001d520       0xa5 ./Core/Src/main.o
 .debug_macro   0x000000000001d5c5      0x174 ./Core/Src/main.o
 .debug_macro   0x000000000001d739      0x287 ./Core/Src/main.o
 .debug_macro   0x000000000001d9c0       0x5f ./Core/Src/main.o
 .debug_macro   0x000000000001da1f      0x236 ./Core/Src/main.o
 .debug_macro   0x000000000001dc55      0x12c ./Core/Src/main.o
 .debug_macro   0x000000000001dd81      0x21e ./Core/Src/main.o
 .debug_macro   0x000000000001df9f       0x2e ./Core/Src/main.o
 .debug_macro   0x000000000001dfcd      0x11a ./Core/Src/main.o
 .debug_macro   0x000000000001e0e7       0x7e ./Core/Src/main.o
 .debug_macro   0x000000000001e165       0x89 ./Core/Src/main.o
 .debug_macro   0x000000000001e1ee      0x21e ./Core/Src/main.o
 .debug_macro   0x000000000001e40c       0xba ./Core/Src/main.o
 .debug_macro   0x000000000001e4c6      0x12d ./Core/Src/main.o
 .debug_macro   0x000000000001e5f3       0x16 ./Core/Src/main.o
 .debug_macro   0x000000000001e609       0x52 ./Core/Src/main.o
 .debug_macro   0x000000000001e65b       0x18 ./Core/Src/main.o
 .debug_macro   0x000000000001e673       0x3c ./Core/Src/main.o
 .debug_macro   0x000000000001e6af       0x34 ./Core/Src/main.o
 .debug_macro   0x000000000001e6e3       0x16 ./Core/Src/main.o
 .debug_macro   0x000000000001e6f9       0x35 ./Core/Src/main.o
 .debug_macro   0x000000000001e72e      0x333 ./Core/Src/main.o
 .debug_macro   0x000000000001ea61       0x10 ./Core/Src/main.o
 .debug_macro   0x000000000001ea71       0x16 ./Core/Src/main.o
 .debug_macro   0x000000000001ea87       0x43 ./Core/Src/main.o
 .debug_macro   0x000000000001eaca       0x34 ./Core/Src/main.o
 .debug_macro   0x000000000001eafe       0x10 ./Core/Src/main.o
 .debug_macro   0x000000000001eb0e       0x58 ./Core/Src/main.o
 .debug_macro   0x000000000001eb66       0x71 ./Core/Src/main.o
 .debug_macro   0x000000000001ebd7       0x1c ./Core/Src/main.o
 .debug_macro   0x000000000001ebf3      0x12a ./Core/Src/main.o
 .debug_macro   0x000000000001ed1d       0x10 ./Core/Src/main.o
 .debug_macro   0x000000000001ed2d       0x1c ./Core/Src/main.o
 .debug_macro   0x000000000001ed49       0x52 ./Core/Src/main.o
 .debug_macro   0x000000000001ed9b       0x22 ./Core/Src/main.o
 .debug_macro   0x000000000001edbd       0x10 ./Core/Src/main.o
 .debug_macro   0x000000000001edcd       0x40 ./Core/Src/main.o
 .debug_macro   0x000000000001ee0d       0xd5 ./Core/Src/main.o
 .debug_macro   0x000000000001eee2       0x1c ./Core/Src/main.o
 .debug_macro   0x000000000001eefe       0x3d ./Core/Src/main.o
 .debug_macro   0x000000000001ef3b       0x16 ./Core/Src/main.o
 .debug_macro   0x000000000001ef51      0x145 ./Core/Src/main.o
 .debug_macro   0x000000000001f096       0x16 ./Core/Src/main.o
 .debug_macro   0x000000000001f0ac       0x16 ./Core/Src/main.o
 .debug_macro   0x000000000001f0c2       0x29 ./Core/Src/main.o
 .debug_macro   0x000000000001f0eb       0x16 ./Core/Src/main.o
 .debug_macro   0x000000000001f101       0x20 ./Core/Src/main.o
 .debug_macro   0x000000000001f121       0x65 ./Core/Src/main.o
 .debug_macro   0x000000000001f186      0x1ef ./Core/Src/main.o
 .debug_macro   0x000000000001f375       0x95 ./Core/Src/main.o
 .debug_macro   0x000000000001f40a       0x10 ./Core/Src/main.o
 .debug_macro   0x000000000001f41a      0x1e3 ./Core/Src/stm32f4xx_hal_msp.o
 .debug_macro   0x000000000001f5fd      0x1ed ./Core/Src/stm32f4xx_it.o
 .debug_macro   0x000000000001f7ea      0x1d4 ./Core/Src/system_stm32f4xx.o
 .debug_macro   0x000000000001f9be      0x234 ./Drivers/STM32F4xx_HAL_Driver/Src/stm32f4xx_hal.o
 .debug_macro   0x000000000001fbf2      0x1d4 ./Drivers/STM32F4xx_HAL_Driver/Src/stm32f4xx_hal_cortex.o
 .debug_macro   0x000000000001fdc6      0x1da ./Drivers/STM32F4xx_HAL_Driver/Src/stm32f4xx_hal_gpio.o
 .debug_macro   0x000000000001ffa0      0x1e0 ./Drivers/STM32F4xx_HAL_Driver/Src/stm32f4xx_hal_pcd.o
 .debug_macro   0x0000000000020180      0x1d4 ./Drivers/STM32F4xx_HAL_Driver/Src/stm32f4xx_hal_pcd_ex.o
 .debug_macro   0x0000000000020354      0x1f8 ./Drivers/STM32F4xx_HAL_Driver/Src/stm32f4xx_hal_rcc.o
 .debug_macro   0x000000000002054c      0x1d4 ./Drivers/STM32F4xx_HAL_Driver/Src/stm32f4xx_ll_usb.o
 .debug_macro   0x0000000000020720      0x3f9 ./Middlewares/ST/STM32_USB_Device_Library/Class/CDC/Src/usbd_cdc.o
 .debug_macro   0x0000000000020b19       0x97 ./Middlewares/ST/STM32_USB_Device_Library/Class/CDC/Src/usbd_cdc.o
 .debug_macro   0x0000000000020bb0       0xfd ./Middlewares/ST/STM32_USB_Device_Library/Class/CDC/Src/usbd_cdc.o
 .debug_macro   0x0000000000020cad       0xd9 ./Middlewares/ST/STM32_USB_Device_Library/Class/CDC/Src/usbd_cdc.o
 .debug_macro   0x0000000000020d86       0x56 ./Middlewares/ST/STM32_USB_Device_Library/Class/CDC/Src/usbd_cdc.o
 .debug_macro   0x0000000000020ddc      0x3e0 ./Middlewares/ST/STM32_USB_Device_Library/Core/Src/usbd_core.o
 .debug_macro   0x00000000000211bc      0x1f5 ./Middlewares/ST/STM32_USB_Device_Library/Core/Src/usbd_core.o
 .debug_macro   0x00000000000213b1      0x3ea ./Middlewares/ST/STM32_USB_Device_Library/Core/Src/usbd_ctlreq.o
 .debug_macro   0x000000000002179b      0x3e6 ./Middlewares/ST/STM32_USB_Device_Library/Core/Src/usbd_ioreq.o
 .debug_macro   0x0000000000021b81      0x419 ./USB_DEVICE/App/usb_device.o
 .debug_macro   0x0000000000021f9a       0x1c ./USB_DEVICE/App/usb_device.o
 .debug_macro   0x0000000000021fb6       0x22 ./USB_DEVICE/App/usb_device.o
 .debug_macro   0x0000000000021fd8       0x16 ./USB_DEVICE/App/usb_device.o
 .debug_macro   0x0000000000021fee      0x404 ./USB_DEVICE/App/usbd_cdc_if.o
 .debug_macro   0x00000000000223f2      0x423 ./USB_DEVICE/App/usbd_desc.o
 .debug_macro   0x0000000000022815       0x1c ./USB_DEVICE/App/usbd_desc.o
 .debug_macro   0x0000000000022831      0x3fd ./USB_DEVICE/Target/usbd_conf.o

.debug_line     0x0000000000000000     0xec7b
 .debug_line    0x0000000000000000      0xc04 ./Core/Src/main.o
 .debug_line    0x0000000000000c04      0x6f4 ./Core/Src/stm32f4xx_hal_msp.o
 .debug_line    0x00000000000012f8      0x7e7 ./Core/Src/stm32f4xx_it.o
 .debug_line    0x0000000000001adf      0x776 ./Core/Src/system_stm32f4xx.o
 .debug_line    0x0000000000002255       0x88 ./Core/Startup/startup_stm32f407vgtx.o
 .debug_line    0x00000000000022dd      0x9dc ./Drivers/STM32F4xx_HAL_Driver/Src/stm32f4xx_hal.o
 .debug_line    0x0000000000002cb9      0xc8b ./Drivers/STM32F4xx_HAL_Driver/Src/stm32f4xx_hal_cortex.o
 .debug_line    0x0000000000003944      0xb52 ./Drivers/STM32F4xx_HAL_Driver/Src/stm32f4xx_hal_gpio.o
 .debug_line    0x0000000000004496     0x1329 ./Drivers/STM32F4xx_HAL_Driver/Src/stm32f4xx_hal_pcd.o
 .debug_line    0x00000000000057bf      0x7bf ./Drivers/STM32F4xx_HAL_Driver/Src/stm32f4xx_hal_pcd_ex.o
 .debug_line    0x0000000000005f7e      0xd58 ./Drivers/STM32F4xx_HAL_Driver/Src/stm32f4xx_hal_rcc.o
 .debug_line    0x0000000000006cd6     0x196b ./Drivers/STM32F4xx_HAL_Driver/Src/stm32f4xx_ll_usb.o
 .debug_line    0x0000000000008641      0xdce ./Middlewares/ST/STM32_USB_Device_Library/Class/CDC/Src/usbd_cdc.o
 .debug_line    0x000000000000940f      0xe51 ./Middlewares/ST/STM32_USB_Device_Library/Core/Src/usbd_core.o
 .debug_line    0x000000000000a260     0x10d1 ./Middlewares/ST/STM32_USB_Device_Library/Core/Src/usbd_ctlreq.o
 .debug_line    0x000000000000b331      0xaa8 ./Middlewares/ST/STM32_USB_Device_Library/Core/Src/usbd_ioreq.o
 .debug_line    0x000000000000bdd9      0xa64 ./USB_DEVICE/App/usb_device.o
 .debug_line    0x000000000000c83d      0xac7 ./USB_DEVICE/App/usbd_cdc_if.o
 .debug_line    0x000000000000d304      0xb2d ./USB_DEVICE/App/usbd_desc.o
 .debug_line    0x000000000000de31      0xe4a ./USB_DEVICE/Target/usbd_conf.o

.debug_str      0x0000000000000000    0xc3e49
 .debug_str     0x0000000000000000    0xc135c ./Core/Src/main.o
                                      0xc1791 (size before relaxing)
 .debug_str     0x00000000000c135c       0x2c ./Core/Src/stm32f4xx_hal_msp.o
                                      0xbbca8 (size before relaxing)
 .debug_str     0x00000000000c1388      0x438 ./Core/Src/stm32f4xx_it.o
                                      0xbbffc (size before relaxing)
 .debug_str     0x00000000000c17c0       0xaf ./Core/Src/system_stm32f4xx.o
                                      0xbbcd1 (size before relaxing)
 .debug_str     0x00000000000c186f       0x36 ./Core/Startup/startup_stm32f407vgtx.o
                                         0x77 (size before relaxing)
 .debug_str     0x00000000000c18a5      0x583 ./Drivers/STM32F4xx_HAL_Driver/Src/stm32f4xx_hal.o
                                      0xbc7b3 (size before relaxing)
 .debug_str     0x00000000000c1e28      0x3a5 ./Drivers/STM32F4xx_HAL_Driver/Src/stm32f4xx_hal_cortex.o
                                      0xbc5a2 (size before relaxing)
 .debug_str     0x00000000000c21cd      0x15b ./Drivers/STM32F4xx_HAL_Driver/Src/stm32f4xx_hal_gpio.o
                                      0xbbe78 (size before relaxing)
 .debug_str     0x00000000000c2328      0x564 ./Drivers/STM32F4xx_HAL_Driver/Src/stm32f4xx_hal_pcd.o
                                      0xbc4bb (size before relaxing)
 .debug_str     0x00000000000c288c      0x13f ./Drivers/STM32F4xx_HAL_Driver/Src/stm32f4xx_hal_pcd_ex.o
                                      0xbc086 (size before relaxing)
 .debug_str     0x00000000000c29cb      0x259 ./Drivers/STM32F4xx_HAL_Driver/Src/stm32f4xx_hal_rcc.o
                                      0xbc0d3 (size before relaxing)
 .debug_str     0x00000000000c2c24      0x6a0 ./Drivers/STM32F4xx_HAL_Driver/Src/stm32f4xx_ll_usb.o
                                      0xbc5f2 (size before relaxing)
 .debug_str     0x00000000000c32c4      0x2aa ./Middlewares/ST/STM32_USB_Device_Library/Class/CDC/Src/usbd_cdc.o
                                      0xc14ef (size before relaxing)
 .debug_str     0x00000000000c356e      0x1a2 ./Middlewares/ST/STM32_USB_Device_Library/Core/Src/usbd_core.o
                                      0xc0d7b (size before relaxing)
 .debug_str     0x00000000000c3710      0x152 ./Middlewares/ST/STM32_USB_Device_Library/Core/Src/usbd_ctlreq.o
                                      0xc0d39 (size before relaxing)
 .debug_str     0x00000000000c3862       0xc9 ./Middlewares/ST/STM32_USB_Device_Library/Core/Src/usbd_ioreq.o
                                      0xc0c89 (size before relaxing)
 .debug_str     0x00000000000c392b       0xc2 ./USB_DEVICE/App/usb_device.o
                                      0xc1018 (size before relaxing)
 .debug_str     0x00000000000c39ed       0x9a ./USB_DEVICE/App/usbd_cdc_if.o
                                      0xc106a (size before relaxing)
 .debug_str     0x00000000000c3a87      0x26e ./USB_DEVICE/App/usbd_desc.o
                                      0xc0bdb (size before relaxing)
 .debug_str     0x00000000000c3cf5      0x154 ./USB_DEVICE/Target/usbd_conf.o
                                      0xc1c19 (size before relaxing)

.comment        0x0000000000000000       0x53
 .comment       0x0000000000000000       0x53 ./Core/Src/main.o
                                         0x54 (size before relaxing)
 .comment       0x0000000000000053       0x54 ./Core/Src/stm32f4xx_hal_msp.o
 .comment       0x0000000000000053       0x54 ./Core/Src/stm32f4xx_it.o
 .comment       0x0000000000000053       0x54 ./Core/Src/system_stm32f4xx.o
 .comment       0x0000000000000053       0x54 ./Drivers/STM32F4xx_HAL_Driver/Src/stm32f4xx_hal.o
 .comment       0x0000000000000053       0x54 ./Drivers/STM32F4xx_HAL_Driver/Src/stm32f4xx_hal_cortex.o
 .comment       0x0000000000000053       0x54 ./Drivers/STM32F4xx_HAL_Driver/Src/stm32f4xx_hal_gpio.o
 .comment       0x0000000000000053       0x54 ./Drivers/STM32F4xx_HAL_Driver/Src/stm32f4xx_hal_pcd.o
 .comment       0x0000000000000053       0x54 ./Drivers/STM32F4xx_HAL_Driver/Src/stm32f4xx_hal_pcd_ex.o
 .comment       0x0000000000000053       0x54 ./Drivers/STM32F4xx_HAL_Driver/Src/stm32f4xx_hal_rcc.o
 .comment       0x0000000000000053       0x54 ./Drivers/STM32F4xx_HAL_Driver/Src/stm32f4xx_ll_usb.o
 .comment       0x0000000000000053       0x54 ./Middlewares/ST/STM32_USB_Device_Library/Class/CDC/Src/usbd_cdc.o
 .comment       0x0000000000000053       0x54 ./Middlewares/ST/STM32_USB_Device_Library/Core/Src/usbd_core.o
 .comment       0x0000000000000053       0x54 ./Middlewares/ST/STM32_USB_Device_Library/Core/Src/usbd_ctlreq.o
 .comment       0x0000000000000053       0x54 ./Middlewares/ST/STM32_USB_Device_Library/Core/Src/usbd_ioreq.o
 .comment       0x0000000000000053       0x54 ./USB_DEVICE/App/usb_device.o
 .comment       0x0000000000000053       0x54 ./USB_DEVICE/App/usbd_cdc_if.o
 .comment       0x0000000000000053       0x54 ./USB_DEVICE/App/usbd_desc.o
 .comment       0x0000000000000053       0x54 ./USB_DEVICE/Target/usbd_conf.o

.debug_frame    0x0000000000000000     0x2bc8
 .debug_frame   0x0000000000000000       0xdc ./Core/Src/main.o
 .debug_frame   0x00000000000000dc       0x38 ./Core/Src/stm32f4xx_hal_msp.o
 .debug_frame   0x0000000000000114      0x13c ./Core/Src/stm32f4xx_it.o
 .debug_frame   0x0000000000000250       0x58 ./Core/Src/system_stm32f4xx.o
 .debug_frame   0x00000000000002a8      0x374 ./Drivers/STM32F4xx_HAL_Driver/Src/stm32f4xx_hal.o
 .debug_frame   0x000000000000061c      0x498 ./Drivers/STM32F4xx_HAL_Driver/Src/stm32f4xx_hal_cortex.o
 .debug_frame   0x0000000000000ab4      0x14c ./Drivers/STM32F4xx_HAL_Driver/Src/stm32f4xx_hal_gpio.o
 .debug_frame   0x0000000000000c00      0x574 ./Drivers/STM32F4xx_HAL_Driver/Src/stm32f4xx_hal_pcd.o
 .debug_frame   0x0000000000001174       0xb0 ./Drivers/STM32F4xx_HAL_Driver/Src/stm32f4xx_hal_pcd_ex.o
 .debug_frame   0x0000000000001224      0x1f0 ./Drivers/STM32F4xx_HAL_Driver/Src/stm32f4xx_hal_rcc.o
 .debug_frame   0x0000000000001414      0x798 ./Drivers/STM32F4xx_HAL_Driver/Src/stm32f4xx_ll_usb.o
 .debug_frame   0x0000000000001bac      0x248 ./Middlewares/ST/STM32_USB_Device_Library/Class/CDC/Src/usbd_cdc.o
 .debug_frame   0x0000000000001df4      0x2f4 ./Middlewares/ST/STM32_USB_Device_Library/Core/Src/usbd_core.o
 .debug_frame   0x00000000000020e8      0x23c ./Middlewares/ST/STM32_USB_Device_Library/Core/Src/usbd_ctlreq.o
 .debug_frame   0x0000000000002324      0x10c ./Middlewares/ST/STM32_USB_Device_Library/Core/Src/usbd_ioreq.o
 .debug_frame   0x0000000000002430       0x2c ./USB_DEVICE/App/usb_device.o
 .debug_frame   0x000000000000245c       0xe4 ./USB_DEVICE/App/usbd_cdc_if.o
 .debug_frame   0x0000000000002540      0x160 ./USB_DEVICE/App/usbd_desc.o
 .debug_frame   0x00000000000026a0      0x47c ./USB_DEVICE/Target/usbd_conf.o
 .debug_frame   0x0000000000002b1c       0x2c /Applications/STM32CubeIDE.app/Contents/Eclipse/plugins/com.st.stm32cube.ide.mcu.externaltools.gnu-tools-for-stm32.9-2020-q2-update.macos64_2.0.0.202105311346/tools/bin/../lib/gcc/arm-none-eabi/9.3.1/../../../../arm-none-eabi/lib/thumb/v7e-m+fp/hard/libc_nano.a(lib_a-init.o)
 .debug_frame   0x0000000000002b48       0x20 /Applications/STM32CubeIDE.app/Contents/Eclipse/plugins/com.st.stm32cube.ide.mcu.externaltools.gnu-tools-for-stm32.9-2020-q2-update.macos64_2.0.0.202105311346/tools/bin/../lib/gcc/arm-none-eabi/9.3.1/../../../../arm-none-eabi/lib/thumb/v7e-m+fp/hard/libc_nano.a(lib_a-memset.o)
 .debug_frame   0x0000000000002b68       0x2c /Applications/STM32CubeIDE.app/Contents/Eclipse/plugins/com.st.stm32cube.ide.mcu.externaltools.gnu-tools-for-stm32.9-2020-q2-update.macos64_2.0.0.202105311346/tools/bin/../lib/gcc/arm-none-eabi/9.3.1/thumb/v7e-m+fp/hard/libgcc.a(_aeabi_uldivmod.o)
 .debug_frame   0x0000000000002b94       0x34 /Applications/STM32CubeIDE.app/Contents/Eclipse/plugins/com.st.stm32cube.ide.mcu.externaltools.gnu-tools-for-stm32.9-2020-q2-update.macos64_2.0.0.202105311346/tools/bin/../lib/gcc/arm-none-eabi/9.3.1/thumb/v7e-m+fp/hard/libgcc.a(_udivmoddi4.o)